2026-09-03T11:51:08+00:00 START method=RS-SA-RE search_seed=1010 repeat_seed=1801010 surrogate_seed=901010 population_size=20 tournament_size=5 budget=60 candidate_count=5 lambda=1.0
2026-09-03T11:53:32+00:00 [1/60] initialization event=first_evaluation base_eval=1 accuracy=0.753400 inserted=True
2026-09-03T11:56:06+00:00 [2/60] initialization event=first_evaluation base_eval=2 accuracy=0.776800 inserted=True
2026-09-03T11:58:30+00:00 [3/60] initialization event=first_evaluation base_eval=3 accuracy=0.750600 inserted=True
2026-09-03T12:00:45+00:00 [4/60] initialization event=first_evaluation base_eval=4 accuracy=0.729400 inserted=True
2026-09-03T12:03:37+00:00 [5/60] initialization event=first_evaluation base_eval=5 accuracy=0.655200 inserted=True
2026-09-03T12:05:59+00:00 [6/60] initialization event=first_evaluation base_eval=6 accuracy=0.710600 inserted=True
2026-09-03T12:08:09+00:00 [7/60] initialization event=first_evaluation base_eval=7 accuracy=0.730000 inserted=True
2026-09-03T12:10:12+00:00 [8/60] initialization event=first_evaluation base_eval=8 accuracy=0.763800 inserted=True
2026-09-03T12:13:01+00:00 [9/60] initialization event=first_evaluation base_eval=9 accuracy=0.763000 inserted=True
2026-09-03T12:15:13+00:00 [10/60] initialization event=first_evaluation base_eval=10 accuracy=0.796600 inserted=True
2026-09-03T12:17:15+00:00 [11/60] initialization event=first_evaluation base_eval=11 accuracy=0.787000 inserted=True
2026-09-03T12:19:45+00:00 [12/60] initialization event=first_evaluation base_eval=12 accuracy=0.761800 inserted=True
2026-09-03T12:22:16+00:00 [13/60] initialization event=first_evaluation base_eval=13 accuracy=0.752800 inserted=True
2026-09-03T12:24:43+00:00 [14/60] initialization event=first_evaluation base_eval=14 accuracy=0.801400 inserted=True
2026-09-03T12:27:21+00:00 [15/60] initialization event=first_evaluation base_eval=15 accuracy=0.681800 inserted=True
2026-09-03T12:30:03+00:00 [16/60] initialization event=first_evaluation base_eval=16 accuracy=0.743200 inserted=True
2026-09-03T12:32:11+00:00 [17/60] initialization event=first_evaluation base_eval=17 accuracy=0.753800 inserted=True
2026-09-03T12:34:22+00:00 [18/60] initialization event=first_evaluation base_eval=18 accuracy=0.806000 inserted=True
2026-09-03T12:37:20+00:00 [19/60] initialization event=first_evaluation base_eval=19 accuracy=0.665000 inserted=True
2026-09-03T12:39:33+00:00 [20/60] initialization event=first_evaluation base_eval=20 accuracy=0.746600 inserted=True
2026-09-03T12:41:54+00:00 [Repeat]
2026-09-03T12:41:54+00:00 base_eval=1 seed1=20260827 acc1=0.753400
2026-09-03T12:41:54+00:00 seed2=21260827 acc2=0.754800
2026-09-03T12:41:54+00:00 mean_target=0.754100 instability=0.001400
2026-09-03T12:41:54+00:00 budget=21/60 population unchanged
2026-09-03T12:41:54+00:00 [21/60] warmup_repeat event=repeat_evaluation base_eval=1 accuracy=0.754800 inserted=False
2026-09-03T12:44:07+00:00 [Repeat]
2026-09-03T12:44:07+00:00 base_eval=4 seed1=20260830 acc1=0.729400
2026-09-03T12:44:07+00:00 seed2=21260830 acc2=0.744600
2026-09-03T12:44:07+00:00 mean_target=0.737000 instability=0.015200
2026-09-03T12:44:07+00:00 budget=22/60 population unchanged
2026-09-03T12:44:07+00:00 [22/60] warmup_repeat event=repeat_evaluation base_eval=4 accuracy=0.744600 inserted=False
2026-09-03T12:46:10+00:00 [Repeat]
2026-09-03T12:46:10+00:00 base_eval=8 seed1=20260834 acc1=0.763800
2026-09-03T12:46:10+00:00 seed2=21260834 acc2=0.785000
2026-09-03T12:46:10+00:00 mean_target=0.774400 instability=0.021200
2026-09-03T12:46:10+00:00 budget=23/60 population unchanged
2026-09-03T12:46:10+00:00 [23/60] warmup_repeat event=repeat_evaluation base_eval=8 accuracy=0.785000 inserted=False
2026-09-03T12:48:52+00:00 [Repeat]
2026-09-03T12:48:52+00:00 base_eval=16 seed1=20260842 acc1=0.743200
2026-09-03T12:48:52+00:00 seed2=21260842 acc2=0.759400
2026-09-03T12:48:52+00:00 mean_target=0.751300 instability=0.016200
2026-09-03T12:48:52+00:00 budget=24/60 population unchanged
2026-09-03T12:48:52+00:00 [24/60] warmup_repeat event=repeat_evaluation base_eval=16 accuracy=0.759400 inserted=False
2026-09-03T12:48:52+00:00 [Surrogate training]
2026-09-03T12:48:52+00:00 training_size=20 paired_label_count=4
2026-09-03T12:48:52+00:00 mu_target: min=0.655200 max=0.806000 mean=0.747790 std=0.041158
2026-09-03T12:48:52+00:00 d_target: min=0.001400 max=0.021200 mean=0.013500 std=0.007346
2026-09-03T12:48:52+00:00 training_loss=0.00058218 mean_mse=0.00000023 instability_mse=0.00058194
2026-09-03T12:48:52+00:00 [Surrogate prediction]
2026-09-03T12:48:52+00:00 predicted_mu: min=0.780519 max=0.796098 mean=0.787312 std=0.005071
2026-09-03T12:48:52+00:00 predicted_d: min=0.131019 max=0.145010 mean=0.138068 std=0.005889
2026-09-03T12:50:55+00:00 [RS-SA-RE budget 25 / first eval 21]
2026-09-03T12:50:55+00:00 Candidate 0: mu_hat=0.796098 d_hat=0.133243 lambda=1.000000 score=0.662854
2026-09-03T12:50:55+00:00 Candidate 1: mu_hat=0.787458 d_hat=0.145010 lambda=1.000000 score=0.642448
2026-09-03T12:50:55+00:00 Candidate 2: mu_hat=0.785027 d_hat=0.136058 lambda=1.000000 score=0.648970
2026-09-03T12:50:55+00:00 Candidate 3: mu_hat=0.780519 d_hat=0.131019 lambda=1.000000 score=0.649500
2026-09-03T12:50:55+00:00 Candidate 4: mu_hat=0.787458 d_hat=0.145010 lambda=1.000000 score=0.642448
2026-09-03T12:50:55+00:00 Selected: candidate 0
2026-09-03T12:50:55+00:00 [25/60] evolution event=first_evaluation base_eval=21 accuracy=0.780800 inserted=True
2026-09-03T12:50:55+00:00 [Surrogate training]
2026-09-03T12:50:55+00:00 training_size=21 paired_label_count=4
2026-09-03T12:50:55+00:00 mu_target: min=0.655200 max=0.806000 mean=0.749362 std=0.040777
2026-09-03T12:50:55+00:00 d_target: min=0.001400 max=0.021200 mean=0.013500 std=0.007346
2026-09-03T12:50:55+00:00 training_loss=0.00057397 mean_mse=0.00000394 instability_mse=0.00057003
2026-09-03T12:50:55+00:00 [Surrogate prediction]
2026-09-03T12:50:55+00:00 predicted_mu: min=0.748071 max=0.803453 mean=0.778029 std=0.018365
2026-09-03T12:50:55+00:00 predicted_d: min=0.130293 max=0.159611 mean=0.145752 std=0.011148
2026-09-03T12:53:23+00:00 [RS-SA-RE budget 26 / first eval 22]
2026-09-03T12:53:23+00:00 Candidate 0: mu_hat=0.771313 d_hat=0.130293 lambda=1.000000 score=0.641020
2026-09-03T12:53:23+00:00 Candidate 1: mu_hat=0.787784 d_hat=0.159611 lambda=1.000000 score=0.628173
2026-09-03T12:53:23+00:00 Candidate 2: mu_hat=0.748071 d_hat=0.135691 lambda=1.000000 score=0.612380
2026-09-03T12:53:23+00:00 Candidate 3: mu_hat=0.779526 d_hat=0.148334 lambda=1.000000 score=0.631193
2026-09-03T12:53:23+00:00 Candidate 4: mu_hat=0.803453 d_hat=0.154833 lambda=1.000000 score=0.648619
2026-09-03T12:53:23+00:00 Selected: candidate 4
2026-09-03T12:53:23+00:00 [26/60] evolution event=first_evaluation base_eval=22 accuracy=0.758200 inserted=True
2026-09-03T12:53:23+00:00 [Surrogate training]
2026-09-03T12:53:23+00:00 training_size=22 paired_label_count=4
2026-09-03T12:53:23+00:00 mu_target: min=0.655200 max=0.806000 mean=0.749764 std=0.039882
2026-09-03T12:53:23+00:00 d_target: min=0.001400 max=0.021200 mean=0.013500 std=0.007346
2026-09-03T12:53:23+00:00 training_loss=0.00057916 mean_mse=0.00002293 instability_mse=0.00055623
2026-09-03T12:53:23+00:00 [Surrogate prediction]
2026-09-03T12:53:23+00:00 predicted_mu: min=0.787691 max=0.805856 mean=0.799264 std=0.006456
2026-09-03T12:53:23+00:00 predicted_d: min=0.107728 max=0.118863 mean=0.115181 std=0.003855
2026-09-03T12:55:48+00:00 [RS-SA-RE budget 27 / first eval 23]
2026-09-03T12:55:48+00:00 Candidate 0: mu_hat=0.787691 d_hat=0.107728 lambda=1.000000 score=0.679963
2026-09-03T12:55:48+00:00 Candidate 1: mu_hat=0.799225 d_hat=0.115971 lambda=1.000000 score=0.683254
2026-09-03T12:55:48+00:00 Candidate 2: mu_hat=0.798738 d_hat=0.118863 lambda=1.000000 score=0.679875
2026-09-03T12:55:48+00:00 Candidate 3: mu_hat=0.805856 d_hat=0.116410 lambda=1.000000 score=0.689446
2026-09-03T12:55:48+00:00 Candidate 4: mu_hat=0.804809 d_hat=0.116934 lambda=1.000000 score=0.687875
2026-09-03T12:55:48+00:00 Selected: candidate 3
2026-09-03T12:55:48+00:00 [27/60] evolution event=first_evaluation base_eval=23 accuracy=0.809200 inserted=True
2026-09-03T12:55:48+00:00 [Surrogate training]
2026-09-03T12:55:48+00:00 training_size=23 paired_label_count=4
2026-09-03T12:55:48+00:00 mu_target: min=0.655200 max=0.809200 mean=0.752348 std=0.040845
2026-09-03T12:55:48+00:00 d_target: min=0.001400 max=0.021200 mean=0.013500 std=0.007346
2026-09-03T12:55:48+00:00 training_loss=0.00057566 mean_mse=0.00002299 instability_mse=0.00055267
2026-09-03T12:55:48+00:00 [Surrogate prediction]
2026-09-03T12:55:48+00:00 predicted_mu: min=0.783477 max=0.801565 mean=0.792940 std=0.006112
2026-09-03T12:55:48+00:00 predicted_d: min=0.112358 max=0.133516 mean=0.123862 std=0.008254
2026-09-03T12:58:14+00:00 [RS-SA-RE budget 28 / first eval 24]
2026-09-03T12:58:14+00:00 Candidate 0: mu_hat=0.801565 d_hat=0.129230 lambda=1.000000 score=0.672336
2026-09-03T12:58:14+00:00 Candidate 1: mu_hat=0.793383 d_hat=0.133516 lambda=1.000000 score=0.659867
2026-09-03T12:58:14+00:00 Candidate 2: mu_hat=0.783477 d_hat=0.115774 lambda=1.000000 score=0.667703
2026-09-03T12:58:14+00:00 Candidate 3: mu_hat=0.789778 d_hat=0.112358 lambda=1.000000 score=0.677421
2026-09-03T12:58:14+00:00 Candidate 4: mu_hat=0.796496 d_hat=0.128435 lambda=1.000000 score=0.668062
2026-09-03T12:58:14+00:00 Selected: candidate 3
2026-09-03T12:58:14+00:00 [28/60] evolution event=first_evaluation base_eval=24 accuracy=0.800000 inserted=True
2026-09-03T13:00:56+00:00 [Repeat]
2026-09-03T13:00:56+00:00 base_eval=12 seed1=20260838 acc1=0.761800
2026-09-03T13:00:56+00:00 seed2=21260838 acc2=0.753000
2026-09-03T13:00:56+00:00 mean_target=0.757400 instability=0.008800
2026-09-03T13:00:56+00:00 budget=29/60 population unchanged
2026-09-03T13:00:56+00:00 [29/60] periodic_repeat event=repeat_evaluation base_eval=12 accuracy=0.753000 inserted=False
2026-09-03T13:00:56+00:00 [Surrogate training]
2026-09-03T13:00:56+00:00 training_size=24 paired_label_count=5
2026-09-03T13:00:56+00:00 mu_target: min=0.655200 max=0.809200 mean=0.754150 std=0.041079
2026-09-03T13:00:56+00:00 d_target: min=0.001400 max=0.021200 mean=0.012560 std=0.006835
2026-09-03T13:00:56+00:00 training_loss=0.00051153 mean_mse=0.00002094 instability_mse=0.00049058
2026-09-03T13:00:56+00:00 [Surrogate prediction]
2026-09-03T13:00:56+00:00 predicted_mu: min=0.781625 max=0.818487 mean=0.804548 std=0.012613
2026-09-03T13:00:56+00:00 predicted_d: min=0.116681 max=0.125407 mean=0.120994 std=0.003166
2026-09-03T13:03:23+00:00 [RS-SA-RE budget 30 / first eval 25]
2026-09-03T13:03:23+00:00 Candidate 0: mu_hat=0.818487 d_hat=0.123756 lambda=1.000000 score=0.694731
2026-09-03T13:03:23+00:00 Candidate 1: mu_hat=0.809387 d_hat=0.119163 lambda=1.000000 score=0.690225
2026-09-03T13:03:23+00:00 Candidate 2: mu_hat=0.801947 d_hat=0.116681 lambda=1.000000 score=0.685266
2026-09-03T13:03:23+00:00 Candidate 3: mu_hat=0.811295 d_hat=0.119961 lambda=1.000000 score=0.691334
2026-09-03T13:03:23+00:00 Candidate 4: mu_hat=0.781625 d_hat=0.125407 lambda=1.000000 score=0.656218
2026-09-03T13:03:23+00:00 Selected: candidate 0
2026-09-03T13:03:23+00:00 [30/60] evolution event=first_evaluation base_eval=25 accuracy=0.799000 inserted=True
2026-09-03T13:03:23+00:00 [Surrogate training]
2026-09-03T13:03:23+00:00 training_size=25 paired_label_count=5
2026-09-03T13:03:23+00:00 mu_target: min=0.655200 max=0.809200 mean=0.755944 std=0.041198
2026-09-03T13:03:23+00:00 d_target: min=0.001400 max=0.021200 mean=0.012560 std=0.006835
2026-09-03T13:03:23+00:00 training_loss=0.00052366 mean_mse=0.00002432 instability_mse=0.00049934
2026-09-03T13:03:23+00:00 [Surrogate prediction]
2026-09-03T13:03:23+00:00 predicted_mu: min=0.767733 max=0.784294 mean=0.777827 std=0.005848
2026-09-03T13:03:23+00:00 predicted_d: min=0.110016 max=0.133011 mean=0.123448 std=0.007640
2026-09-03T13:05:46+00:00 [RS-SA-RE budget 31 / first eval 26]
2026-09-03T13:05:46+00:00 Candidate 0: mu_hat=0.780989 d_hat=0.126320 lambda=1.000000 score=0.654669
2026-09-03T13:05:46+00:00 Candidate 1: mu_hat=0.780989 d_hat=0.126320 lambda=1.000000 score=0.654669
2026-09-03T13:05:46+00:00 Candidate 2: mu_hat=0.775129 d_hat=0.121573 lambda=1.000000 score=0.653556
2026-09-03T13:05:46+00:00 Candidate 3: mu_hat=0.784294 d_hat=0.110016 lambda=1.000000 score=0.674278
2026-09-03T13:05:46+00:00 Candidate 4: mu_hat=0.767733 d_hat=0.133011 lambda=1.000000 score=0.634722
2026-09-03T13:05:46+00:00 Selected: candidate 3
2026-09-03T13:05:46+00:00 [31/60] evolution event=first_evaluation base_eval=26 accuracy=0.788400 inserted=True
2026-09-03T13:05:46+00:00 [Surrogate training]
2026-09-03T13:05:46+00:00 training_size=26 paired_label_count=5
2026-09-03T13:05:46+00:00 mu_target: min=0.655200 max=0.809200 mean=0.757192 std=0.040877
2026-09-03T13:05:46+00:00 d_target: min=0.001400 max=0.021200 mean=0.012560 std=0.006835
2026-09-03T13:05:46+00:00 training_loss=0.00052433 mean_mse=0.00002187 instability_mse=0.00050246
2026-09-03T13:05:46+00:00 [Surrogate prediction]
2026-09-03T13:05:46+00:00 predicted_mu: min=0.778632 max=0.821341 mean=0.799882 std=0.015339
2026-09-03T13:05:46+00:00 predicted_d: min=0.119868 max=0.132145 mean=0.125264 std=0.004750
2026-09-03T13:08:01+00:00 [RS-SA-RE budget 32 / first eval 27]
2026-09-03T13:08:01+00:00 Candidate 0: mu_hat=0.821341 d_hat=0.129634 lambda=1.000000 score=0.691706
2026-09-03T13:08:01+00:00 Candidate 1: mu_hat=0.778632 d_hat=0.132145 lambda=1.000000 score=0.646486
2026-09-03T13:08:01+00:00 Candidate 2: mu_hat=0.813076 d_hat=0.122128 lambda=1.000000 score=0.690948
2026-09-03T13:08:01+00:00 Candidate 3: mu_hat=0.792697 d_hat=0.122545 lambda=1.000000 score=0.670152
2026-09-03T13:08:01+00:00 Candidate 4: mu_hat=0.793665 d_hat=0.119868 lambda=1.000000 score=0.673797
2026-09-03T13:08:01+00:00 Selected: candidate 0
2026-09-03T13:08:01+00:00 [32/60] evolution event=first_evaluation base_eval=27 accuracy=0.811600 inserted=True
2026-09-03T13:08:01+00:00 [Surrogate training]
2026-09-03T13:08:01+00:00 training_size=27 paired_label_count=5
2026-09-03T13:08:01+00:00 mu_target: min=0.655200 max=0.811600 mean=0.759207 std=0.041408
2026-09-03T13:08:01+00:00 d_target: min=0.001400 max=0.021200 mean=0.012560 std=0.006835
2026-09-03T13:08:01+00:00 training_loss=0.00052413 mean_mse=0.00002440 instability_mse=0.00049973
2026-09-03T13:08:01+00:00 [Surrogate prediction]
2026-09-03T13:08:01+00:00 predicted_mu: min=0.760157 max=0.776348 mean=0.767348 std=0.005456
2026-09-03T13:08:01+00:00 predicted_d: min=0.126738 max=0.139031 mean=0.131939 std=0.004400
2026-09-03T13:10:16+00:00 [RS-SA-RE budget 33 / first eval 28]
2026-09-03T13:10:16+00:00 Candidate 0: mu_hat=0.764245 d_hat=0.126738 lambda=1.000000 score=0.637507
2026-09-03T13:10:16+00:00 Candidate 1: mu_hat=0.760157 d_hat=0.139031 lambda=1.000000 score=0.621125
2026-09-03T13:10:16+00:00 Candidate 2: mu_hat=0.769676 d_hat=0.128098 lambda=1.000000 score=0.641578
2026-09-03T13:10:16+00:00 Candidate 3: mu_hat=0.766313 d_hat=0.131728 lambda=1.000000 score=0.634585
2026-09-03T13:10:16+00:00 Candidate 4: mu_hat=0.776348 d_hat=0.134102 lambda=1.000000 score=0.642246
2026-09-03T13:10:16+00:00 Selected: candidate 4
2026-09-03T13:10:16+00:00 [33/60] evolution event=first_evaluation base_eval=28 accuracy=0.810800 inserted=True
2026-09-03T13:12:43+00:00 [Repeat]
2026-09-03T13:12:43+00:00 base_eval=25 seed1=20260851 acc1=0.799000
2026-09-03T13:12:43+00:00 seed2=21260851 acc2=0.801200
2026-09-03T13:12:43+00:00 mean_target=0.800100 instability=0.002200
2026-09-03T13:12:43+00:00 budget=34/60 population unchanged
2026-09-03T13:12:43+00:00 [34/60] periodic_repeat event=repeat_evaluation base_eval=25 accuracy=0.801200 inserted=False
2026-09-03T13:12:43+00:00 [Surrogate training]
2026-09-03T13:12:43+00:00 training_size=28 paired_label_count=6
2026-09-03T13:12:43+00:00 mu_target: min=0.655200 max=0.811600 mean=0.761089 std=0.041810
2026-09-03T13:12:43+00:00 d_target: min=0.001400 max=0.021200 mean=0.010833 std=0.007337
2026-09-03T13:12:43+00:00 training_loss=0.00056948 mean_mse=0.00003041 instability_mse=0.00053907
2026-09-03T13:12:43+00:00 [Surrogate prediction]
2026-09-03T13:12:43+00:00 predicted_mu: min=0.783843 max=0.800107 mean=0.792898 std=0.006181
2026-09-03T13:12:43+00:00 predicted_d: min=0.069854 max=0.076619 mean=0.072994 std=0.002327
2026-09-03T13:15:22+00:00 [RS-SA-RE budget 35 / first eval 29]
2026-09-03T13:15:22+00:00 Candidate 0: mu_hat=0.800107 d_hat=0.076619 lambda=1.000000 score=0.723488
2026-09-03T13:15:22+00:00 Candidate 1: mu_hat=0.790549 d_hat=0.074442 lambda=1.000000 score=0.716107
2026-09-03T13:15:22+00:00 Candidate 2: mu_hat=0.783843 d_hat=0.069854 lambda=1.000000 score=0.713989
2026-09-03T13:15:22+00:00 Candidate 3: mu_hat=0.799618 d_hat=0.071788 lambda=1.000000 score=0.727830
2026-09-03T13:15:22+00:00 Candidate 4: mu_hat=0.790375 d_hat=0.072268 lambda=1.000000 score=0.718108
2026-09-03T13:15:22+00:00 Selected: candidate 3
2026-09-03T13:15:22+00:00 [35/60] evolution event=first_evaluation base_eval=29 accuracy=0.794800 inserted=True
2026-09-03T13:15:22+00:00 [Surrogate training]
2026-09-03T13:15:22+00:00 training_size=29 paired_label_count=6
2026-09-03T13:15:22+00:00 mu_target: min=0.655200 max=0.811600 mean=0.762252 std=0.041541
2026-09-03T13:15:22+00:00 d_target: min=0.001400 max=0.021200 mean=0.010833 std=0.007337
2026-09-03T13:15:22+00:00 training_loss=0.00057680 mean_mse=0.00003546 instability_mse=0.00054134
2026-09-03T13:15:22+00:00 [Surrogate prediction]
2026-09-03T13:15:22+00:00 predicted_mu: min=0.759454 max=0.811181 mean=0.786619 std=0.016528
2026-09-03T13:15:22+00:00 predicted_d: min=0.036436 max=0.040784 mean=0.039690 std=0.001636
2026-09-03T13:18:00+00:00 [RS-SA-RE budget 36 / first eval 30]
2026-09-03T13:18:00+00:00 Candidate 0: mu_hat=0.759454 d_hat=0.040784 lambda=1.000000 score=0.718671
2026-09-03T13:18:00+00:00 Candidate 1: mu_hat=0.784307 d_hat=0.040446 lambda=1.000000 score=0.743861
2026-09-03T13:18:00+00:00 Candidate 2: mu_hat=0.787171 d_hat=0.040245 lambda=1.000000 score=0.746927
2026-09-03T13:18:00+00:00 Candidate 3: mu_hat=0.790983 d_hat=0.040540 lambda=1.000000 score=0.750442
2026-09-03T13:18:00+00:00 Candidate 4: mu_hat=0.811181 d_hat=0.036436 lambda=1.000000 score=0.774745
2026-09-03T13:18:00+00:00 Selected: candidate 4
2026-09-03T13:18:00+00:00 [36/60] evolution event=first_evaluation base_eval=30 accuracy=0.778600 inserted=True
2026-09-03T13:18:00+00:00 [Surrogate training]
2026-09-03T13:18:00+00:00 training_size=30 paired_label_count=6
2026-09-03T13:18:00+00:00 mu_target: min=0.655200 max=0.811600 mean=0.762797 std=0.040948
2026-09-03T13:18:00+00:00 d_target: min=0.001400 max=0.021200 mean=0.010833 std=0.007337
2026-09-03T13:18:00+00:00 training_loss=0.00057845 mean_mse=0.00004221 instability_mse=0.00053624
2026-09-03T13:18:00+00:00 [Surrogate prediction]
2026-09-03T13:18:00+00:00 predicted_mu: min=0.794980 max=0.826734 mean=0.813869 std=0.011551
2026-09-03T13:18:00+00:00 predicted_d: min=0.041464 max=0.043186 mean=0.041930 std=0.000643
2026-09-03T13:20:03+00:00 [RS-SA-RE budget 37 / first eval 31]
2026-09-03T13:20:03+00:00 Candidate 0: mu_hat=0.811173 d_hat=0.041464 lambda=1.000000 score=0.769710
2026-09-03T13:20:03+00:00 Candidate 1: mu_hat=0.826734 d_hat=0.043186 lambda=1.000000 score=0.783548
2026-09-03T13:20:03+00:00 Candidate 2: mu_hat=0.825283 d_hat=0.041714 lambda=1.000000 score=0.783570
2026-09-03T13:20:03+00:00 Candidate 3: mu_hat=0.794980 d_hat=0.041822 lambda=1.000000 score=0.753158
2026-09-03T13:20:03+00:00 Candidate 4: mu_hat=0.811173 d_hat=0.041464 lambda=1.000000 score=0.769710
2026-09-03T13:20:03+00:00 Selected: candidate 2
2026-09-03T13:20:03+00:00 [37/60] evolution event=first_evaluation base_eval=31 accuracy=0.805800 inserted=True
2026-09-03T13:20:04+00:00 [Surrogate training]
2026-09-03T13:20:04+00:00 training_size=31 paired_label_count=6
2026-09-03T13:20:04+00:00 mu_target: min=0.655200 max=0.811600 mean=0.764184 std=0.040992
2026-09-03T13:20:04+00:00 d_target: min=0.001400 max=0.021200 mean=0.010833 std=0.007337
2026-09-03T13:20:04+00:00 training_loss=0.00058586 mean_mse=0.00004445 instability_mse=0.00054141
2026-09-03T13:20:04+00:00 [Surrogate prediction]
2026-09-03T13:20:04+00:00 predicted_mu: min=0.783765 max=0.800326 mean=0.792679 std=0.005294
2026-09-03T13:20:04+00:00 predicted_d: min=0.114939 max=0.128923 mean=0.122556 std=0.004710
2026-09-03T13:22:04+00:00 [RS-SA-RE budget 38 / first eval 32]
2026-09-03T13:22:04+00:00 Candidate 0: mu_hat=0.793731 d_hat=0.114939 lambda=1.000000 score=0.678792
2026-09-03T13:22:04+00:00 Candidate 1: mu_hat=0.792053 d_hat=0.128923 lambda=1.000000 score=0.663130
2026-09-03T13:22:04+00:00 Candidate 2: mu_hat=0.793522 d_hat=0.124425 lambda=1.000000 score=0.669096
2026-09-03T13:22:04+00:00 Candidate 3: mu_hat=0.783765 d_hat=0.120166 lambda=1.000000 score=0.663600
2026-09-03T13:22:04+00:00 Candidate 4: mu_hat=0.800326 d_hat=0.124327 lambda=1.000000 score=0.675999
2026-09-03T13:22:04+00:00 Selected: candidate 0
2026-09-03T13:22:04+00:00 [38/60] evolution event=first_evaluation base_eval=32 accuracy=0.793200 inserted=True
2026-09-03T13:24:53+00:00 [Repeat]
2026-09-03T13:24:53+00:00 base_eval=9 seed1=20260835 acc1=0.763000
2026-09-03T13:24:53+00:00 seed2=21260835 acc2=0.764000
2026-09-03T13:24:53+00:00 mean_target=0.763500 instability=0.001000
2026-09-03T13:24:53+00:00 budget=39/60 population unchanged
2026-09-03T13:24:53+00:00 [39/60] periodic_repeat event=repeat_evaluation base_eval=9 accuracy=0.764000 inserted=False
2026-09-03T13:24:53+00:00 [Surrogate training]
2026-09-03T13:24:53+00:00 training_size=32 paired_label_count=7
2026-09-03T13:24:53+00:00 mu_target: min=0.655200 max=0.811600 mean=0.765106 std=0.040661
2026-09-03T13:24:53+00:00 d_target: min=0.001000 max=0.021200 mean=0.009429 std=0.007615
2026-09-03T13:24:53+00:00 training_loss=0.00078155 mean_mse=0.00004824 instability_mse=0.00073331
2026-09-03T13:24:53+00:00 [Surrogate prediction]
2026-09-03T13:24:53+00:00 predicted_mu: min=0.772128 max=0.808450 mean=0.792634 std=0.012706
2026-09-03T13:24:53+00:00 predicted_d: min=0.069633 max=0.072635 mean=0.070731 std=0.001013
2026-09-03T13:27:20+00:00 [RS-SA-RE budget 40 / first eval 33]
2026-09-03T13:27:20+00:00 Candidate 0: mu_hat=0.784932 d_hat=0.070258 lambda=1.000000 score=0.714675
2026-09-03T13:27:20+00:00 Candidate 1: mu_hat=0.808450 d_hat=0.070464 lambda=1.000000 score=0.737986
2026-09-03T13:27:20+00:00 Candidate 2: mu_hat=0.799306 d_hat=0.072635 lambda=1.000000 score=0.726671
2026-09-03T13:27:20+00:00 Candidate 3: mu_hat=0.798352 d_hat=0.069633 lambda=1.000000 score=0.728719
2026-09-03T13:27:20+00:00 Candidate 4: mu_hat=0.772128 d_hat=0.070667 lambda=1.000000 score=0.701461
2026-09-03T13:27:20+00:00 Selected: candidate 1
2026-09-03T13:27:20+00:00 [40/60] evolution event=first_evaluation base_eval=33 accuracy=0.791600 inserted=True
2026-09-03T13:27:21+00:00 [Surrogate training]
2026-09-03T13:27:21+00:00 training_size=33 paired_label_count=7
2026-09-03T13:27:21+00:00 mu_target: min=0.655200 max=0.811600 mean=0.765909 std=0.040297
2026-09-03T13:27:21+00:00 d_target: min=0.001000 max=0.021200 mean=0.009429 std=0.007615
2026-09-03T13:27:21+00:00 training_loss=0.00078427 mean_mse=0.00005463 instability_mse=0.00072963
2026-09-03T13:27:21+00:00 [Surrogate prediction]
2026-09-03T13:27:21+00:00 predicted_mu: min=0.764145 max=0.791552 mean=0.776030 std=0.009169
2026-09-03T13:27:21+00:00 predicted_d: min=0.077157 max=0.082433 mean=0.080507 std=0.001875
2026-09-03T13:29:48+00:00 [RS-SA-RE budget 41 / first eval 34]
2026-09-03T13:29:48+00:00 Candidate 0: mu_hat=0.771046 d_hat=0.080209 lambda=1.000000 score=0.690837
2026-09-03T13:29:48+00:00 Candidate 1: mu_hat=0.779196 d_hat=0.082433 lambda=1.000000 score=0.696763
2026-09-03T13:29:48+00:00 Candidate 2: mu_hat=0.774212 d_hat=0.077157 lambda=1.000000 score=0.697055
2026-09-03T13:29:48+00:00 Candidate 3: mu_hat=0.791552 d_hat=0.082102 lambda=1.000000 score=0.709450
2026-09-03T13:29:48+00:00 Candidate 4: mu_hat=0.764145 d_hat=0.080632 lambda=1.000000 score=0.683513
2026-09-03T13:29:48+00:00 Selected: candidate 3
2026-09-03T13:29:48+00:00 [41/60] evolution event=first_evaluation base_eval=34 accuracy=0.795800 inserted=True
2026-09-03T13:29:48+00:00 [Surrogate training]
2026-09-03T13:29:48+00:00 training_size=34 paired_label_count=7
2026-09-03T13:29:48+00:00 mu_target: min=0.655200 max=0.811600 mean=0.766788 std=0.040020
2026-09-03T13:29:48+00:00 d_target: min=0.001000 max=0.021200 mean=0.009429 std=0.007615
2026-09-03T13:29:48+00:00 training_loss=0.00077726 mean_mse=0.00005278 instability_mse=0.00072448
2026-09-03T13:29:48+00:00 [Surrogate prediction]
2026-09-03T13:29:48+00:00 predicted_mu: min=0.809468 max=0.821989 mean=0.815831 std=0.004776
2026-09-03T13:29:48+00:00 predicted_d: min=0.042774 max=0.046951 mean=0.045360 std=0.001460
2026-09-03T13:31:40+00:00 [RS-SA-RE budget 42 / first eval 35]
2026-09-03T13:31:40+00:00 Candidate 0: mu_hat=0.815020 d_hat=0.046179 lambda=1.000000 score=0.768841
2026-09-03T13:31:40+00:00 Candidate 1: mu_hat=0.809468 d_hat=0.042774 lambda=1.000000 score=0.766694
2026-09-03T13:31:40+00:00 Candidate 2: mu_hat=0.820491 d_hat=0.046951 lambda=1.000000 score=0.773540
2026-09-03T13:31:40+00:00 Candidate 3: mu_hat=0.821989 d_hat=0.046064 lambda=1.000000 score=0.775924
2026-09-03T13:31:40+00:00 Candidate 4: mu_hat=0.812186 d_hat=0.044832 lambda=1.000000 score=0.767354
2026-09-03T13:31:40+00:00 Selected: candidate 3
2026-09-03T13:31:40+00:00 [42/60] evolution event=first_evaluation base_eval=35 accuracy=0.790200 inserted=True
2026-09-03T13:31:40+00:00 [Surrogate training]
2026-09-03T13:31:40+00:00 training_size=35 paired_label_count=7
2026-09-03T13:31:40+00:00 mu_target: min=0.655200 max=0.811600 mean=0.767457 std=0.039636
2026-09-03T13:31:40+00:00 d_target: min=0.001000 max=0.021200 mean=0.009429 std=0.007615
2026-09-03T13:31:40+00:00 training_loss=0.00078952 mean_mse=0.00006415 instability_mse=0.00072537
2026-09-03T13:31:40+00:00 [Surrogate prediction]
2026-09-03T13:31:40+00:00 predicted_mu: min=0.790705 max=0.816027 mean=0.804507 std=0.008150
2026-09-03T13:31:40+00:00 predicted_d: min=0.047037 max=0.048542 mean=0.047745 std=0.000577
2026-09-03T13:33:42+00:00 [RS-SA-RE budget 43 / first eval 36]
2026-09-03T13:33:42+00:00 Candidate 0: mu_hat=0.806567 d_hat=0.048074 lambda=1.000000 score=0.758493
2026-09-03T13:33:42+00:00 Candidate 1: mu_hat=0.790705 d_hat=0.048542 lambda=1.000000 score=0.742162
2026-09-03T13:33:42+00:00 Candidate 2: mu_hat=0.816027 d_hat=0.047942 lambda=1.000000 score=0.768085
2026-09-03T13:33:42+00:00 Candidate 3: mu_hat=0.803094 d_hat=0.047129 lambda=1.000000 score=0.755965
2026-09-03T13:33:42+00:00 Candidate 4: mu_hat=0.806142 d_hat=0.047037 lambda=1.000000 score=0.759105
2026-09-03T13:33:42+00:00 Selected: candidate 2
2026-09-03T13:33:42+00:00 [43/60] evolution event=first_evaluation base_eval=36 accuracy=0.822800 inserted=True
2026-09-03T13:36:02+00:00 [Repeat]
2026-09-03T13:36:02+00:00 base_eval=22 seed1=20260848 acc1=0.758200
2026-09-03T13:36:02+00:00 seed2=21260848 acc2=0.760600
2026-09-03T13:36:02+00:00 mean_target=0.759400 instability=0.002400
2026-09-03T13:36:02+00:00 budget=44/60 population unchanged
2026-09-03T13:36:02+00:00 [44/60] periodic_repeat event=repeat_evaluation base_eval=22 accuracy=0.760600 inserted=False
2026-09-03T13:36:02+00:00 [Surrogate training]
2026-09-03T13:36:02+00:00 training_size=36 paired_label_count=8
2026-09-03T13:36:02+00:00 mu_target: min=0.655200 max=0.822800 mean=0.769028 std=0.040117
2026-09-03T13:36:02+00:00 d_target: min=0.001000 max=0.021200 mean=0.008550 std=0.007492
2026-09-03T13:36:02+00:00 training_loss=0.00086907 mean_mse=0.00004422 instability_mse=0.00082485
2026-09-03T13:36:02+00:00 [Surrogate prediction]
2026-09-03T13:36:02+00:00 predicted_mu: min=0.771127 max=0.806038 mean=0.786897 std=0.011267
2026-09-03T13:36:02+00:00 predicted_d: min=0.043570 max=0.048860 mean=0.045548 std=0.002265
2026-09-03T13:38:01+00:00 [RS-SA-RE budget 45 / first eval 37]
2026-09-03T13:38:01+00:00 Candidate 0: mu_hat=0.788844 d_hat=0.043589 lambda=1.000000 score=0.745255
2026-09-03T13:38:01+00:00 Candidate 1: mu_hat=0.785165 d_hat=0.044024 lambda=1.000000 score=0.741141
2026-09-03T13:38:01+00:00 Candidate 2: mu_hat=0.783314 d_hat=0.047694 lambda=1.000000 score=0.735620
2026-09-03T13:38:01+00:00 Candidate 3: mu_hat=0.771127 d_hat=0.048860 lambda=1.000000 score=0.722267
2026-09-03T13:38:01+00:00 Candidate 4: mu_hat=0.806038 d_hat=0.043570 lambda=1.000000 score=0.762467
2026-09-03T13:38:01+00:00 Selected: candidate 4
2026-09-03T13:38:01+00:00 [45/60] evolution event=first_evaluation base_eval=37 accuracy=0.823000 inserted=True
2026-09-03T13:38:01+00:00 [Surrogate training]
2026-09-03T13:38:01+00:00 training_size=37 paired_label_count=8
2026-09-03T13:38:01+00:00 mu_target: min=0.655200 max=0.823000 mean=0.770486 std=0.040528
2026-09-03T13:38:01+00:00 d_target: min=0.001000 max=0.021200 mean=0.008550 std=0.007492
2026-09-03T13:38:01+00:00 training_loss=0.00086020 mean_mse=0.00004242 instability_mse=0.00081778
2026-09-03T13:38:01+00:00 [Surrogate prediction]
2026-09-03T13:38:01+00:00 predicted_mu: min=0.796358 max=0.822285 mean=0.813283 std=0.009537
2026-09-03T13:38:01+00:00 predicted_d: min=0.048641 max=0.055081 mean=0.051491 std=0.002214
2026-09-03T13:40:05+00:00 [RS-SA-RE budget 46 / first eval 38]
2026-09-03T13:40:05+00:00 Candidate 0: mu_hat=0.810691 d_hat=0.055081 lambda=1.000000 score=0.755610
2026-09-03T13:40:05+00:00 Candidate 1: mu_hat=0.822285 d_hat=0.051861 lambda=1.000000 score=0.770425
2026-09-03T13:40:05+00:00 Candidate 2: mu_hat=0.796358 d_hat=0.049767 lambda=1.000000 score=0.746591
2026-09-03T13:40:05+00:00 Candidate 3: mu_hat=0.814986 d_hat=0.048641 lambda=1.000000 score=0.766345
2026-09-03T13:40:05+00:00 Candidate 4: mu_hat=0.822096 d_hat=0.052106 lambda=1.000000 score=0.769990
2026-09-03T13:40:05+00:00 Selected: candidate 1
2026-09-03T13:40:06+00:00 [46/60] evolution event=first_evaluation base_eval=38 accuracy=0.822000 inserted=True
2026-09-03T13:40:06+00:00 [Surrogate training]
2026-09-03T13:40:06+00:00 training_size=38 paired_label_count=8
2026-09-03T13:40:06+00:00 mu_target: min=0.655200 max=0.823000 mean=0.771842 std=0.040832
2026-09-03T13:40:06+00:00 d_target: min=0.001000 max=0.021200 mean=0.008550 std=0.007492
2026-09-03T13:40:06+00:00 training_loss=0.00085329 mean_mse=0.00004262 instability_mse=0.00081067
2026-09-03T13:40:06+00:00 [Surrogate prediction]
2026-09-03T13:40:06+00:00 predicted_mu: min=0.801410 max=0.835151 mean=0.815496 std=0.013763
2026-09-03T13:40:06+00:00 predicted_d: min=0.049737 max=0.055058 mean=0.051458 std=0.001858
2026-09-03T13:42:06+00:00 [RS-SA-RE budget 47 / first eval 39]
2026-09-03T13:42:06+00:00 Candidate 0: mu_hat=0.803971 d_hat=0.050973 lambda=1.000000 score=0.752998
2026-09-03T13:42:06+00:00 Candidate 1: mu_hat=0.801410 d_hat=0.050498 lambda=1.000000 score=0.750912
2026-09-03T13:42:06+00:00 Candidate 2: mu_hat=0.828766 d_hat=0.051026 lambda=1.000000 score=0.777740
2026-09-03T13:42:06+00:00 Candidate 3: mu_hat=0.808182 d_hat=0.055058 lambda=1.000000 score=0.753124
2026-09-03T13:42:06+00:00 Candidate 4: mu_hat=0.835151 d_hat=0.049737 lambda=1.000000 score=0.785414
2026-09-03T13:42:06+00:00 Selected: candidate 4
2026-09-03T13:42:06+00:00 [47/60] evolution event=first_evaluation base_eval=39 accuracy=0.814600 inserted=True
2026-09-03T13:42:06+00:00 [Surrogate training]
2026-09-03T13:42:06+00:00 training_size=39 paired_label_count=8
2026-09-03T13:42:06+00:00 mu_target: min=0.655200 max=0.823000 mean=0.772938 std=0.040868
2026-09-03T13:42:06+00:00 d_target: min=0.001000 max=0.021200 mean=0.008550 std=0.007492
2026-09-03T13:42:06+00:00 training_loss=0.00084999 mean_mse=0.00004705 instability_mse=0.00080294
2026-09-03T13:42:06+00:00 [Surrogate prediction]
2026-09-03T13:42:06+00:00 predicted_mu: min=0.802877 max=0.818886 mean=0.810357 std=0.005617
2026-09-03T13:42:06+00:00 predicted_d: min=0.050162 max=0.052699 mean=0.051391 std=0.000860
2026-09-03T13:44:09+00:00 [RS-SA-RE budget 48 / first eval 40]
2026-09-03T13:44:09+00:00 Candidate 0: mu_hat=0.806465 d_hat=0.051701 lambda=1.000000 score=0.754764
2026-09-03T13:44:09+00:00 Candidate 1: mu_hat=0.813998 d_hat=0.052699 lambda=1.000000 score=0.761299
2026-09-03T13:44:09+00:00 Candidate 2: mu_hat=0.809559 d_hat=0.050805 lambda=1.000000 score=0.758755
2026-09-03T13:44:09+00:00 Candidate 3: mu_hat=0.802877 d_hat=0.051589 lambda=1.000000 score=0.751288
2026-09-03T13:44:09+00:00 Candidate 4: mu_hat=0.818886 d_hat=0.050162 lambda=1.000000 score=0.768724
2026-09-03T13:44:09+00:00 Selected: candidate 4
2026-09-03T13:44:09+00:00 [48/60] evolution event=first_evaluation base_eval=40 accuracy=0.818400 inserted=True
2026-09-03T13:46:02+00:00 [Repeat]
2026-09-03T13:46:02+00:00 base_eval=35 seed1=20260861 acc1=0.790200
2026-09-03T13:46:02+00:00 seed2=21260861 acc2=0.800200
2026-09-03T13:46:02+00:00 mean_target=0.795200 instability=0.010000
2026-09-03T13:46:02+00:00 budget=49/60 population unchanged
2026-09-03T13:46:02+00:00 [49/60] periodic_repeat event=repeat_evaluation base_eval=35 accuracy=0.800200 inserted=False
2026-09-03T13:46:03+00:00 [Surrogate training]
2026-09-03T13:46:03+00:00 training_size=40 paired_label_count=9
2026-09-03T13:46:03+00:00 mu_target: min=0.655200 max=0.823000 mean=0.774200 std=0.041030
2026-09-03T13:46:03+00:00 d_target: min=0.001000 max=0.021200 mean=0.008711 std=0.007079
2026-09-03T13:46:03+00:00 training_loss=0.00080866 mean_mse=0.00004006 instability_mse=0.00076860
2026-09-03T13:46:03+00:00 [Surrogate prediction]
2026-09-03T13:46:03+00:00 predicted_mu: min=0.778408 max=0.798193 mean=0.790645 std=0.007321
2026-09-03T13:46:03+00:00 predicted_d: min=0.038322 max=0.042362 mean=0.040156 std=0.001324
2026-09-03T13:48:14+00:00 [RS-SA-RE budget 50 / first eval 41]
2026-09-03T13:48:14+00:00 Candidate 0: mu_hat=0.778408 d_hat=0.042362 lambda=1.000000 score=0.736046
2026-09-03T13:48:14+00:00 Candidate 1: mu_hat=0.792952 d_hat=0.038322 lambda=1.000000 score=0.754630
2026-09-03T13:48:14+00:00 Candidate 2: mu_hat=0.798193 d_hat=0.040202 lambda=1.000000 score=0.757991
2026-09-03T13:48:14+00:00 Candidate 3: mu_hat=0.796988 d_hat=0.039476 lambda=1.000000 score=0.757512
2026-09-03T13:48:14+00:00 Candidate 4: mu_hat=0.786685 d_hat=0.040419 lambda=1.000000 score=0.746265
2026-09-03T13:48:14+00:00 Selected: candidate 2
2026-09-03T13:48:14+00:00 [50/60] evolution event=first_evaluation base_eval=41 accuracy=0.798600 inserted=True
2026-09-03T13:48:14+00:00 [Surrogate training]
2026-09-03T13:48:14+00:00 training_size=41 paired_label_count=9
2026-09-03T13:48:14+00:00 mu_target: min=0.655200 max=0.823000 mean=0.774795 std=0.040701
2026-09-03T13:48:14+00:00 d_target: min=0.001000 max=0.021200 mean=0.008711 std=0.007079
2026-09-03T13:48:14+00:00 training_loss=0.00077578 mean_mse=0.00003728 instability_mse=0.00073850
2026-09-03T13:48:14+00:00 [Surrogate prediction]
2026-09-03T13:48:14+00:00 predicted_mu: min=0.822680 max=0.837645 mean=0.830232 std=0.005909
2026-09-03T13:48:14+00:00 predicted_d: min=0.039934 max=0.042933 mean=0.041386 std=0.001051
2026-09-03T13:50:16+00:00 [RS-SA-RE budget 51 / first eval 42]
2026-09-03T13:50:16+00:00 Candidate 0: mu_hat=0.827787 d_hat=0.041085 lambda=1.000000 score=0.786702
2026-09-03T13:50:16+00:00 Candidate 1: mu_hat=0.822680 d_hat=0.040816 lambda=1.000000 score=0.781865
2026-09-03T13:50:16+00:00 Candidate 2: mu_hat=0.836685 d_hat=0.042933 lambda=1.000000 score=0.793751
2026-09-03T13:50:16+00:00 Candidate 3: mu_hat=0.837645 d_hat=0.042164 lambda=1.000000 score=0.795481
2026-09-03T13:50:16+00:00 Candidate 4: mu_hat=0.826362 d_hat=0.039934 lambda=1.000000 score=0.786428
2026-09-03T13:50:16+00:00 Selected: candidate 3
2026-09-03T13:50:16+00:00 [51/60] evolution event=first_evaluation base_eval=42 accuracy=0.810400 inserted=True
2026-09-03T13:50:16+00:00 [Surrogate training]
2026-09-03T13:50:16+00:00 training_size=42 paired_label_count=9
2026-09-03T13:50:16+00:00 mu_target: min=0.655200 max=0.823000 mean=0.775643 std=0.040578
2026-09-03T13:50:16+00:00 d_target: min=0.001000 max=0.021200 mean=0.008711 std=0.007079
2026-09-03T13:50:16+00:00 training_loss=0.00077357 mean_mse=0.00004255 instability_mse=0.00073103
2026-09-03T13:50:16+00:00 [Surrogate prediction]
2026-09-03T13:50:16+00:00 predicted_mu: min=0.808283 max=0.825308 mean=0.816011 std=0.006163
2026-09-03T13:50:16+00:00 predicted_d: min=0.042705 max=0.047297 mean=0.044265 std=0.001694
2026-09-03T13:52:18+00:00 [RS-SA-RE budget 52 / first eval 43]
2026-09-03T13:52:18+00:00 Candidate 0: mu_hat=0.825308 d_hat=0.044917 lambda=1.000000 score=0.780391
2026-09-03T13:52:18+00:00 Candidate 1: mu_hat=0.811417 d_hat=0.043346 lambda=1.000000 score=0.768071
2026-09-03T13:52:18+00:00 Candidate 2: mu_hat=0.820530 d_hat=0.042705 lambda=1.000000 score=0.777825
2026-09-03T13:52:18+00:00 Candidate 3: mu_hat=0.814517 d_hat=0.043059 lambda=1.000000 score=0.771458
2026-09-03T13:52:18+00:00 Candidate 4: mu_hat=0.808283 d_hat=0.047297 lambda=1.000000 score=0.760986
2026-09-03T13:52:18+00:00 Selected: candidate 0
2026-09-03T13:52:18+00:00 [52/60] evolution event=first_evaluation base_eval=43 accuracy=0.820200 inserted=True
2026-09-03T13:52:18+00:00 [Surrogate training]
2026-09-03T13:52:18+00:00 training_size=43 paired_label_count=9
2026-09-03T13:52:18+00:00 mu_target: min=0.655200 max=0.823000 mean=0.776679 std=0.040662
2026-09-03T13:52:18+00:00 d_target: min=0.001000 max=0.021200 mean=0.008711 std=0.007079
2026-09-03T13:52:18+00:00 training_loss=0.00078260 mean_mse=0.00004271 instability_mse=0.00073989
2026-09-03T13:52:18+00:00 [Surrogate prediction]
2026-09-03T13:52:18+00:00 predicted_mu: min=0.780930 max=0.814837 mean=0.799111 std=0.012507
2026-09-03T13:52:18+00:00 predicted_d: min=0.040595 max=0.042269 mean=0.041336 std=0.000643
2026-09-03T13:54:10+00:00 [RS-SA-RE budget 53 / first eval 44]
2026-09-03T13:54:10+00:00 Candidate 0: mu_hat=0.814837 d_hat=0.042269 lambda=1.000000 score=0.772568
2026-09-03T13:54:10+00:00 Candidate 1: mu_hat=0.780930 d_hat=0.041205 lambda=1.000000 score=0.739725
2026-09-03T13:54:10+00:00 Candidate 2: mu_hat=0.805436 d_hat=0.041867 lambda=1.000000 score=0.763569
2026-09-03T13:54:10+00:00 Candidate 3: mu_hat=0.806031 d_hat=0.040746 lambda=1.000000 score=0.765285
2026-09-03T13:54:10+00:00 Candidate 4: mu_hat=0.788322 d_hat=0.040595 lambda=1.000000 score=0.747727
2026-09-03T13:54:10+00:00 Selected: candidate 0
2026-09-03T13:54:10+00:00 [53/60] evolution event=first_evaluation base_eval=44 accuracy=0.813800 inserted=True
2026-09-03T13:56:12+00:00 [Repeat]
2026-09-03T13:56:12+00:00 base_eval=11 seed1=20260837 acc1=0.787000
2026-09-03T13:56:12+00:00 seed2=21260837 acc2=0.792600
2026-09-03T13:56:12+00:00 mean_target=0.789800 instability=0.005600
2026-09-03T13:56:12+00:00 budget=54/60 population unchanged
2026-09-03T13:56:12+00:00 [54/60] periodic_repeat event=repeat_evaluation base_eval=11 accuracy=0.792600 inserted=False
2026-09-03T13:56:12+00:00 [Surrogate training]
2026-09-03T13:56:12+00:00 training_size=44 paired_label_count=10
2026-09-03T13:56:12+00:00 mu_target: min=0.655200 max=0.823000 mean=0.777586 std=0.040593
2026-09-03T13:56:12+00:00 d_target: min=0.001000 max=0.021200 mean=0.008400 std=0.006780
2026-09-03T13:56:12+00:00 training_loss=0.00078087 mean_mse=0.00004520 instability_mse=0.00073568
2026-09-03T13:56:12+00:00 [Surrogate prediction]
2026-09-03T13:56:12+00:00 predicted_mu: min=0.810057 max=0.832949 mean=0.820159 std=0.007712
2026-09-03T13:56:12+00:00 predicted_d: min=0.033104 max=0.037219 mean=0.034904 std=0.001675
2026-09-03T13:58:12+00:00 [RS-SA-RE budget 55 / first eval 45]
2026-09-03T13:58:12+00:00 Candidate 0: mu_hat=0.815003 d_hat=0.033104 lambda=1.000000 score=0.781899
2026-09-03T13:58:12+00:00 Candidate 1: mu_hat=0.832949 d_hat=0.033190 lambda=1.000000 score=0.799759
2026-09-03T13:58:12+00:00 Candidate 2: mu_hat=0.810057 d_hat=0.037219 lambda=1.000000 score=0.772838
2026-09-03T13:58:12+00:00 Candidate 3: mu_hat=0.822417 d_hat=0.036442 lambda=1.000000 score=0.785975
2026-09-03T13:58:12+00:00 Candidate 4: mu_hat=0.820370 d_hat=0.034564 lambda=1.000000 score=0.785805
2026-09-03T13:58:12+00:00 Selected: candidate 1
2026-09-03T13:58:12+00:00 [55/60] evolution event=first_evaluation base_eval=45 accuracy=0.811600 inserted=True
2026-09-03T13:58:12+00:00 [Surrogate training]
2026-09-03T13:58:12+00:00 training_size=45 paired_label_count=10
2026-09-03T13:58:12+00:00 mu_target: min=0.655200 max=0.823000 mean=0.778342 std=0.040452
2026-09-03T13:58:12+00:00 d_target: min=0.001000 max=0.021200 mean=0.008400 std=0.006780
2026-09-03T13:58:12+00:00 training_loss=0.00076353 mean_mse=0.00005337 instability_mse=0.00071016
2026-09-03T13:58:12+00:00 [Surrogate prediction]
2026-09-03T13:58:12+00:00 predicted_mu: min=0.791796 max=0.818131 mean=0.800438 std=0.009860
2026-09-03T13:58:12+00:00 predicted_d: min=0.043019 max=0.047616 mean=0.045093 std=0.001695
2026-09-03T14:00:14+00:00 [RS-SA-RE budget 56 / first eval 46]
2026-09-03T14:00:14+00:00 Candidate 0: mu_hat=0.795942 d_hat=0.044914 lambda=1.000000 score=0.751028
2026-09-03T14:00:14+00:00 Candidate 1: mu_hat=0.818131 d_hat=0.046306 lambda=1.000000 score=0.771825
2026-09-03T14:00:14+00:00 Candidate 2: mu_hat=0.803982 d_hat=0.043019 lambda=1.000000 score=0.760963
2026-09-03T14:00:14+00:00 Candidate 3: mu_hat=0.792340 d_hat=0.047616 lambda=1.000000 score=0.744723
2026-09-03T14:00:14+00:00 Candidate 4: mu_hat=0.791796 d_hat=0.043611 lambda=1.000000 score=0.748185
2026-09-03T14:00:14+00:00 Selected: candidate 1
2026-09-03T14:00:14+00:00 [56/60] evolution event=first_evaluation base_eval=46 accuracy=0.804600 inserted=True
2026-09-03T14:00:14+00:00 [Surrogate training]
2026-09-03T14:00:14+00:00 training_size=46 paired_label_count=10
2026-09-03T14:00:14+00:00 mu_target: min=0.655200 max=0.823000 mean=0.778913 std=0.040192
2026-09-03T14:00:14+00:00 d_target: min=0.001000 max=0.021200 mean=0.008400 std=0.006780
2026-09-03T14:00:14+00:00 training_loss=0.00075757 mean_mse=0.00005424 instability_mse=0.00070333
2026-09-03T14:00:14+00:00 [Surrogate prediction]
2026-09-03T14:00:14+00:00 predicted_mu: min=0.776144 max=0.821656 mean=0.803892 std=0.015072
2026-09-03T14:00:14+00:00 predicted_d: min=0.043926 max=0.046312 mean=0.044990 std=0.001058
2026-09-03T14:02:19+00:00 [RS-SA-RE budget 57 / first eval 47]
2026-09-03T14:02:19+00:00 Candidate 0: mu_hat=0.821656 d_hat=0.043926 lambda=1.000000 score=0.777730
2026-09-03T14:02:19+00:00 Candidate 1: mu_hat=0.810350 d_hat=0.044204 lambda=1.000000 score=0.766146
2026-09-03T14:02:19+00:00 Candidate 2: mu_hat=0.776144 d_hat=0.046312 lambda=1.000000 score=0.729832
2026-09-03T14:02:19+00:00 Candidate 3: mu_hat=0.804551 d_hat=0.046244 lambda=1.000000 score=0.758307
2026-09-03T14:02:19+00:00 Candidate 4: mu_hat=0.806760 d_hat=0.044266 lambda=1.000000 score=0.762494
2026-09-03T14:02:19+00:00 Selected: candidate 0
2026-09-03T14:02:19+00:00 [57/60] evolution event=first_evaluation base_eval=47 accuracy=0.822400 inserted=True
2026-09-03T14:02:19+00:00 [Surrogate training]
2026-09-03T14:02:19+00:00 training_size=47 paired_label_count=10
2026-09-03T14:02:19+00:00 mu_target: min=0.655200 max=0.823000 mean=0.779838 std=0.040255
2026-09-03T14:02:19+00:00 d_target: min=0.001000 max=0.021200 mean=0.008400 std=0.006780
2026-09-03T14:02:19+00:00 training_loss=0.00076437 mean_mse=0.00005331 instability_mse=0.00071105
2026-09-03T14:02:19+00:00 [Surrogate prediction]
2026-09-03T14:02:19+00:00 predicted_mu: min=0.795399 max=0.823307 mean=0.808110 std=0.010456
2026-09-03T14:02:19+00:00 predicted_d: min=0.044507 max=0.048377 mean=0.046768 std=0.001451
2026-09-03T14:04:20+00:00 [RS-SA-RE budget 58 / first eval 48]
2026-09-03T14:04:20+00:00 Candidate 0: mu_hat=0.801837 d_hat=0.048261 lambda=1.000000 score=0.753576
2026-09-03T14:04:20+00:00 Candidate 1: mu_hat=0.823307 d_hat=0.044507 lambda=1.000000 score=0.778800
2026-09-03T14:04:20+00:00 Candidate 2: mu_hat=0.817337 d_hat=0.045998 lambda=1.000000 score=0.771339
2026-09-03T14:04:20+00:00 Candidate 3: mu_hat=0.795399 d_hat=0.048377 lambda=1.000000 score=0.747022
2026-09-03T14:04:20+00:00 Candidate 4: mu_hat=0.802671 d_hat=0.046697 lambda=1.000000 score=0.755974
2026-09-03T14:04:20+00:00 Selected: candidate 1
2026-09-03T14:04:20+00:00 [58/60] evolution event=first_evaluation base_eval=48 accuracy=0.817400 inserted=True
2026-09-03T14:06:58+00:00 [Repeat]
2026-09-03T14:06:58+00:00 base_eval=15 seed1=20260841 acc1=0.681800
2026-09-03T14:06:58+00:00 seed2=21260841 acc2=0.680400
2026-09-03T14:06:58+00:00 mean_target=0.681100 instability=0.001400
2026-09-03T14:06:58+00:00 budget=59/60 population unchanged
2026-09-03T14:06:58+00:00 [59/60] periodic_repeat event=repeat_evaluation base_eval=15 accuracy=0.680400 inserted=False
2026-09-03T14:06:58+00:00 [Surrogate training]
2026-09-03T14:06:58+00:00 training_size=48 paired_label_count=11
2026-09-03T14:06:58+00:00 mu_target: min=0.655200 max=0.823000 mean=0.780606 std=0.040229
2026-09-03T14:06:58+00:00 d_target: min=0.001000 max=0.021200 mean=0.007764 std=0.006770
2026-09-03T14:06:58+00:00 training_loss=0.00081345 mean_mse=0.00005541 instability_mse=0.00075805
2026-09-03T14:06:58+00:00 [Surrogate prediction]
2026-09-03T14:06:58+00:00 predicted_mu: min=0.786284 max=0.812299 mean=0.802246 std=0.009196
2026-09-03T14:06:58+00:00 predicted_d: min=0.049088 max=0.050686 mean=0.049556 std=0.000590
2026-09-03T14:09:12+00:00 [RS-SA-RE budget 60 / first eval 49]
2026-09-03T14:09:12+00:00 Candidate 0: mu_hat=0.798442 d_hat=0.049529 lambda=1.000000 score=0.748914
2026-09-03T14:09:12+00:00 Candidate 1: mu_hat=0.812299 d_hat=0.049089 lambda=1.000000 score=0.763210
2026-09-03T14:09:12+00:00 Candidate 2: mu_hat=0.786284 d_hat=0.050686 lambda=1.000000 score=0.735598
2026-09-03T14:09:12+00:00 Candidate 3: mu_hat=0.808733 d_hat=0.049389 lambda=1.000000 score=0.759344
2026-09-03T14:09:12+00:00 Candidate 4: mu_hat=0.805473 d_hat=0.049088 lambda=1.000000 score=0.756385
2026-09-03T14:09:12+00:00 Selected: candidate 1
2026-09-03T14:09:12+00:00 [60/60] evolution event=first_evaluation base_eval=49 accuracy=0.809400 inserted=True
2026-09-03T14:09:12+00:00 [Surrogate training]
2026-09-03T14:09:12+00:00 training_size=49 paired_label_count=11
2026-09-03T14:09:12+00:00 mu_target: min=0.655200 max=0.823000 mean=0.781194 std=0.040024
2026-09-03T14:09:12+00:00 d_target: min=0.001000 max=0.021200 mean=0.007764 std=0.006770
2026-09-03T14:09:12+00:00 training_loss=0.00081629 mean_mse=0.00005347 instability_mse=0.00076281
2026-09-03T14:09:12+00:00 RS-SA-RE completed real_training_runs=60 first_evaluations=49 repeat_evaluations=11 best_fitness=0.823000
FORMAL START method=RS-SA-RE search_seed=1010 time=2026-09-03T11:51:06Z
START method=RS-SA-RE search_seed=1010 repeat_seed=1801010 surrogate_seed=901010 population_size=20 tournament_size=5 budget=60 candidate_count=5 lambda=1.0
[1/60] initialization event=first_evaluation base_eval=1 accuracy=0.753400 inserted=True
[2/60] initialization event=first_evaluation base_eval=2 accuracy=0.776800 inserted=True
[3/60] initialization event=first_evaluation base_eval=3 accuracy=0.750600 inserted=True
[4/60] initialization event=first_evaluation base_eval=4 accuracy=0.729400 inserted=True
[5/60] initialization event=first_evaluation base_eval=5 accuracy=0.655200 inserted=True
[6/60] initialization event=first_evaluation base_eval=6 accuracy=0.710600 inserted=True
[7/60] initialization event=first_evaluation base_eval=7 accuracy=0.730000 inserted=True
[8/60] initialization event=first_evaluation base_eval=8 accuracy=0.763800 inserted=True
[9/60] initialization event=first_evaluation base_eval=9 accuracy=0.763000 inserted=True
[10/60] initialization event=first_evaluation base_eval=10 accuracy=0.796600 inserted=True
[11/60] initialization event=first_evaluation base_eval=11 accuracy=0.787000 inserted=True
[12/60] initialization event=first_evaluation base_eval=12 accuracy=0.761800 inserted=True
[13/60] initialization event=first_evaluation base_eval=13 accuracy=0.752800 inserted=True
[14/60] initialization event=first_evaluation base_eval=14 accuracy=0.801400 inserted=True
[15/60] initialization event=first_evaluation base_eval=15 accuracy=0.681800 inserted=True
[16/60] initialization event=first_evaluation base_eval=16 accuracy=0.743200 inserted=True
[17/60] initialization event=first_evaluation base_eval=17 accuracy=0.753800 inserted=True
[18/60] initialization event=first_evaluation base_eval=18 accuracy=0.806000 inserted=True
[19/60] initialization event=first_evaluation base_eval=19 accuracy=0.665000 inserted=True
[20/60] initialization event=first_evaluation base_eval=20 accuracy=0.746600 inserted=True
[Repeat]
base_eval=1 seed1=20260827 acc1=0.753400
seed2=21260827 acc2=0.754800
mean_target=0.754100 instability=0.001400
budget=21/60 population unchanged
[21/60] warmup_repeat event=repeat_evaluation base_eval=1 accuracy=0.754800 inserted=False
[Repeat]
base_eval=4 seed1=20260830 acc1=0.729400
seed2=21260830 acc2=0.744600
mean_target=0.737000 instability=0.015200
budget=22/60 population unchanged
[22/60] warmup_repeat event=repeat_evaluation base_eval=4 accuracy=0.744600 inserted=False
[Repeat]
base_eval=8 seed1=20260834 acc1=0.763800
seed2=21260834 acc2=0.785000
mean_target=0.774400 instability=0.021200
budget=23/60 population unchanged
[23/60] warmup_repeat event=repeat_evaluation base_eval=8 accuracy=0.785000 inserted=False
[Repeat]
base_eval=16 seed1=20260842 acc1=0.743200
seed2=21260842 acc2=0.759400
mean_target=0.751300 instability=0.016200
budget=24/60 population unchanged
[24/60] warmup_repeat event=repeat_evaluation base_eval=16 accuracy=0.759400 inserted=False
[Surrogate training]
training_size=20 paired_label_count=4
mu_target: min=0.655200 max=0.806000 mean=0.747790 std=0.041158
d_target: min=0.001400 max=0.021200 mean=0.013500 std=0.007346
training_loss=0.00058218 mean_mse=0.00000023 instability_mse=0.00058194
[Surrogate prediction]
predicted_mu: min=0.780519 max=0.796098 mean=0.787312 std=0.005071
predicted_d: min=0.131019 max=0.145010 mean=0.138068 std=0.005889
[RS-SA-RE budget 25 / first eval 21]
Candidate 0: mu_hat=0.796098 d_hat=0.133243 lambda=1.000000 score=0.662854
Candidate 1: mu_hat=0.787458 d_hat=0.145010 lambda=1.000000 score=0.642448
Candidate 2: mu_hat=0.785027 d_hat=0.136058 lambda=1.000000 score=0.648970
Candidate 3: mu_hat=0.780519 d_hat=0.131019 lambda=1.000000 score=0.649500
Candidate 4: mu_hat=0.787458 d_hat=0.145010 lambda=1.000000 score=0.642448
Selected: candidate 0
[25/60] evolution event=first_evaluation base_eval=21 accuracy=0.780800 inserted=True
[Surrogate training]
training_size=21 paired_label_count=4
mu_target: min=0.655200 max=0.806000 mean=0.749362 std=0.040777
d_target: min=0.001400 max=0.021200 mean=0.013500 std=0.007346
training_loss=0.00057397 mean_mse=0.00000394 instability_mse=0.00057003
[Surrogate prediction]
predicted_mu: min=0.748071 max=0.803453 mean=0.778029 std=0.018365
predicted_d: min=0.130293 max=0.159611 mean=0.145752 std=0.011148
[RS-SA-RE budget 26 / first eval 22]
Candidate 0: mu_hat=0.771313 d_hat=0.130293 lambda=1.000000 score=0.641020
Candidate 1: mu_hat=0.787784 d_hat=0.159611 lambda=1.000000 score=0.628173
Candidate 2: mu_hat=0.748071 d_hat=0.135691 lambda=1.000000 score=0.612380
Candidate 3: mu_hat=0.779526 d_hat=0.148334 lambda=1.000000 score=0.631193
Candidate 4: mu_hat=0.803453 d_hat=0.154833 lambda=1.000000 score=0.648619
Selected: candidate 4
[26/60] evolution event=first_evaluation base_eval=22 accuracy=0.758200 inserted=True
[Surrogate training]
training_size=22 paired_label_count=4
mu_target: min=0.655200 max=0.806000 mean=0.749764 std=0.039882
d_target: min=0.001400 max=0.021200 mean=0.013500 std=0.007346
training_loss=0.00057916 mean_mse=0.00002293 instability_mse=0.00055623
[Surrogate prediction]
predicted_mu: min=0.787691 max=0.805856 mean=0.799264 std=0.006456
predicted_d: min=0.107728 max=0.118863 mean=0.115181 std=0.003855
[RS-SA-RE budget 27 / first eval 23]
Candidate 0: mu_hat=0.787691 d_hat=0.107728 lambda=1.000000 score=0.679963
Candidate 1: mu_hat=0.799225 d_hat=0.115971 lambda=1.000000 score=0.683254
Candidate 2: mu_hat=0.798738 d_hat=0.118863 lambda=1.000000 score=0.679875
Candidate 3: mu_hat=0.805856 d_hat=0.116410 lambda=1.000000 score=0.689446
Candidate 4: mu_hat=0.804809 d_hat=0.116934 lambda=1.000000 score=0.687875
Selected: candidate 3
[27/60] evolution event=first_evaluation base_eval=23 accuracy=0.809200 inserted=True
[Surrogate training]
training_size=23 paired_label_count=4
mu_target: min=0.655200 max=0.809200 mean=0.752348 std=0.040845
d_target: min=0.001400 max=0.021200 mean=0.013500 std=0.007346
training_loss=0.00057566 mean_mse=0.00002299 instability_mse=0.00055267
[Surrogate prediction]
predicted_mu: min=0.783477 max=0.801565 mean=0.792940 std=0.006112
predicted_d: min=0.112358 max=0.133516 mean=0.123862 std=0.008254
[RS-SA-RE budget 28 / first eval 24]
Candidate 0: mu_hat=0.801565 d_hat=0.129230 lambda=1.000000 score=0.672336
Candidate 1: mu_hat=0.793383 d_hat=0.133516 lambda=1.000000 score=0.659867
Candidate 2: mu_hat=0.783477 d_hat=0.115774 lambda=1.000000 score=0.667703
Candidate 3: mu_hat=0.789778 d_hat=0.112358 lambda=1.000000 score=0.677421
Candidate 4: mu_hat=0.796496 d_hat=0.128435 lambda=1.000000 score=0.668062
Selected: candidate 3
[28/60] evolution event=first_evaluation base_eval=24 accuracy=0.800000 inserted=True
[Repeat]
base_eval=12 seed1=20260838 acc1=0.761800
seed2=21260838 acc2=0.753000
mean_target=0.757400 instability=0.008800
budget=29/60 population unchanged
[29/60] periodic_repeat event=repeat_evaluation base_eval=12 accuracy=0.753000 inserted=False
[Surrogate training]
training_size=24 paired_label_count=5
mu_target: min=0.655200 max=0.809200 mean=0.754150 std=0.041079
d_target: min=0.001400 max=0.021200 mean=0.012560 std=0.006835
training_loss=0.00051153 mean_mse=0.00002094 instability_mse=0.00049058
[Surrogate prediction]
predicted_mu: min=0.781625 max=0.818487 mean=0.804548 std=0.012613
predicted_d: min=0.116681 max=0.125407 mean=0.120994 std=0.003166
[RS-SA-RE budget 30 / first eval 25]
Candidate 0: mu_hat=0.818487 d_hat=0.123756 lambda=1.000000 score=0.694731
Candidate 1: mu_hat=0.809387 d_hat=0.119163 lambda=1.000000 score=0.690225
Candidate 2: mu_hat=0.801947 d_hat=0.116681 lambda=1.000000 score=0.685266
Candidate 3: mu_hat=0.811295 d_hat=0.119961 lambda=1.000000 score=0.691334
Candidate 4: mu_hat=0.781625 d_hat=0.125407 lambda=1.000000 score=0.656218
Selected: candidate 0
[30/60] evolution event=first_evaluation base_eval=25 accuracy=0.799000 inserted=True
[Surrogate training]
training_size=25 paired_label_count=5
mu_target: min=0.655200 max=0.809200 mean=0.755944 std=0.041198
d_target: min=0.001400 max=0.021200 mean=0.012560 std=0.006835
training_loss=0.00052366 mean_mse=0.00002432 instability_mse=0.00049934
[Surrogate prediction]
predicted_mu: min=0.767733 max=0.784294 mean=0.777827 std=0.005848
predicted_d: min=0.110016 max=0.133011 mean=0.123448 std=0.007640
[RS-SA-RE budget 31 / first eval 26]
Candidate 0: mu_hat=0.780989 d_hat=0.126320 lambda=1.000000 score=0.654669
Candidate 1: mu_hat=0.780989 d_hat=0.126320 lambda=1.000000 score=0.654669
Candidate 2: mu_hat=0.775129 d_hat=0.121573 lambda=1.000000 score=0.653556
Candidate 3: mu_hat=0.784294 d_hat=0.110016 lambda=1.000000 score=0.674278
Candidate 4: mu_hat=0.767733 d_hat=0.133011 lambda=1.000000 score=0.634722
Selected: candidate 3
[31/60] evolution event=first_evaluation base_eval=26 accuracy=0.788400 inserted=True
[Surrogate training]
training_size=26 paired_label_count=5
mu_target: min=0.655200 max=0.809200 mean=0.757192 std=0.040877
d_target: min=0.001400 max=0.021200 mean=0.012560 std=0.006835
training_loss=0.00052433 mean_mse=0.00002187 instability_mse=0.00050246
[Surrogate prediction]
predicted_mu: min=0.778632 max=0.821341 mean=0.799882 std=0.015339
predicted_d: min=0.119868 max=0.132145 mean=0.125264 std=0.004750
[RS-SA-RE budget 32 / first eval 27]
Candidate 0: mu_hat=0.821341 d_hat=0.129634 lambda=1.000000 score=0.691706
Candidate 1: mu_hat=0.778632 d_hat=0.132145 lambda=1.000000 score=0.646486
Candidate 2: mu_hat=0.813076 d_hat=0.122128 lambda=1.000000 score=0.690948
Candidate 3: mu_hat=0.792697 d_hat=0.122545 lambda=1.000000 score=0.670152
Candidate 4: mu_hat=0.793665 d_hat=0.119868 lambda=1.000000 score=0.673797
Selected: candidate 0
[32/60] evolution event=first_evaluation base_eval=27 accuracy=0.811600 inserted=True
[Surrogate training]
training_size=27 paired_label_count=5
mu_target: min=0.655200 max=0.811600 mean=0.759207 std=0.041408
d_target: min=0.001400 max=0.021200 mean=0.012560 std=0.006835
training_loss=0.00052413 mean_mse=0.00002440 instability_mse=0.00049973
[Surrogate prediction]
predicted_mu: min=0.760157 max=0.776348 mean=0.767348 std=0.005456
predicted_d: min=0.126738 max=0.139031 mean=0.131939 std=0.004400
[RS-SA-RE budget 33 / first eval 28]
Candidate 0: mu_hat=0.764245 d_hat=0.126738 lambda=1.000000 score=0.637507
Candidate 1: mu_hat=0.760157 d_hat=0.139031 lambda=1.000000 score=0.621125
Candidate 2: mu_hat=0.769676 d_hat=0.128098 lambda=1.000000 score=0.641578
Candidate 3: mu_hat=0.766313 d_hat=0.131728 lambda=1.000000 score=0.634585
Candidate 4: mu_hat=0.776348 d_hat=0.134102 lambda=1.000000 score=0.642246
Selected: candidate 4
[33/60] evolution event=first_evaluation base_eval=28 accuracy=0.810800 inserted=True
[Repeat]
base_eval=25 seed1=20260851 acc1=0.799000
seed2=21260851 acc2=0.801200
mean_target=0.800100 instability=0.002200
budget=34/60 population unchanged
[34/60] periodic_repeat event=repeat_evaluation base_eval=25 accuracy=0.801200 inserted=False
[Surrogate training]
training_size=28 paired_label_count=6
mu_target: min=0.655200 max=0.811600 mean=0.761089 std=0.041810
d_target: min=0.001400 max=0.021200 mean=0.010833 std=0.007337
training_loss=0.00056948 mean_mse=0.00003041 instability_mse=0.00053907
[Surrogate prediction]
predicted_mu: min=0.783843 max=0.800107 mean=0.792898 std=0.006181
predicted_d: min=0.069854 max=0.076619 mean=0.072994 std=0.002327
[RS-SA-RE budget 35 / first eval 29]
Candidate 0: mu_hat=0.800107 d_hat=0.076619 lambda=1.000000 score=0.723488
Candidate 1: mu_hat=0.790549 d_hat=0.074442 lambda=1.000000 score=0.716107
Candidate 2: mu_hat=0.783843 d_hat=0.069854 lambda=1.000000 score=0.713989
Candidate 3: mu_hat=0.799618 d_hat=0.071788 lambda=1.000000 score=0.727830
Candidate 4: mu_hat=0.790375 d_hat=0.072268 lambda=1.000000 score=0.718108
Selected: candidate 3
[35/60] evolution event=first_evaluation base_eval=29 accuracy=0.794800 inserted=True
[Surrogate training]
training_size=29 paired_label_count=6
mu_target: min=0.655200 max=0.811600 mean=0.762252 std=0.041541
d_target: min=0.001400 max=0.021200 mean=0.010833 std=0.007337
training_loss=0.00057680 mean_mse=0.00003546 instability_mse=0.00054134
[Surrogate prediction]
predicted_mu: min=0.759454 max=0.811181 mean=0.786619 std=0.016528
predicted_d: min=0.036436 max=0.040784 mean=0.039690 std=0.001636
[RS-SA-RE budget 36 / first eval 30]
Candidate 0: mu_hat=0.759454 d_hat=0.040784 lambda=1.000000 score=0.718671
Candidate 1: mu_hat=0.784307 d_hat=0.040446 lambda=1.000000 score=0.743861
Candidate 2: mu_hat=0.787171 d_hat=0.040245 lambda=1.000000 score=0.746927
Candidate 3: mu_hat=0.790983 d_hat=0.040540 lambda=1.000000 score=0.750442
Candidate 4: mu_hat=0.811181 d_hat=0.036436 lambda=1.000000 score=0.774745
Selected: candidate 4
[36/60] evolution event=first_evaluation base_eval=30 accuracy=0.778600 inserted=True
[Surrogate training]
training_size=30 paired_label_count=6
mu_target: min=0.655200 max=0.811600 mean=0.762797 std=0.040948
d_target: min=0.001400 max=0.021200 mean=0.010833 std=0.007337
training_loss=0.00057845 mean_mse=0.00004221 instability_mse=0.00053624
[Surrogate prediction]
predicted_mu: min=0.794980 max=0.826734 mean=0.813869 std=0.011551
predicted_d: min=0.041464 max=0.043186 mean=0.041930 std=0.000643
[RS-SA-RE budget 37 / first eval 31]
Candidate 0: mu_hat=0.811173 d_hat=0.041464 lambda=1.000000 score=0.769710
Candidate 1: mu_hat=0.826734 d_hat=0.043186 lambda=1.000000 score=0.783548
Candidate 2: mu_hat=0.825283 d_hat=0.041714 lambda=1.000000 score=0.783570
Candidate 3: mu_hat=0.794980 d_hat=0.041822 lambda=1.000000 score=0.753158
Candidate 4: mu_hat=0.811173 d_hat=0.041464 lambda=1.000000 score=0.769710
Selected: candidate 2
[37/60] evolution event=first_evaluation base_eval=31 accuracy=0.805800 inserted=True
[Surrogate training]
training_size=31 paired_label_count=6
mu_target: min=0.655200 max=0.811600 mean=0.764184 std=0.040992
d_target: min=0.001400 max=0.021200 mean=0.010833 std=0.007337
training_loss=0.00058586 mean_mse=0.00004445 instability_mse=0.00054141
[Surrogate prediction]
predicted_mu: min=0.783765 max=0.800326 mean=0.792679 std=0.005294
predicted_d: min=0.114939 max=0.128923 mean=0.122556 std=0.004710
[RS-SA-RE budget 38 / first eval 32]
Candidate 0: mu_hat=0.793731 d_hat=0.114939 lambda=1.000000 score=0.678792
Candidate 1: mu_hat=0.792053 d_hat=0.128923 lambda=1.000000 score=0.663130
Candidate 2: mu_hat=0.793522 d_hat=0.124425 lambda=1.000000 score=0.669096
Candidate 3: mu_hat=0.783765 d_hat=0.120166 lambda=1.000000 score=0.663600
Candidate 4: mu_hat=0.800326 d_hat=0.124327 lambda=1.000000 score=0.675999
Selected: candidate 0
[38/60] evolution event=first_evaluation base_eval=32 accuracy=0.793200 inserted=True
[Repeat]
base_eval=9 seed1=20260835 acc1=0.763000
seed2=21260835 acc2=0.764000
mean_target=0.763500 instability=0.001000
budget=39/60 population unchanged
[39/60] periodic_repeat event=repeat_evaluation base_eval=9 accuracy=0.764000 inserted=False
[Surrogate training]
training_size=32 paired_label_count=7
mu_target: min=0.655200 max=0.811600 mean=0.765106 std=0.040661
d_target: min=0.001000 max=0.021200 mean=0.009429 std=0.007615
training_loss=0.00078155 mean_mse=0.00004824 instability_mse=0.00073331
[Surrogate prediction]
predicted_mu: min=0.772128 max=0.808450 mean=0.792634 std=0.012706
predicted_d: min=0.069633 max=0.072635 mean=0.070731 std=0.001013
[RS-SA-RE budget 40 / first eval 33]
Candidate 0: mu_hat=0.784932 d_hat=0.070258 lambda=1.000000 score=0.714675
Candidate 1: mu_hat=0.808450 d_hat=0.070464 lambda=1.000000 score=0.737986
Candidate 2: mu_hat=0.799306 d_hat=0.072635 lambda=1.000000 score=0.726671
Candidate 3: mu_hat=0.798352 d_hat=0.069633 lambda=1.000000 score=0.728719
Candidate 4: mu_hat=0.772128 d_hat=0.070667 lambda=1.000000 score=0.701461
Selected: candidate 1
[40/60] evolution event=first_evaluation base_eval=33 accuracy=0.791600 inserted=True
[Surrogate training]
training_size=33 paired_label_count=7
mu_target: min=0.655200 max=0.811600 mean=0.765909 std=0.040297
d_target: min=0.001000 max=0.021200 mean=0.009429 std=0.007615
training_loss=0.00078427 mean_mse=0.00005463 instability_mse=0.00072963
[Surrogate prediction]
predicted_mu: min=0.764145 max=0.791552 mean=0.776030 std=0.009169
predicted_d: min=0.077157 max=0.082433 mean=0.080507 std=0.001875
[RS-SA-RE budget 41 / first eval 34]
Candidate 0: mu_hat=0.771046 d_hat=0.080209 lambda=1.000000 score=0.690837
Candidate 1: mu_hat=0.779196 d_hat=0.082433 lambda=1.000000 score=0.696763
Candidate 2: mu_hat=0.774212 d_hat=0.077157 lambda=1.000000 score=0.697055
Candidate 3: mu_hat=0.791552 d_hat=0.082102 lambda=1.000000 score=0.709450
Candidate 4: mu_hat=0.764145 d_hat=0.080632 lambda=1.000000 score=0.683513
Selected: candidate 3
[41/60] evolution event=first_evaluation base_eval=34 accuracy=0.795800 inserted=True
[Surrogate training]
training_size=34 paired_label_count=7
mu_target: min=0.655200 max=0.811600 mean=0.766788 std=0.040020
d_target: min=0.001000 max=0.021200 mean=0.009429 std=0.007615
training_loss=0.00077726 mean_mse=0.00005278 instability_mse=0.00072448
[Surrogate prediction]
predicted_mu: min=0.809468 max=0.821989 mean=0.815831 std=0.004776
predicted_d: min=0.042774 max=0.046951 mean=0.045360 std=0.001460
[RS-SA-RE budget 42 / first eval 35]
Candidate 0: mu_hat=0.815020 d_hat=0.046179 lambda=1.000000 score=0.768841
Candidate 1: mu_hat=0.809468 d_hat=0.042774 lambda=1.000000 score=0.766694
Candidate 2: mu_hat=0.820491 d_hat=0.046951 lambda=1.000000 score=0.773540
Candidate 3: mu_hat=0.821989 d_hat=0.046064 lambda=1.000000 score=0.775924
Candidate 4: mu_hat=0.812186 d_hat=0.044832 lambda=1.000000 score=0.767354
Selected: candidate 3
[42/60] evolution event=first_evaluation base_eval=35 accuracy=0.790200 inserted=True
[Surrogate training]
training_size=35 paired_label_count=7
mu_target: min=0.655200 max=0.811600 mean=0.767457 std=0.039636
d_target: min=0.001000 max=0.021200 mean=0.009429 std=0.007615
training_loss=0.00078952 mean_mse=0.00006415 instability_mse=0.00072537
[Surrogate prediction]
predicted_mu: min=0.790705 max=0.816027 mean=0.804507 std=0.008150
predicted_d: min=0.047037 max=0.048542 mean=0.047745 std=0.000577
[RS-SA-RE budget 43 / first eval 36]
Candidate 0: mu_hat=0.806567 d_hat=0.048074 lambda=1.000000 score=0.758493
Candidate 1: mu_hat=0.790705 d_hat=0.048542 lambda=1.000000 score=0.742162
Candidate 2: mu_hat=0.816027 d_hat=0.047942 lambda=1.000000 score=0.768085
Candidate 3: mu_hat=0.803094 d_hat=0.047129 lambda=1.000000 score=0.755965
Candidate 4: mu_hat=0.806142 d_hat=0.047037 lambda=1.000000 score=0.759105
Selected: candidate 2
[43/60] evolution event=first_evaluation base_eval=36 accuracy=0.822800 inserted=True
[Repeat]
base_eval=22 seed1=20260848 acc1=0.758200
seed2=21260848 acc2=0.760600
mean_target=0.759400 instability=0.002400
budget=44/60 population unchanged
[44/60] periodic_repeat event=repeat_evaluation base_eval=22 accuracy=0.760600 inserted=False
[Surrogate training]
training_size=36 paired_label_count=8
mu_target: min=0.655200 max=0.822800 mean=0.769028 std=0.040117
d_target: min=0.001000 max=0.021200 mean=0.008550 std=0.007492
training_loss=0.00086907 mean_mse=0.00004422 instability_mse=0.00082485
[Surrogate prediction]
predicted_mu: min=0.771127 max=0.806038 mean=0.786897 std=0.011267
predicted_d: min=0.043570 max=0.048860 mean=0.045548 std=0.002265
[RS-SA-RE budget 45 / first eval 37]
Candidate 0: mu_hat=0.788844 d_hat=0.043589 lambda=1.000000 score=0.745255
Candidate 1: mu_hat=0.785165 d_hat=0.044024 lambda=1.000000 score=0.741141
Candidate 2: mu_hat=0.783314 d_hat=0.047694 lambda=1.000000 score=0.735620
Candidate 3: mu_hat=0.771127 d_hat=0.048860 lambda=1.000000 score=0.722267
Candidate 4: mu_hat=0.806038 d_hat=0.043570 lambda=1.000000 score=0.762467
Selected: candidate 4
[45/60] evolution event=first_evaluation base_eval=37 accuracy=0.823000 inserted=True
[Surrogate training]
training_size=37 paired_label_count=8
mu_target: min=0.655200 max=0.823000 mean=0.770486 std=0.040528
d_target: min=0.001000 max=0.021200 mean=0.008550 std=0.007492
training_loss=0.00086020 mean_mse=0.00004242 instability_mse=0.00081778
[Surrogate prediction]
predicted_mu: min=0.796358 max=0.822285 mean=0.813283 std=0.009537
predicted_d: min=0.048641 max=0.055081 mean=0.051491 std=0.002214
[RS-SA-RE budget 46 / first eval 38]
Candidate 0: mu_hat=0.810691 d_hat=0.055081 lambda=1.000000 score=0.755610
Candidate 1: mu_hat=0.822285 d_hat=0.051861 lambda=1.000000 score=0.770425
Candidate 2: mu_hat=0.796358 d_hat=0.049767 lambda=1.000000 score=0.746591
Candidate 3: mu_hat=0.814986 d_hat=0.048641 lambda=1.000000 score=0.766345
Candidate 4: mu_hat=0.822096 d_hat=0.052106 lambda=1.000000 score=0.769990
Selected: candidate 1
[46/60] evolution event=first_evaluation base_eval=38 accuracy=0.822000 inserted=True
[Surrogate training]
training_size=38 paired_label_count=8
mu_target: min=0.655200 max=0.823000 mean=0.771842 std=0.040832
d_target: min=0.001000 max=0.021200 mean=0.008550 std=0.007492
training_loss=0.00085329 mean_mse=0.00004262 instability_mse=0.00081067
[Surrogate prediction]
predicted_mu: min=0.801410 max=0.835151 mean=0.815496 std=0.013763
predicted_d: min=0.049737 max=0.055058 mean=0.051458 std=0.001858
[RS-SA-RE budget 47 / first eval 39]
Candidate 0: mu_hat=0.803971 d_hat=0.050973 lambda=1.000000 score=0.752998
Candidate 1: mu_hat=0.801410 d_hat=0.050498 lambda=1.000000 score=0.750912
Candidate 2: mu_hat=0.828766 d_hat=0.051026 lambda=1.000000 score=0.777740
Candidate 3: mu_hat=0.808182 d_hat=0.055058 lambda=1.000000 score=0.753124
Candidate 4: mu_hat=0.835151 d_hat=0.049737 lambda=1.000000 score=0.785414
Selected: candidate 4
[47/60] evolution event=first_evaluation base_eval=39 accuracy=0.814600 inserted=True
[Surrogate training]
training_size=39 paired_label_count=8
mu_target: min=0.655200 max=0.823000 mean=0.772938 std=0.040868
d_target: min=0.001000 max=0.021200 mean=0.008550 std=0.007492
training_loss=0.00084999 mean_mse=0.00004705 instability_mse=0.00080294
[Surrogate prediction]
predicted_mu: min=0.802877 max=0.818886 mean=0.810357 std=0.005617
predicted_d: min=0.050162 max=0.052699 mean=0.051391 std=0.000860
[RS-SA-RE budget 48 / first eval 40]
Candidate 0: mu_hat=0.806465 d_hat=0.051701 lambda=1.000000 score=0.754764
Candidate 1: mu_hat=0.813998 d_hat=0.052699 lambda=1.000000 score=0.761299
Candidate 2: mu_hat=0.809559 d_hat=0.050805 lambda=1.000000 score=0.758755
Candidate 3: mu_hat=0.802877 d_hat=0.051589 lambda=1.000000 score=0.751288
Candidate 4: mu_hat=0.818886 d_hat=0.050162 lambda=1.000000 score=0.768724
Selected: candidate 4
[48/60] evolution event=first_evaluation base_eval=40 accuracy=0.818400 inserted=True
[Repeat]
base_eval=35 seed1=20260861 acc1=0.790200
seed2=21260861 acc2=0.800200
mean_target=0.795200 instability=0.010000
budget=49/60 population unchanged
[49/60] periodic_repeat event=repeat_evaluation base_eval=35 accuracy=0.800200 inserted=False
[Surrogate training]
training_size=40 paired_label_count=9
mu_target: min=0.655200 max=0.823000 mean=0.774200 std=0.041030
d_target: min=0.001000 max=0.021200 mean=0.008711 std=0.007079
training_loss=0.00080866 mean_mse=0.00004006 instability_mse=0.00076860
[Surrogate prediction]
predicted_mu: min=0.778408 max=0.798193 mean=0.790645 std=0.007321
predicted_d: min=0.038322 max=0.042362 mean=0.040156 std=0.001324
[RS-SA-RE budget 50 / first eval 41]
Candidate 0: mu_hat=0.778408 d_hat=0.042362 lambda=1.000000 score=0.736046
Candidate 1: mu_hat=0.792952 d_hat=0.038322 lambda=1.000000 score=0.754630
Candidate 2: mu_hat=0.798193 d_hat=0.040202 lambda=1.000000 score=0.757991
Candidate 3: mu_hat=0.796988 d_hat=0.039476 lambda=1.000000 score=0.757512
Candidate 4: mu_hat=0.786685 d_hat=0.040419 lambda=1.000000 score=0.746265
Selected: candidate 2
[50/60] evolution event=first_evaluation base_eval=41 accuracy=0.798600 inserted=True
[Surrogate training]
training_size=41 paired_label_count=9
mu_target: min=0.655200 max=0.823000 mean=0.774795 std=0.040701
d_target: min=0.001000 max=0.021200 mean=0.008711 std=0.007079
training_loss=0.00077578 mean_mse=0.00003728 instability_mse=0.00073850
[Surrogate prediction]
predicted_mu: min=0.822680 max=0.837645 mean=0.830232 std=0.005909
predicted_d: min=0.039934 max=0.042933 mean=0.041386 std=0.001051
[RS-SA-RE budget 51 / first eval 42]
Candidate 0: mu_hat=0.827787 d_hat=0.041085 lambda=1.000000 score=0.786702
Candidate 1: mu_hat=0.822680 d_hat=0.040816 lambda=1.000000 score=0.781865
Candidate 2: mu_hat=0.836685 d_hat=0.042933 lambda=1.000000 score=0.793751
Candidate 3: mu_hat=0.837645 d_hat=0.042164 lambda=1.000000 score=0.795481
Candidate 4: mu_hat=0.826362 d_hat=0.039934 lambda=1.000000 score=0.786428
Selected: candidate 3
[51/60] evolution event=first_evaluation base_eval=42 accuracy=0.810400 inserted=True
[Surrogate training]
training_size=42 paired_label_count=9
mu_target: min=0.655200 max=0.823000 mean=0.775643 std=0.040578
d_target: min=0.001000 max=0.021200 mean=0.008711 std=0.007079
training_loss=0.00077357 mean_mse=0.00004255 instability_mse=0.00073103
[Surrogate prediction]
predicted_mu: min=0.808283 max=0.825308 mean=0.816011 std=0.006163
predicted_d: min=0.042705 max=0.047297 mean=0.044265 std=0.001694
[RS-SA-RE budget 52 / first eval 43]
Candidate 0: mu_hat=0.825308 d_hat=0.044917 lambda=1.000000 score=0.780391
Candidate 1: mu_hat=0.811417 d_hat=0.043346 lambda=1.000000 score=0.768071
Candidate 2: mu_hat=0.820530 d_hat=0.042705 lambda=1.000000 score=0.777825
Candidate 3: mu_hat=0.814517 d_hat=0.043059 lambda=1.000000 score=0.771458
Candidate 4: mu_hat=0.808283 d_hat=0.047297 lambda=1.000000 score=0.760986
Selected: candidate 0
[52/60] evolution event=first_evaluation base_eval=43 accuracy=0.820200 inserted=True
[Surrogate training]
training_size=43 paired_label_count=9
mu_target: min=0.655200 max=0.823000 mean=0.776679 std=0.040662
d_target: min=0.001000 max=0.021200 mean=0.008711 std=0.007079
training_loss=0.00078260 mean_mse=0.00004271 instability_mse=0.00073989
[Surrogate prediction]
predicted_mu: min=0.780930 max=0.814837 mean=0.799111 std=0.012507
predicted_d: min=0.040595 max=0.042269 mean=0.041336 std=0.000643
[RS-SA-RE budget 53 / first eval 44]
Candidate 0: mu_hat=0.814837 d_hat=0.042269 lambda=1.000000 score=0.772568
Candidate 1: mu_hat=0.780930 d_hat=0.041205 lambda=1.000000 score=0.739725
Candidate 2: mu_hat=0.805436 d_hat=0.041867 lambda=1.000000 score=0.763569
Candidate 3: mu_hat=0.806031 d_hat=0.040746 lambda=1.000000 score=0.765285
Candidate 4: mu_hat=0.788322 d_hat=0.040595 lambda=1.000000 score=0.747727
Selected: candidate 0
[53/60] evolution event=first_evaluation base_eval=44 accuracy=0.813800 inserted=True
[Repeat]
base_eval=11 seed1=20260837 acc1=0.787000
seed2=21260837 acc2=0.792600
mean_target=0.789800 instability=0.005600
budget=54/60 population unchanged
[54/60] periodic_repeat event=repeat_evaluation base_eval=11 accuracy=0.792600 inserted=False
[Surrogate training]
training_size=44 paired_label_count=10
mu_target: min=0.655200 max=0.823000 mean=0.777586 std=0.040593
d_target: min=0.001000 max=0.021200 mean=0.008400 std=0.006780
training_loss=0.00078087 mean_mse=0.00004520 instability_mse=0.00073568
[Surrogate prediction]
predicted_mu: min=0.810057 max=0.832949 mean=0.820159 std=0.007712
predicted_d: min=0.033104 max=0.037219 mean=0.034904 std=0.001675
[RS-SA-RE budget 55 / first eval 45]
Candidate 0: mu_hat=0.815003 d_hat=0.033104 lambda=1.000000 score=0.781899
Candidate 1: mu_hat=0.832949 d_hat=0.033190 lambda=1.000000 score=0.799759
Candidate 2: mu_hat=0.810057 d_hat=0.037219 lambda=1.000000 score=0.772838
Candidate 3: mu_hat=0.822417 d_hat=0.036442 lambda=1.000000 score=0.785975
Candidate 4: mu_hat=0.820370 d_hat=0.034564 lambda=1.000000 score=0.785805
Selected: candidate 1
[55/60] evolution event=first_evaluation base_eval=45 accuracy=0.811600 inserted=True
[Surrogate training]
training_size=45 paired_label_count=10
mu_target: min=0.655200 max=0.823000 mean=0.778342 std=0.040452
d_target: min=0.001000 max=0.021200 mean=0.008400 std=0.006780
training_loss=0.00076353 mean_mse=0.00005337 instability_mse=0.00071016
[Surrogate prediction]
predicted_mu: min=0.791796 max=0.818131 mean=0.800438 std=0.009860
predicted_d: min=0.043019 max=0.047616 mean=0.045093 std=0.001695
[RS-SA-RE budget 56 / first eval 46]
Candidate 0: mu_hat=0.795942 d_hat=0.044914 lambda=1.000000 score=0.751028
Candidate 1: mu_hat=0.818131 d_hat=0.046306 lambda=1.000000 score=0.771825
Candidate 2: mu_hat=0.803982 d_hat=0.043019 lambda=1.000000 score=0.760963
Candidate 3: mu_hat=0.792340 d_hat=0.047616 lambda=1.000000 score=0.744723
Candidate 4: mu_hat=0.791796 d_hat=0.043611 lambda=1.000000 score=0.748185
Selected: candidate 1
[56/60] evolution event=first_evaluation base_eval=46 accuracy=0.804600 inserted=True
[Surrogate training]
training_size=46 paired_label_count=10
mu_target: min=0.655200 max=0.823000 mean=0.778913 std=0.040192
d_target: min=0.001000 max=0.021200 mean=0.008400 std=0.006780
training_loss=0.00075757 mean_mse=0.00005424 instability_mse=0.00070333
[Surrogate prediction]
predicted_mu: min=0.776144 max=0.821656 mean=0.803892 std=0.015072
predicted_d: min=0.043926 max=0.046312 mean=0.044990 std=0.001058
[RS-SA-RE budget 57 / first eval 47]
Candidate 0: mu_hat=0.821656 d_hat=0.043926 lambda=1.000000 score=0.777730
Candidate 1: mu_hat=0.810350 d_hat=0.044204 lambda=1.000000 score=0.766146
Candidate 2: mu_hat=0.776144 d_hat=0.046312 lambda=1.000000 score=0.729832
Candidate 3: mu_hat=0.804551 d_hat=0.046244 lambda=1.000000 score=0.758307
Candidate 4: mu_hat=0.806760 d_hat=0.044266 lambda=1.000000 score=0.762494
Selected: candidate 0
[57/60] evolution event=first_evaluation base_eval=47 accuracy=0.822400 inserted=True
[Surrogate training]
training_size=47 paired_label_count=10
mu_target: min=0.655200 max=0.823000 mean=0.779838 std=0.040255
d_target: min=0.001000 max=0.021200 mean=0.008400 std=0.006780
training_loss=0.00076437 mean_mse=0.00005331 instability_mse=0.00071105
[Surrogate prediction]
predicted_mu: min=0.795399 max=0.823307 mean=0.808110 std=0.010456
predicted_d: min=0.044507 max=0.048377 mean=0.046768 std=0.001451
[RS-SA-RE budget 58 / first eval 48]
Candidate 0: mu_hat=0.801837 d_hat=0.048261 lambda=1.000000 score=0.753576
Candidate 1: mu_hat=0.823307 d_hat=0.044507 lambda=1.000000 score=0.778800
Candidate 2: mu_hat=0.817337 d_hat=0.045998 lambda=1.000000 score=0.771339
Candidate 3: mu_hat=0.795399 d_hat=0.048377 lambda=1.000000 score=0.747022
Candidate 4: mu_hat=0.802671 d_hat=0.046697 lambda=1.000000 score=0.755974
Selected: candidate 1
[58/60] evolution event=first_evaluation base_eval=48 accuracy=0.817400 inserted=True
[Repeat]
base_eval=15 seed1=20260841 acc1=0.681800
seed2=21260841 acc2=0.680400
mean_target=0.681100 instability=0.001400
budget=59/60 population unchanged
[59/60] periodic_repeat event=repeat_evaluation base_eval=15 accuracy=0.680400 inserted=False
[Surrogate training]
training_size=48 paired_label_count=11
mu_target: min=0.655200 max=0.823000 mean=0.780606 std=0.040229
d_target: min=0.001000 max=0.021200 mean=0.007764 std=0.006770
training_loss=0.00081345 mean_mse=0.00005541 instability_mse=0.00075805
[Surrogate prediction]
predicted_mu: min=0.786284 max=0.812299 mean=0.802246 std=0.009196
predicted_d: min=0.049088 max=0.050686 mean=0.049556 std=0.000590
[RS-SA-RE budget 60 / first eval 49]
Candidate 0: mu_hat=0.798442 d_hat=0.049529 lambda=1.000000 score=0.748914
Candidate 1: mu_hat=0.812299 d_hat=0.049089 lambda=1.000000 score=0.763210
Candidate 2: mu_hat=0.786284 d_hat=0.050686 lambda=1.000000 score=0.735598
Candidate 3: mu_hat=0.808733 d_hat=0.049389 lambda=1.000000 score=0.759344
Candidate 4: mu_hat=0.805473 d_hat=0.049088 lambda=1.000000 score=0.756385
Selected: candidate 1
[60/60] evolution event=first_evaluation base_eval=49 accuracy=0.809400 inserted=True
[Surrogate training]
training_size=49 paired_label_count=11
mu_target: min=0.655200 max=0.823000 mean=0.781194 std=0.040024
d_target: min=0.001000 max=0.021200 mean=0.007764 std=0.006770
training_loss=0.00081629 mean_mse=0.00005347 instability_mse=0.00076281
RS-SA-RE completed real_training_runs=60 first_evaluations=49 repeat_evaluations=11 best_fitness=0.823000
output directory: experiments\formal\rs_sa_re_1010
real training runs: 60
first evaluations: 49
warm-up repeats: 4
periodic repeats: 7
final population: 20
candidate rows: 145
best fitness: 0.823000
evaluations CSV: experiments\formal\rs_sa_re_1010\evaluations.csv
candidate predictions CSV: experiments\formal\rs_sa_re_1010\candidate_predictions.csv
repeat evaluations CSV: experiments\formal\rs_sa_re_1010\repeat_evaluations.csv
history JSON: experiments\formal\rs_sa_re_1010\history.json
RS-SA-RE formal audit: PASS
FORMAL END method=RS-SA-RE search_seed=1010 exit_code=0 time=2026-09-03T14:09:13Z
