2026-08-27T02:43:43+00:00 START method=RE search_seed=2701 population_size=20 tournament_size=5 budget=30
2026-08-27T02:46:55+00:00 [1/30] initialization mutation=random_initialization fitness=0.706600 population=[1]
2026-08-27T02:49:48+00:00 [2/30] initialization mutation=random_initialization fitness=0.757200 population=[1, 2]
2026-08-27T02:52:29+00:00 [3/30] initialization mutation=random_initialization fitness=0.698800 population=[1, 2, 3]
2026-08-27T02:54:49+00:00 [4/30] initialization mutation=random_initialization fitness=0.705600 population=[1, 2, 3, 4]
2026-08-27T02:56:57+00:00 [5/30] initialization mutation=random_initialization fitness=0.814600 population=[1, 2, 3, 4, 5]
2026-08-27T02:59:51+00:00 [6/30] initialization mutation=random_initialization fitness=0.768000 population=[1, 2, 3, 4, 5, 6]
2026-08-27T03:01:47+00:00 [7/30] initialization mutation=random_initialization fitness=0.828400 population=[1, 2, 3, 4, 5, 6, 7]
2026-08-27T03:04:42+00:00 [8/30] initialization mutation=random_initialization fitness=0.667200 population=[1, 2, 3, 4, 5, 6, 7, 8]
2026-08-27T03:07:28+00:00 [9/30] initialization mutation=random_initialization fitness=0.722600 population=[1, 2, 3, 4, 5, 6, 7, 8, 9]
2026-08-27T03:09:21+00:00 [10/30] initialization mutation=random_initialization fitness=0.809000 population=[1, 2, 3, 4, 5, 6, 7, 8, 9, 10]
2026-08-27T03:11:31+00:00 [11/30] initialization mutation=random_initialization fitness=0.765400 population=[1, 2, 3, 4, 5, 6, 7, 8, 9, 10, 11]
2026-08-27T03:14:02+00:00 [12/30] initialization mutation=random_initialization fitness=0.711200 population=[1, 2, 3, 4, 5, 6, 7, 8, 9, 10, 11, 12]
2026-08-27T03:16:52+00:00 [13/30] initialization mutation=random_initialization fitness=0.755400 population=[1, 2, 3, 4, 5, 6, 7, 8, 9, 10, 11, 12, 13]
2026-08-27T03:18:34+00:00 [14/30] initialization mutation=random_initialization fitness=0.819000 population=[1, 2, 3, 4, 5, 6, 7, 8, 9, 10, 11, 12, 13, 14]
2026-08-27T03:21:05+00:00 [15/30] initialization mutation=random_initialization fitness=0.693200 population=[1, 2, 3, 4, 5, 6, 7, 8, 9, 10, 11, 12, 13, 14, 15]
2026-08-27T03:23:08+00:00 [16/30] initialization mutation=random_initialization fitness=0.748600 population=[1, 2, 3, 4, 5, 6, 7, 8, 9, 10, 11, 12, 13, 14, 15, 16]
2026-08-27T03:25:23+00:00 [17/30] initialization mutation=random_initialization fitness=0.822000 population=[1, 2, 3, 4, 5, 6, 7, 8, 9, 10, 11, 12, 13, 14, 15, 16, 17]
2026-08-27T03:27:46+00:00 [18/30] initialization mutation=random_initialization fitness=0.764000 population=[1, 2, 3, 4, 5, 6, 7, 8, 9, 10, 11, 12, 13, 14, 15, 16, 17, 18]
2026-08-27T03:29:36+00:00 [19/30] initialization mutation=random_initialization fitness=0.758600 population=[1, 2, 3, 4, 5, 6, 7, 8, 9, 10, 11, 12, 13, 14, 15, 16, 17, 18, 19]
2026-08-27T03:31:30+00:00 [20/30] initialization mutation=random_initialization fitness=0.812000 population=[1, 2, 3, 4, 5, 6, 7, 8, 9, 10, 11, 12, 13, 14, 15, 16, 17, 18, 19, 20]
2026-08-27T03:33:20+00:00 [21/30] evolution mutation=operation fitness=0.769000 population=[2, 3, 4, 5, 6, 7, 8, 9, 10, 11, 12, 13, 14, 15, 16, 17, 18, 19, 20, 21]
2026-08-27T03:34:48+00:00 [22/30] evolution mutation=operation fitness=0.830000 population=[3, 4, 5, 6, 7, 8, 9, 10, 11, 12, 13, 14, 15, 16, 17, 18, 19, 20, 21, 22]
2026-08-27T03:36:29+00:00 [23/30] evolution mutation=operation fitness=0.819800 population=[4, 5, 6, 7, 8, 9, 10, 11, 12, 13, 14, 15, 16, 17, 18, 19, 20, 21, 22, 23]
2026-08-27T03:38:08+00:00 [24/30] evolution mutation=operation fitness=0.830000 population=[5, 6, 7, 8, 9, 10, 11, 12, 13, 14, 15, 16, 17, 18, 19, 20, 21, 22, 23, 24]
2026-08-27T03:39:58+00:00 [25/30] evolution mutation=hidden_state fitness=0.787000 population=[6, 7, 8, 9, 10, 11, 12, 13, 14, 15, 16, 17, 18, 19, 20, 21, 22, 23, 24, 25]
2026-08-27T03:42:14+00:00 [26/30] evolution mutation=operation fitness=0.817400 population=[7, 8, 9, 10, 11, 12, 13, 14, 15, 16, 17, 18, 19, 20, 21, 22, 23, 24, 25, 26]
2026-08-27T03:44:33+00:00 [27/30] evolution mutation=operation fitness=0.759000 population=[8, 9, 10, 11, 12, 13, 14, 15, 16, 17, 18, 19, 20, 21, 22, 23, 24, 25, 26, 27]
2026-08-27T03:46:22+00:00 [28/30] evolution mutation=operation fitness=0.811400 population=[9, 10, 11, 12, 13, 14, 15, 16, 17, 18, 19, 20, 21, 22, 23, 24, 25, 26, 27, 28]
2026-08-27T03:48:00+00:00 [29/30] evolution mutation=operation fitness=0.803600 population=[10, 11, 12, 13, 14, 15, 16, 17, 18, 19, 20, 21, 22, 23, 24, 25, 26, 27, 28, 29]
2026-08-27T03:50:15+00:00 [30/30] evolution mutation=hidden_state fitness=0.810200 population=[11, 12, 13, 14, 15, 16, 17, 18, 19, 20, 21, 22, 23, 24, 25, 26, 27, 28, 29, 30]
2026-08-27T03:50:15+00:00 RE completed real_training_runs=30 best_fitness=0.830000
