2026-09-02T18:57:09+00:00 START method=RE search_seed=1008 population_size=20 tournament_size=5 budget=60
2026-09-02T18:59:20+00:00 [1/60] initialization mutation=random_initialization fitness=0.807000 population=[1]
2026-09-02T19:01:46+00:00 [2/60] initialization mutation=random_initialization fitness=0.708800 population=[1, 2]
2026-09-02T19:04:09+00:00 [3/60] initialization mutation=random_initialization fitness=0.815600 population=[1, 2, 3]
2026-09-02T19:06:23+00:00 [4/60] initialization mutation=random_initialization fitness=0.789200 population=[1, 2, 3, 4]
2026-09-02T19:08:05+00:00 [5/60] initialization mutation=random_initialization fitness=0.827600 population=[1, 2, 3, 4, 5]
2026-09-02T19:10:26+00:00 [6/60] initialization mutation=random_initialization fitness=0.747400 population=[1, 2, 3, 4, 5, 6]
2026-09-02T19:12:46+00:00 [7/60] initialization mutation=random_initialization fitness=0.752400 population=[1, 2, 3, 4, 5, 6, 7]
2026-09-02T19:14:55+00:00 [8/60] initialization mutation=random_initialization fitness=0.760800 population=[1, 2, 3, 4, 5, 6, 7, 8]
2026-09-02T19:16:56+00:00 [9/60] initialization mutation=random_initialization fitness=0.778000 population=[1, 2, 3, 4, 5, 6, 7, 8, 9]
2026-09-02T19:18:52+00:00 [10/60] initialization mutation=random_initialization fitness=0.804600 population=[1, 2, 3, 4, 5, 6, 7, 8, 9, 10]
2026-09-02T19:21:16+00:00 [11/60] initialization mutation=random_initialization fitness=0.728200 population=[1, 2, 3, 4, 5, 6, 7, 8, 9, 10, 11]
2026-09-02T19:23:57+00:00 [12/60] initialization mutation=random_initialization fitness=0.779400 population=[1, 2, 3, 4, 5, 6, 7, 8, 9, 10, 11, 12]
2026-09-02T19:26:17+00:00 [13/60] initialization mutation=random_initialization fitness=0.731800 population=[1, 2, 3, 4, 5, 6, 7, 8, 9, 10, 11, 12, 13]
2026-09-02T19:27:59+00:00 [14/60] initialization mutation=random_initialization fitness=0.811400 population=[1, 2, 3, 4, 5, 6, 7, 8, 9, 10, 11, 12, 13, 14]
2026-09-02T19:30:41+00:00 [15/60] initialization mutation=random_initialization fitness=0.741600 population=[1, 2, 3, 4, 5, 6, 7, 8, 9, 10, 11, 12, 13, 14, 15]
2026-09-02T19:32:58+00:00 [16/60] initialization mutation=random_initialization fitness=0.710200 population=[1, 2, 3, 4, 5, 6, 7, 8, 9, 10, 11, 12, 13, 14, 15, 16]
2026-09-02T19:35:04+00:00 [17/60] initialization mutation=random_initialization fitness=0.730400 population=[1, 2, 3, 4, 5, 6, 7, 8, 9, 10, 11, 12, 13, 14, 15, 16, 17]
2026-09-02T19:37:28+00:00 [18/60] initialization mutation=random_initialization fitness=0.787800 population=[1, 2, 3, 4, 5, 6, 7, 8, 9, 10, 11, 12, 13, 14, 15, 16, 17, 18]
2026-09-02T19:39:38+00:00 [19/60] initialization mutation=random_initialization fitness=0.758000 population=[1, 2, 3, 4, 5, 6, 7, 8, 9, 10, 11, 12, 13, 14, 15, 16, 17, 18, 19]
2026-09-02T19:42:10+00:00 [20/60] initialization mutation=random_initialization fitness=0.715200 population=[1, 2, 3, 4, 5, 6, 7, 8, 9, 10, 11, 12, 13, 14, 15, 16, 17, 18, 19, 20]
2026-09-02T19:44:16+00:00 [21/60] evolution mutation=hidden_state fitness=0.814400 population=[2, 3, 4, 5, 6, 7, 8, 9, 10, 11, 12, 13, 14, 15, 16, 17, 18, 19, 20, 21]
2026-09-02T19:46:27+00:00 [22/60] evolution mutation=hidden_state fitness=0.780600 population=[3, 4, 5, 6, 7, 8, 9, 10, 11, 12, 13, 14, 15, 16, 17, 18, 19, 20, 21, 22]
2026-09-02T19:48:41+00:00 [23/60] evolution mutation=hidden_state fitness=0.794200 population=[4, 5, 6, 7, 8, 9, 10, 11, 12, 13, 14, 15, 16, 17, 18, 19, 20, 21, 22, 23]
2026-09-02T19:50:48+00:00 [24/60] evolution mutation=hidden_state fitness=0.816200 population=[5, 6, 7, 8, 9, 10, 11, 12, 13, 14, 15, 16, 17, 18, 19, 20, 21, 22, 23, 24]
2026-09-02T19:52:43+00:00 [25/60] evolution mutation=hidden_state fitness=0.800200 population=[6, 7, 8, 9, 10, 11, 12, 13, 14, 15, 16, 17, 18, 19, 20, 21, 22, 23, 24, 25]
2026-09-02T19:54:26+00:00 [26/60] evolution mutation=operation fitness=0.817200 population=[7, 8, 9, 10, 11, 12, 13, 14, 15, 16, 17, 18, 19, 20, 21, 22, 23, 24, 25, 26]
2026-09-02T19:56:20+00:00 [27/60] evolution mutation=hidden_state fitness=0.814200 population=[8, 9, 10, 11, 12, 13, 14, 15, 16, 17, 18, 19, 20, 21, 22, 23, 24, 25, 26, 27]
2026-09-02T19:58:11+00:00 [28/60] evolution mutation=operation fitness=0.800400 population=[9, 10, 11, 12, 13, 14, 15, 16, 17, 18, 19, 20, 21, 22, 23, 24, 25, 26, 27, 28]
2026-09-02T20:00:05+00:00 [29/60] evolution mutation=operation fitness=0.795200 population=[10, 11, 12, 13, 14, 15, 16, 17, 18, 19, 20, 21, 22, 23, 24, 25, 26, 27, 28, 29]
2026-09-02T20:02:00+00:00 [30/60] evolution mutation=identity fitness=0.810800 population=[11, 12, 13, 14, 15, 16, 17, 18, 19, 20, 21, 22, 23, 24, 25, 26, 27, 28, 29, 30]
2026-09-02T20:04:06+00:00 [31/60] evolution mutation=identity fitness=0.813800 population=[12, 13, 14, 15, 16, 17, 18, 19, 20, 21, 22, 23, 24, 25, 26, 27, 28, 29, 30, 31]
2026-09-02T20:06:14+00:00 [32/60] evolution mutation=operation fitness=0.816200 population=[13, 14, 15, 16, 17, 18, 19, 20, 21, 22, 23, 24, 25, 26, 27, 28, 29, 30, 31, 32]
2026-09-02T20:07:56+00:00 [33/60] evolution mutation=operation fitness=0.807000 population=[14, 15, 16, 17, 18, 19, 20, 21, 22, 23, 24, 25, 26, 27, 28, 29, 30, 31, 32, 33]
2026-09-02T20:10:04+00:00 [34/60] evolution mutation=hidden_state fitness=0.812200 population=[15, 16, 17, 18, 19, 20, 21, 22, 23, 24, 25, 26, 27, 28, 29, 30, 31, 32, 33, 34]
2026-09-02T20:12:05+00:00 [35/60] evolution mutation=operation fitness=0.801200 population=[16, 17, 18, 19, 20, 21, 22, 23, 24, 25, 26, 27, 28, 29, 30, 31, 32, 33, 34, 35]
2026-09-02T20:14:21+00:00 [36/60] evolution mutation=operation fitness=0.796000 population=[17, 18, 19, 20, 21, 22, 23, 24, 25, 26, 27, 28, 29, 30, 31, 32, 33, 34, 35, 36]
2026-09-02T20:16:29+00:00 [37/60] evolution mutation=hidden_state fitness=0.813200 population=[18, 19, 20, 21, 22, 23, 24, 25, 26, 27, 28, 29, 30, 31, 32, 33, 34, 35, 36, 37]
2026-09-02T20:18:13+00:00 [38/60] evolution mutation=hidden_state fitness=0.815000 population=[19, 20, 21, 22, 23, 24, 25, 26, 27, 28, 29, 30, 31, 32, 33, 34, 35, 36, 37, 38]
2026-09-02T20:20:13+00:00 [39/60] evolution mutation=operation fitness=0.790200 population=[20, 21, 22, 23, 24, 25, 26, 27, 28, 29, 30, 31, 32, 33, 34, 35, 36, 37, 38, 39]
2026-09-02T20:22:20+00:00 [40/60] evolution mutation=hidden_state fitness=0.818400 population=[21, 22, 23, 24, 25, 26, 27, 28, 29, 30, 31, 32, 33, 34, 35, 36, 37, 38, 39, 40]
2026-09-02T20:24:27+00:00 [41/60] evolution mutation=hidden_state fitness=0.797800 population=[22, 23, 24, 25, 26, 27, 28, 29, 30, 31, 32, 33, 34, 35, 36, 37, 38, 39, 40, 41]
2026-09-02T20:26:10+00:00 [42/60] evolution mutation=hidden_state fitness=0.825400 population=[23, 24, 25, 26, 27, 28, 29, 30, 31, 32, 33, 34, 35, 36, 37, 38, 39, 40, 41, 42]
2026-09-02T20:28:21+00:00 [43/60] evolution mutation=operation fitness=0.818800 population=[24, 25, 26, 27, 28, 29, 30, 31, 32, 33, 34, 35, 36, 37, 38, 39, 40, 41, 42, 43]
2026-09-02T20:30:31+00:00 [44/60] evolution mutation=operation fitness=0.812200 population=[25, 26, 27, 28, 29, 30, 31, 32, 33, 34, 35, 36, 37, 38, 39, 40, 41, 42, 43, 44]
2026-09-02T20:31:57+00:00 [45/60] evolution mutation=operation fitness=0.820200 population=[26, 27, 28, 29, 30, 31, 32, 33, 34, 35, 36, 37, 38, 39, 40, 41, 42, 43, 44, 45]
2026-09-02T20:34:06+00:00 [46/60] evolution mutation=hidden_state fitness=0.821200 population=[27, 28, 29, 30, 31, 32, 33, 34, 35, 36, 37, 38, 39, 40, 41, 42, 43, 44, 45, 46]
2026-09-02T20:35:33+00:00 [47/60] evolution mutation=identity fitness=0.813400 population=[28, 29, 30, 31, 32, 33, 34, 35, 36, 37, 38, 39, 40, 41, 42, 43, 44, 45, 46, 47]
2026-09-02T20:37:15+00:00 [48/60] evolution mutation=hidden_state fitness=0.820400 population=[29, 30, 31, 32, 33, 34, 35, 36, 37, 38, 39, 40, 41, 42, 43, 44, 45, 46, 47, 48]
2026-09-02T20:39:22+00:00 [49/60] evolution mutation=hidden_state fitness=0.808600 population=[30, 31, 32, 33, 34, 35, 36, 37, 38, 39, 40, 41, 42, 43, 44, 45, 46, 47, 48, 49]
2026-09-02T20:41:03+00:00 [50/60] evolution mutation=operation fitness=0.814400 population=[31, 32, 33, 34, 35, 36, 37, 38, 39, 40, 41, 42, 43, 44, 45, 46, 47, 48, 49, 50]
2026-09-02T20:43:08+00:00 [51/60] evolution mutation=operation fitness=0.812600 population=[32, 33, 34, 35, 36, 37, 38, 39, 40, 41, 42, 43, 44, 45, 46, 47, 48, 49, 50, 51]
2026-09-02T20:45:14+00:00 [52/60] evolution mutation=operation fitness=0.810000 population=[33, 34, 35, 36, 37, 38, 39, 40, 41, 42, 43, 44, 45, 46, 47, 48, 49, 50, 51, 52]
2026-09-02T20:47:29+00:00 [53/60] evolution mutation=operation fitness=0.805800 population=[34, 35, 36, 37, 38, 39, 40, 41, 42, 43, 44, 45, 46, 47, 48, 49, 50, 51, 52, 53]
2026-09-02T20:48:54+00:00 [54/60] evolution mutation=hidden_state fitness=0.825800 population=[35, 36, 37, 38, 39, 40, 41, 42, 43, 44, 45, 46, 47, 48, 49, 50, 51, 52, 53, 54]
2026-09-02T20:50:21+00:00 [55/60] evolution mutation=operation fitness=0.813000 population=[36, 37, 38, 39, 40, 41, 42, 43, 44, 45, 46, 47, 48, 49, 50, 51, 52, 53, 54, 55]
2026-09-02T20:52:27+00:00 [56/60] evolution mutation=hidden_state fitness=0.799200 population=[37, 38, 39, 40, 41, 42, 43, 44, 45, 46, 47, 48, 49, 50, 51, 52, 53, 54, 55, 56]
2026-09-02T20:54:04+00:00 [57/60] evolution mutation=operation fitness=0.812600 population=[38, 39, 40, 41, 42, 43, 44, 45, 46, 47, 48, 49, 50, 51, 52, 53, 54, 55, 56, 57]
2026-09-02T20:55:30+00:00 [58/60] evolution mutation=operation fitness=0.819800 population=[39, 40, 41, 42, 43, 44, 45, 46, 47, 48, 49, 50, 51, 52, 53, 54, 55, 56, 57, 58]
2026-09-02T20:57:56+00:00 [59/60] evolution mutation=operation fitness=0.753000 population=[40, 41, 42, 43, 44, 45, 46, 47, 48, 49, 50, 51, 52, 53, 54, 55, 56, 57, 58, 59]
2026-09-02T20:59:39+00:00 [60/60] evolution mutation=hidden_state fitness=0.814600 population=[41, 42, 43, 44, 45, 46, 47, 48, 49, 50, 51, 52, 53, 54, 55, 56, 57, 58, 59, 60]
2026-09-02T20:59:39+00:00 RE completed real_training_runs=60 best_fitness=0.827600
FORMAL START method=RE search_seed=1008 time=2026-09-02T18:57:08Z
START method=RE search_seed=1008 population_size=20 tournament_size=5 budget=60
[1/60] initialization mutation=random_initialization fitness=0.807000 population=[1]
[2/60] initialization mutation=random_initialization fitness=0.708800 population=[1, 2]
[3/60] initialization mutation=random_initialization fitness=0.815600 population=[1, 2, 3]
[4/60] initialization mutation=random_initialization fitness=0.789200 population=[1, 2, 3, 4]
[5/60] initialization mutation=random_initialization fitness=0.827600 population=[1, 2, 3, 4, 5]
[6/60] initialization mutation=random_initialization fitness=0.747400 population=[1, 2, 3, 4, 5, 6]
[7/60] initialization mutation=random_initialization fitness=0.752400 population=[1, 2, 3, 4, 5, 6, 7]
[8/60] initialization mutation=random_initialization fitness=0.760800 population=[1, 2, 3, 4, 5, 6, 7, 8]
[9/60] initialization mutation=random_initialization fitness=0.778000 population=[1, 2, 3, 4, 5, 6, 7, 8, 9]
[10/60] initialization mutation=random_initialization fitness=0.804600 population=[1, 2, 3, 4, 5, 6, 7, 8, 9, 10]
[11/60] initialization mutation=random_initialization fitness=0.728200 population=[1, 2, 3, 4, 5, 6, 7, 8, 9, 10, 11]
[12/60] initialization mutation=random_initialization fitness=0.779400 population=[1, 2, 3, 4, 5, 6, 7, 8, 9, 10, 11, 12]
[13/60] initialization mutation=random_initialization fitness=0.731800 population=[1, 2, 3, 4, 5, 6, 7, 8, 9, 10, 11, 12, 13]
[14/60] initialization mutation=random_initialization fitness=0.811400 population=[1, 2, 3, 4, 5, 6, 7, 8, 9, 10, 11, 12, 13, 14]
[15/60] initialization mutation=random_initialization fitness=0.741600 population=[1, 2, 3, 4, 5, 6, 7, 8, 9, 10, 11, 12, 13, 14, 15]
[16/60] initialization mutation=random_initialization fitness=0.710200 population=[1, 2, 3, 4, 5, 6, 7, 8, 9, 10, 11, 12, 13, 14, 15, 16]
[17/60] initialization mutation=random_initialization fitness=0.730400 population=[1, 2, 3, 4, 5, 6, 7, 8, 9, 10, 11, 12, 13, 14, 15, 16, 17]
[18/60] initialization mutation=random_initialization fitness=0.787800 population=[1, 2, 3, 4, 5, 6, 7, 8, 9, 10, 11, 12, 13, 14, 15, 16, 17, 18]
[19/60] initialization mutation=random_initialization fitness=0.758000 population=[1, 2, 3, 4, 5, 6, 7, 8, 9, 10, 11, 12, 13, 14, 15, 16, 17, 18, 19]
[20/60] initialization mutation=random_initialization fitness=0.715200 population=[1, 2, 3, 4, 5, 6, 7, 8, 9, 10, 11, 12, 13, 14, 15, 16, 17, 18, 19, 20]
[21/60] evolution mutation=hidden_state fitness=0.814400 population=[2, 3, 4, 5, 6, 7, 8, 9, 10, 11, 12, 13, 14, 15, 16, 17, 18, 19, 20, 21]
[22/60] evolution mutation=hidden_state fitness=0.780600 population=[3, 4, 5, 6, 7, 8, 9, 10, 11, 12, 13, 14, 15, 16, 17, 18, 19, 20, 21, 22]
[23/60] evolution mutation=hidden_state fitness=0.794200 population=[4, 5, 6, 7, 8, 9, 10, 11, 12, 13, 14, 15, 16, 17, 18, 19, 20, 21, 22, 23]
[24/60] evolution mutation=hidden_state fitness=0.816200 population=[5, 6, 7, 8, 9, 10, 11, 12, 13, 14, 15, 16, 17, 18, 19, 20, 21, 22, 23, 24]
[25/60] evolution mutation=hidden_state fitness=0.800200 population=[6, 7, 8, 9, 10, 11, 12, 13, 14, 15, 16, 17, 18, 19, 20, 21, 22, 23, 24, 25]
[26/60] evolution mutation=operation fitness=0.817200 population=[7, 8, 9, 10, 11, 12, 13, 14, 15, 16, 17, 18, 19, 20, 21, 22, 23, 24, 25, 26]
[27/60] evolution mutation=hidden_state fitness=0.814200 population=[8, 9, 10, 11, 12, 13, 14, 15, 16, 17, 18, 19, 20, 21, 22, 23, 24, 25, 26, 27]
[28/60] evolution mutation=operation fitness=0.800400 population=[9, 10, 11, 12, 13, 14, 15, 16, 17, 18, 19, 20, 21, 22, 23, 24, 25, 26, 27, 28]
[29/60] evolution mutation=operation fitness=0.795200 population=[10, 11, 12, 13, 14, 15, 16, 17, 18, 19, 20, 21, 22, 23, 24, 25, 26, 27, 28, 29]
[30/60] evolution mutation=identity fitness=0.810800 population=[11, 12, 13, 14, 15, 16, 17, 18, 19, 20, 21, 22, 23, 24, 25, 26, 27, 28, 29, 30]
[31/60] evolution mutation=identity fitness=0.813800 population=[12, 13, 14, 15, 16, 17, 18, 19, 20, 21, 22, 23, 24, 25, 26, 27, 28, 29, 30, 31]
[32/60] evolution mutation=operation fitness=0.816200 population=[13, 14, 15, 16, 17, 18, 19, 20, 21, 22, 23, 24, 25, 26, 27, 28, 29, 30, 31, 32]
[33/60] evolution mutation=operation fitness=0.807000 population=[14, 15, 16, 17, 18, 19, 20, 21, 22, 23, 24, 25, 26, 27, 28, 29, 30, 31, 32, 33]
[34/60] evolution mutation=hidden_state fitness=0.812200 population=[15, 16, 17, 18, 19, 20, 21, 22, 23, 24, 25, 26, 27, 28, 29, 30, 31, 32, 33, 34]
[35/60] evolution mutation=operation fitness=0.801200 population=[16, 17, 18, 19, 20, 21, 22, 23, 24, 25, 26, 27, 28, 29, 30, 31, 32, 33, 34, 35]
[36/60] evolution mutation=operation fitness=0.796000 population=[17, 18, 19, 20, 21, 22, 23, 24, 25, 26, 27, 28, 29, 30, 31, 32, 33, 34, 35, 36]
[37/60] evolution mutation=hidden_state fitness=0.813200 population=[18, 19, 20, 21, 22, 23, 24, 25, 26, 27, 28, 29, 30, 31, 32, 33, 34, 35, 36, 37]
[38/60] evolution mutation=hidden_state fitness=0.815000 population=[19, 20, 21, 22, 23, 24, 25, 26, 27, 28, 29, 30, 31, 32, 33, 34, 35, 36, 37, 38]
[39/60] evolution mutation=operation fitness=0.790200 population=[20, 21, 22, 23, 24, 25, 26, 27, 28, 29, 30, 31, 32, 33, 34, 35, 36, 37, 38, 39]
[40/60] evolution mutation=hidden_state fitness=0.818400 population=[21, 22, 23, 24, 25, 26, 27, 28, 29, 30, 31, 32, 33, 34, 35, 36, 37, 38, 39, 40]
[41/60] evolution mutation=hidden_state fitness=0.797800 population=[22, 23, 24, 25, 26, 27, 28, 29, 30, 31, 32, 33, 34, 35, 36, 37, 38, 39, 40, 41]
[42/60] evolution mutation=hidden_state fitness=0.825400 population=[23, 24, 25, 26, 27, 28, 29, 30, 31, 32, 33, 34, 35, 36, 37, 38, 39, 40, 41, 42]
[43/60] evolution mutation=operation fitness=0.818800 population=[24, 25, 26, 27, 28, 29, 30, 31, 32, 33, 34, 35, 36, 37, 38, 39, 40, 41, 42, 43]
[44/60] evolution mutation=operation fitness=0.812200 population=[25, 26, 27, 28, 29, 30, 31, 32, 33, 34, 35, 36, 37, 38, 39, 40, 41, 42, 43, 44]
[45/60] evolution mutation=operation fitness=0.820200 population=[26, 27, 28, 29, 30, 31, 32, 33, 34, 35, 36, 37, 38, 39, 40, 41, 42, 43, 44, 45]
[46/60] evolution mutation=hidden_state fitness=0.821200 population=[27, 28, 29, 30, 31, 32, 33, 34, 35, 36, 37, 38, 39, 40, 41, 42, 43, 44, 45, 46]
[47/60] evolution mutation=identity fitness=0.813400 population=[28, 29, 30, 31, 32, 33, 34, 35, 36, 37, 38, 39, 40, 41, 42, 43, 44, 45, 46, 47]
[48/60] evolution mutation=hidden_state fitness=0.820400 population=[29, 30, 31, 32, 33, 34, 35, 36, 37, 38, 39, 40, 41, 42, 43, 44, 45, 46, 47, 48]
[49/60] evolution mutation=hidden_state fitness=0.808600 population=[30, 31, 32, 33, 34, 35, 36, 37, 38, 39, 40, 41, 42, 43, 44, 45, 46, 47, 48, 49]
[50/60] evolution mutation=operation fitness=0.814400 population=[31, 32, 33, 34, 35, 36, 37, 38, 39, 40, 41, 42, 43, 44, 45, 46, 47, 48, 49, 50]
[51/60] evolution mutation=operation fitness=0.812600 population=[32, 33, 34, 35, 36, 37, 38, 39, 40, 41, 42, 43, 44, 45, 46, 47, 48, 49, 50, 51]
[52/60] evolution mutation=operation fitness=0.810000 population=[33, 34, 35, 36, 37, 38, 39, 40, 41, 42, 43, 44, 45, 46, 47, 48, 49, 50, 51, 52]
[53/60] evolution mutation=operation fitness=0.805800 population=[34, 35, 36, 37, 38, 39, 40, 41, 42, 43, 44, 45, 46, 47, 48, 49, 50, 51, 52, 53]
[54/60] evolution mutation=hidden_state fitness=0.825800 population=[35, 36, 37, 38, 39, 40, 41, 42, 43, 44, 45, 46, 47, 48, 49, 50, 51, 52, 53, 54]
[55/60] evolution mutation=operation fitness=0.813000 population=[36, 37, 38, 39, 40, 41, 42, 43, 44, 45, 46, 47, 48, 49, 50, 51, 52, 53, 54, 55]
[56/60] evolution mutation=hidden_state fitness=0.799200 population=[37, 38, 39, 40, 41, 42, 43, 44, 45, 46, 47, 48, 49, 50, 51, 52, 53, 54, 55, 56]
[57/60] evolution mutation=operation fitness=0.812600 population=[38, 39, 40, 41, 42, 43, 44, 45, 46, 47, 48, 49, 50, 51, 52, 53, 54, 55, 56, 57]
[58/60] evolution mutation=operation fitness=0.819800 population=[39, 40, 41, 42, 43, 44, 45, 46, 47, 48, 49, 50, 51, 52, 53, 54, 55, 56, 57, 58]
[59/60] evolution mutation=operation fitness=0.753000 population=[40, 41, 42, 43, 44, 45, 46, 47, 48, 49, 50, 51, 52, 53, 54, 55, 56, 57, 58, 59]
[60/60] evolution mutation=hidden_state fitness=0.814600 population=[41, 42, 43, 44, 45, 46, 47, 48, 49, 50, 51, 52, 53, 54, 55, 56, 57, 58, 59, 60]
RE completed real_training_runs=60 best_fitness=0.827600
output directory: experiments\formal\re_1008
evaluations: 60
best fitness: 0.827600
evaluations CSV: experiments\formal\re_1008\evaluations.csv
history JSON: experiments\formal\re_1008\history.json
FORMAL END method=RE search_seed=1008 exit_code=0 time=2026-09-02T20:59:40Z
