2026-08-28T04:33:59+00:00 START method=SA-RE search_seed=2702 surrogate_seed=902702 population_size=20 tournament_size=5 budget=30 candidate_count=5
2026-08-28T04:36:46+00:00 [1/30] initialization mutation=random_initialization fitness=0.761000
2026-08-28T04:39:14+00:00 [2/30] initialization mutation=random_initialization fitness=0.804400
2026-08-28T04:41:47+00:00 [3/30] initialization mutation=random_initialization fitness=0.761800
2026-08-28T04:44:11+00:00 [4/30] initialization mutation=random_initialization fitness=0.802000
2026-08-28T04:47:17+00:00 [5/30] initialization mutation=random_initialization fitness=0.776800
2026-08-28T04:50:20+00:00 [6/30] initialization mutation=random_initialization fitness=0.641400
2026-08-28T04:52:52+00:00 [7/30] initialization mutation=random_initialization fitness=0.780000
2026-08-28T04:54:50+00:00 [8/30] initialization mutation=random_initialization fitness=0.779800
2026-08-28T04:57:54+00:00 [9/30] initialization mutation=random_initialization fitness=0.732000
2026-08-28T05:00:42+00:00 [10/30] initialization mutation=random_initialization fitness=0.785000
2026-08-28T05:03:36+00:00 [11/30] initialization mutation=random_initialization fitness=0.762200
2026-08-28T05:06:45+00:00 [12/30] initialization mutation=random_initialization fitness=0.757600
2026-08-28T05:09:23+00:00 [13/30] initialization mutation=random_initialization fitness=0.818600
2026-08-28T05:12:22+00:00 [14/30] initialization mutation=random_initialization fitness=0.754000
2026-08-28T05:15:08+00:00 [15/30] initialization mutation=random_initialization fitness=0.778800
2026-08-28T05:17:48+00:00 [16/30] initialization mutation=random_initialization fitness=0.756400
2026-08-28T05:20:31+00:00 [17/30] initialization mutation=random_initialization fitness=0.771800
2026-08-28T05:22:42+00:00 [18/30] initialization mutation=random_initialization fitness=0.801000
2026-08-28T05:25:44+00:00 [19/30] initialization mutation=random_initialization fitness=0.704800
2026-08-28T05:28:45+00:00 [20/30] initialization mutation=random_initialization fitness=0.672200
2026-08-28T05:30:56+00:00 [21/30] evolution mutation=hidden_state fitness=0.817200 selected_candidate=4 predicted_mu=0.812141
2026-08-28T05:33:08+00:00 [22/30] evolution mutation=identity fitness=0.819200 selected_candidate=1 predicted_mu=0.815334
2026-08-28T05:35:21+00:00 [23/30] evolution mutation=hidden_state fitness=0.823200 selected_candidate=4 predicted_mu=0.826607
2026-08-28T05:37:57+00:00 [24/30] evolution mutation=hidden_state fitness=0.806200 selected_candidate=1 predicted_mu=0.832359
2026-08-28T05:39:50+00:00 [25/30] evolution mutation=hidden_state fitness=0.821200 selected_candidate=0 predicted_mu=0.826100
2026-08-28T05:41:42+00:00 [26/30] evolution mutation=hidden_state fitness=0.809200 selected_candidate=4 predicted_mu=0.826048
2026-08-28T05:43:34+00:00 [27/30] evolution mutation=hidden_state fitness=0.813000 selected_candidate=3 predicted_mu=0.819709
2026-08-28T05:45:32+00:00 [28/30] evolution mutation=operation fitness=0.803000 selected_candidate=4 predicted_mu=0.837951
2026-08-28T05:47:48+00:00 [29/30] evolution mutation=hidden_state fitness=0.813800 selected_candidate=4 predicted_mu=0.816224
2026-08-28T05:49:43+00:00 [30/30] evolution mutation=operation fitness=0.817000 selected_candidate=1 predicted_mu=0.831813
2026-08-28T05:49:43+00:00 SA-RE completed real_training_runs=30 candidate_predictions=50 best_fitness=0.823200
