2026-09-01T16:44:46+00:00 START method=RE search_seed=1004 population_size=20 tournament_size=5 budget=60
2026-09-01T16:46:47+00:00 [1/60] initialization mutation=random_initialization fitness=0.799600 population=[1]
2026-09-01T16:48:59+00:00 [2/60] initialization mutation=random_initialization fitness=0.761600 population=[1, 2]
2026-09-01T16:51:18+00:00 [3/60] initialization mutation=random_initialization fitness=0.761600 population=[1, 2, 3]
2026-09-01T16:53:21+00:00 [4/60] initialization mutation=random_initialization fitness=0.812200 population=[1, 2, 3, 4]
2026-09-01T16:55:47+00:00 [5/60] initialization mutation=random_initialization fitness=0.669400 population=[1, 2, 3, 4, 5]
2026-09-01T16:57:41+00:00 [6/60] initialization mutation=random_initialization fitness=0.787800 population=[1, 2, 3, 4, 5, 6]
2026-09-01T17:00:08+00:00 [7/60] initialization mutation=random_initialization fitness=0.760200 population=[1, 2, 3, 4, 5, 6, 7]
2026-09-01T17:02:51+00:00 [8/60] initialization mutation=random_initialization fitness=0.775200 population=[1, 2, 3, 4, 5, 6, 7, 8]
2026-09-01T17:05:27+00:00 [9/60] initialization mutation=random_initialization fitness=0.705800 population=[1, 2, 3, 4, 5, 6, 7, 8, 9]
2026-09-01T17:08:08+00:00 [10/60] initialization mutation=random_initialization fitness=0.784400 population=[1, 2, 3, 4, 5, 6, 7, 8, 9, 10]
2026-09-01T17:10:26+00:00 [11/60] initialization mutation=random_initialization fitness=0.776200 population=[1, 2, 3, 4, 5, 6, 7, 8, 9, 10, 11]
2026-09-01T17:12:46+00:00 [12/60] initialization mutation=random_initialization fitness=0.717600 population=[1, 2, 3, 4, 5, 6, 7, 8, 9, 10, 11, 12]
2026-09-01T17:14:54+00:00 [13/60] initialization mutation=random_initialization fitness=0.747000 population=[1, 2, 3, 4, 5, 6, 7, 8, 9, 10, 11, 12, 13]
2026-09-01T17:17:33+00:00 [14/60] initialization mutation=random_initialization fitness=0.758200 population=[1, 2, 3, 4, 5, 6, 7, 8, 9, 10, 11, 12, 13, 14]
2026-09-01T17:20:36+00:00 [15/60] initialization mutation=random_initialization fitness=0.700200 population=[1, 2, 3, 4, 5, 6, 7, 8, 9, 10, 11, 12, 13, 14, 15]
2026-09-01T17:23:16+00:00 [16/60] initialization mutation=random_initialization fitness=0.741400 population=[1, 2, 3, 4, 5, 6, 7, 8, 9, 10, 11, 12, 13, 14, 15, 16]
2026-09-01T17:25:37+00:00 [17/60] initialization mutation=random_initialization fitness=0.756600 population=[1, 2, 3, 4, 5, 6, 7, 8, 9, 10, 11, 12, 13, 14, 15, 16, 17]
2026-09-01T17:27:43+00:00 [18/60] initialization mutation=random_initialization fitness=0.761000 population=[1, 2, 3, 4, 5, 6, 7, 8, 9, 10, 11, 12, 13, 14, 15, 16, 17, 18]
2026-09-01T17:29:50+00:00 [19/60] initialization mutation=random_initialization fitness=0.684600 population=[1, 2, 3, 4, 5, 6, 7, 8, 9, 10, 11, 12, 13, 14, 15, 16, 17, 18, 19]
2026-09-01T17:31:52+00:00 [20/60] initialization mutation=random_initialization fitness=0.791400 population=[1, 2, 3, 4, 5, 6, 7, 8, 9, 10, 11, 12, 13, 14, 15, 16, 17, 18, 19, 20]
2026-09-01T17:34:03+00:00 [21/60] evolution mutation=operation fitness=0.804800 population=[2, 3, 4, 5, 6, 7, 8, 9, 10, 11, 12, 13, 14, 15, 16, 17, 18, 19, 20, 21]
2026-09-01T17:35:59+00:00 [22/60] evolution mutation=operation fitness=0.770400 population=[3, 4, 5, 6, 7, 8, 9, 10, 11, 12, 13, 14, 15, 16, 17, 18, 19, 20, 21, 22]
2026-09-01T17:38:01+00:00 [23/60] evolution mutation=hidden_state fitness=0.799000 population=[4, 5, 6, 7, 8, 9, 10, 11, 12, 13, 14, 15, 16, 17, 18, 19, 20, 21, 22, 23]
2026-09-01T17:40:05+00:00 [24/60] evolution mutation=hidden_state fitness=0.808200 population=[5, 6, 7, 8, 9, 10, 11, 12, 13, 14, 15, 16, 17, 18, 19, 20, 21, 22, 23, 24]
2026-09-01T17:42:47+00:00 [25/60] evolution mutation=operation fitness=0.795000 population=[6, 7, 8, 9, 10, 11, 12, 13, 14, 15, 16, 17, 18, 19, 20, 21, 22, 23, 24, 25]
2026-09-01T17:45:35+00:00 [26/60] evolution mutation=operation fitness=0.774800 population=[7, 8, 9, 10, 11, 12, 13, 14, 15, 16, 17, 18, 19, 20, 21, 22, 23, 24, 25, 26]
2026-09-01T17:47:40+00:00 [27/60] evolution mutation=operation fitness=0.811800 population=[8, 9, 10, 11, 12, 13, 14, 15, 16, 17, 18, 19, 20, 21, 22, 23, 24, 25, 26, 27]
2026-09-01T17:49:53+00:00 [28/60] evolution mutation=hidden_state fitness=0.799600 population=[9, 10, 11, 12, 13, 14, 15, 16, 17, 18, 19, 20, 21, 22, 23, 24, 25, 26, 27, 28]
2026-09-01T17:51:53+00:00 [29/60] evolution mutation=hidden_state fitness=0.815200 population=[10, 11, 12, 13, 14, 15, 16, 17, 18, 19, 20, 21, 22, 23, 24, 25, 26, 27, 28, 29]
2026-09-01T17:54:03+00:00 [30/60] evolution mutation=operation fitness=0.801800 population=[11, 12, 13, 14, 15, 16, 17, 18, 19, 20, 21, 22, 23, 24, 25, 26, 27, 28, 29, 30]
2026-09-01T17:56:05+00:00 [31/60] evolution mutation=operation fitness=0.796600 population=[12, 13, 14, 15, 16, 17, 18, 19, 20, 21, 22, 23, 24, 25, 26, 27, 28, 29, 30, 31]
2026-09-01T17:58:10+00:00 [32/60] evolution mutation=hidden_state fitness=0.804600 population=[13, 14, 15, 16, 17, 18, 19, 20, 21, 22, 23, 24, 25, 26, 27, 28, 29, 30, 31, 32]
2026-09-01T18:00:13+00:00 [33/60] evolution mutation=hidden_state fitness=0.797400 population=[14, 15, 16, 17, 18, 19, 20, 21, 22, 23, 24, 25, 26, 27, 28, 29, 30, 31, 32, 33]
2026-09-01T18:02:21+00:00 [34/60] evolution mutation=operation fitness=0.808000 population=[15, 16, 17, 18, 19, 20, 21, 22, 23, 24, 25, 26, 27, 28, 29, 30, 31, 32, 33, 34]
2026-09-01T18:04:27+00:00 [35/60] evolution mutation=operation fitness=0.801200 population=[16, 17, 18, 19, 20, 21, 22, 23, 24, 25, 26, 27, 28, 29, 30, 31, 32, 33, 34, 35]
2026-09-01T18:06:31+00:00 [36/60] evolution mutation=operation fitness=0.807400 population=[17, 18, 19, 20, 21, 22, 23, 24, 25, 26, 27, 28, 29, 30, 31, 32, 33, 34, 35, 36]
2026-09-01T18:08:31+00:00 [37/60] evolution mutation=hidden_state fitness=0.816800 population=[18, 19, 20, 21, 22, 23, 24, 25, 26, 27, 28, 29, 30, 31, 32, 33, 34, 35, 36, 37]
2026-09-01T18:10:35+00:00 [38/60] evolution mutation=operation fitness=0.820200 population=[19, 20, 21, 22, 23, 24, 25, 26, 27, 28, 29, 30, 31, 32, 33, 34, 35, 36, 37, 38]
2026-09-01T18:12:28+00:00 [39/60] evolution mutation=operation fitness=0.814000 population=[20, 21, 22, 23, 24, 25, 26, 27, 28, 29, 30, 31, 32, 33, 34, 35, 36, 37, 38, 39]
2026-09-01T18:14:28+00:00 [40/60] evolution mutation=hidden_state fitness=0.802000 population=[21, 22, 23, 24, 25, 26, 27, 28, 29, 30, 31, 32, 33, 34, 35, 36, 37, 38, 39, 40]
2026-09-01T18:16:36+00:00 [41/60] evolution mutation=operation fitness=0.796200 population=[22, 23, 24, 25, 26, 27, 28, 29, 30, 31, 32, 33, 34, 35, 36, 37, 38, 39, 40, 41]
2026-09-01T18:18:30+00:00 [42/60] evolution mutation=operation fitness=0.811200 population=[23, 24, 25, 26, 27, 28, 29, 30, 31, 32, 33, 34, 35, 36, 37, 38, 39, 40, 41, 42]
2026-09-01T18:20:36+00:00 [43/60] evolution mutation=hidden_state fitness=0.818000 population=[24, 25, 26, 27, 28, 29, 30, 31, 32, 33, 34, 35, 36, 37, 38, 39, 40, 41, 42, 43]
2026-09-01T18:22:34+00:00 [44/60] evolution mutation=operation fitness=0.813400 population=[25, 26, 27, 28, 29, 30, 31, 32, 33, 34, 35, 36, 37, 38, 39, 40, 41, 42, 43, 44]
2026-09-01T18:24:34+00:00 [45/60] evolution mutation=hidden_state fitness=0.803600 population=[26, 27, 28, 29, 30, 31, 32, 33, 34, 35, 36, 37, 38, 39, 40, 41, 42, 43, 44, 45]
2026-09-01T18:26:51+00:00 [46/60] evolution mutation=operation fitness=0.801600 population=[27, 28, 29, 30, 31, 32, 33, 34, 35, 36, 37, 38, 39, 40, 41, 42, 43, 44, 45, 46]
2026-09-01T18:28:53+00:00 [47/60] evolution mutation=identity fitness=0.813800 population=[28, 29, 30, 31, 32, 33, 34, 35, 36, 37, 38, 39, 40, 41, 42, 43, 44, 45, 46, 47]
2026-09-01T18:30:38+00:00 [48/60] evolution mutation=operation fitness=0.824800 population=[29, 30, 31, 32, 33, 34, 35, 36, 37, 38, 39, 40, 41, 42, 43, 44, 45, 46, 47, 48]
2026-09-01T18:32:20+00:00 [49/60] evolution mutation=hidden_state fitness=0.813400 population=[30, 31, 32, 33, 34, 35, 36, 37, 38, 39, 40, 41, 42, 43, 44, 45, 46, 47, 48, 49]
2026-09-01T18:34:22+00:00 [50/60] evolution mutation=identity fitness=0.810600 population=[31, 32, 33, 34, 35, 36, 37, 38, 39, 40, 41, 42, 43, 44, 45, 46, 47, 48, 49, 50]
2026-09-01T18:36:08+00:00 [51/60] evolution mutation=operation fitness=0.805200 population=[32, 33, 34, 35, 36, 37, 38, 39, 40, 41, 42, 43, 44, 45, 46, 47, 48, 49, 50, 51]
2026-09-01T18:38:06+00:00 [52/60] evolution mutation=operation fitness=0.806800 population=[33, 34, 35, 36, 37, 38, 39, 40, 41, 42, 43, 44, 45, 46, 47, 48, 49, 50, 51, 52]
2026-09-01T18:40:03+00:00 [53/60] evolution mutation=operation fitness=0.809800 population=[34, 35, 36, 37, 38, 39, 40, 41, 42, 43, 44, 45, 46, 47, 48, 49, 50, 51, 52, 53]
2026-09-01T18:42:08+00:00 [54/60] evolution mutation=operation fitness=0.812000 population=[35, 36, 37, 38, 39, 40, 41, 42, 43, 44, 45, 46, 47, 48, 49, 50, 51, 52, 53, 54]
2026-09-01T18:44:09+00:00 [55/60] evolution mutation=hidden_state fitness=0.794000 population=[36, 37, 38, 39, 40, 41, 42, 43, 44, 45, 46, 47, 48, 49, 50, 51, 52, 53, 54, 55]
2026-09-01T18:45:53+00:00 [56/60] evolution mutation=hidden_state fitness=0.820400 population=[37, 38, 39, 40, 41, 42, 43, 44, 45, 46, 47, 48, 49, 50, 51, 52, 53, 54, 55, 56]
2026-09-01T18:47:54+00:00 [57/60] evolution mutation=hidden_state fitness=0.804800 population=[38, 39, 40, 41, 42, 43, 44, 45, 46, 47, 48, 49, 50, 51, 52, 53, 54, 55, 56, 57]
2026-09-01T18:49:37+00:00 [58/60] evolution mutation=hidden_state fitness=0.800600 population=[39, 40, 41, 42, 43, 44, 45, 46, 47, 48, 49, 50, 51, 52, 53, 54, 55, 56, 57, 58]
2026-09-01T18:51:18+00:00 [59/60] evolution mutation=operation fitness=0.827400 population=[40, 41, 42, 43, 44, 45, 46, 47, 48, 49, 50, 51, 52, 53, 54, 55, 56, 57, 58, 59]
2026-09-01T18:53:04+00:00 [60/60] evolution mutation=hidden_state fitness=0.813800 population=[41, 42, 43, 44, 45, 46, 47, 48, 49, 50, 51, 52, 53, 54, 55, 56, 57, 58, 59, 60]
2026-09-01T18:53:04+00:00 RE completed real_training_runs=60 best_fitness=0.827400
FORMAL START method=RE search_seed=1004 time=2026-09-01T16:44:45Z
START method=RE search_seed=1004 population_size=20 tournament_size=5 budget=60
[1/60] initialization mutation=random_initialization fitness=0.799600 population=[1]
[2/60] initialization mutation=random_initialization fitness=0.761600 population=[1, 2]
[3/60] initialization mutation=random_initialization fitness=0.761600 population=[1, 2, 3]
[4/60] initialization mutation=random_initialization fitness=0.812200 population=[1, 2, 3, 4]
[5/60] initialization mutation=random_initialization fitness=0.669400 population=[1, 2, 3, 4, 5]
[6/60] initialization mutation=random_initialization fitness=0.787800 population=[1, 2, 3, 4, 5, 6]
[7/60] initialization mutation=random_initialization fitness=0.760200 population=[1, 2, 3, 4, 5, 6, 7]
[8/60] initialization mutation=random_initialization fitness=0.775200 population=[1, 2, 3, 4, 5, 6, 7, 8]
[9/60] initialization mutation=random_initialization fitness=0.705800 population=[1, 2, 3, 4, 5, 6, 7, 8, 9]
[10/60] initialization mutation=random_initialization fitness=0.784400 population=[1, 2, 3, 4, 5, 6, 7, 8, 9, 10]
[11/60] initialization mutation=random_initialization fitness=0.776200 population=[1, 2, 3, 4, 5, 6, 7, 8, 9, 10, 11]
[12/60] initialization mutation=random_initialization fitness=0.717600 population=[1, 2, 3, 4, 5, 6, 7, 8, 9, 10, 11, 12]
[13/60] initialization mutation=random_initialization fitness=0.747000 population=[1, 2, 3, 4, 5, 6, 7, 8, 9, 10, 11, 12, 13]
[14/60] initialization mutation=random_initialization fitness=0.758200 population=[1, 2, 3, 4, 5, 6, 7, 8, 9, 10, 11, 12, 13, 14]
[15/60] initialization mutation=random_initialization fitness=0.700200 population=[1, 2, 3, 4, 5, 6, 7, 8, 9, 10, 11, 12, 13, 14, 15]
[16/60] initialization mutation=random_initialization fitness=0.741400 population=[1, 2, 3, 4, 5, 6, 7, 8, 9, 10, 11, 12, 13, 14, 15, 16]
[17/60] initialization mutation=random_initialization fitness=0.756600 population=[1, 2, 3, 4, 5, 6, 7, 8, 9, 10, 11, 12, 13, 14, 15, 16, 17]
[18/60] initialization mutation=random_initialization fitness=0.761000 population=[1, 2, 3, 4, 5, 6, 7, 8, 9, 10, 11, 12, 13, 14, 15, 16, 17, 18]
[19/60] initialization mutation=random_initialization fitness=0.684600 population=[1, 2, 3, 4, 5, 6, 7, 8, 9, 10, 11, 12, 13, 14, 15, 16, 17, 18, 19]
[20/60] initialization mutation=random_initialization fitness=0.791400 population=[1, 2, 3, 4, 5, 6, 7, 8, 9, 10, 11, 12, 13, 14, 15, 16, 17, 18, 19, 20]
[21/60] evolution mutation=operation fitness=0.804800 population=[2, 3, 4, 5, 6, 7, 8, 9, 10, 11, 12, 13, 14, 15, 16, 17, 18, 19, 20, 21]
[22/60] evolution mutation=operation fitness=0.770400 population=[3, 4, 5, 6, 7, 8, 9, 10, 11, 12, 13, 14, 15, 16, 17, 18, 19, 20, 21, 22]
[23/60] evolution mutation=hidden_state fitness=0.799000 population=[4, 5, 6, 7, 8, 9, 10, 11, 12, 13, 14, 15, 16, 17, 18, 19, 20, 21, 22, 23]
[24/60] evolution mutation=hidden_state fitness=0.808200 population=[5, 6, 7, 8, 9, 10, 11, 12, 13, 14, 15, 16, 17, 18, 19, 20, 21, 22, 23, 24]
[25/60] evolution mutation=operation fitness=0.795000 population=[6, 7, 8, 9, 10, 11, 12, 13, 14, 15, 16, 17, 18, 19, 20, 21, 22, 23, 24, 25]
[26/60] evolution mutation=operation fitness=0.774800 population=[7, 8, 9, 10, 11, 12, 13, 14, 15, 16, 17, 18, 19, 20, 21, 22, 23, 24, 25, 26]
[27/60] evolution mutation=operation fitness=0.811800 population=[8, 9, 10, 11, 12, 13, 14, 15, 16, 17, 18, 19, 20, 21, 22, 23, 24, 25, 26, 27]
[28/60] evolution mutation=hidden_state fitness=0.799600 population=[9, 10, 11, 12, 13, 14, 15, 16, 17, 18, 19, 20, 21, 22, 23, 24, 25, 26, 27, 28]
[29/60] evolution mutation=hidden_state fitness=0.815200 population=[10, 11, 12, 13, 14, 15, 16, 17, 18, 19, 20, 21, 22, 23, 24, 25, 26, 27, 28, 29]
[30/60] evolution mutation=operation fitness=0.801800 population=[11, 12, 13, 14, 15, 16, 17, 18, 19, 20, 21, 22, 23, 24, 25, 26, 27, 28, 29, 30]
[31/60] evolution mutation=operation fitness=0.796600 population=[12, 13, 14, 15, 16, 17, 18, 19, 20, 21, 22, 23, 24, 25, 26, 27, 28, 29, 30, 31]
[32/60] evolution mutation=hidden_state fitness=0.804600 population=[13, 14, 15, 16, 17, 18, 19, 20, 21, 22, 23, 24, 25, 26, 27, 28, 29, 30, 31, 32]
[33/60] evolution mutation=hidden_state fitness=0.797400 population=[14, 15, 16, 17, 18, 19, 20, 21, 22, 23, 24, 25, 26, 27, 28, 29, 30, 31, 32, 33]
[34/60] evolution mutation=operation fitness=0.808000 population=[15, 16, 17, 18, 19, 20, 21, 22, 23, 24, 25, 26, 27, 28, 29, 30, 31, 32, 33, 34]
[35/60] evolution mutation=operation fitness=0.801200 population=[16, 17, 18, 19, 20, 21, 22, 23, 24, 25, 26, 27, 28, 29, 30, 31, 32, 33, 34, 35]
[36/60] evolution mutation=operation fitness=0.807400 population=[17, 18, 19, 20, 21, 22, 23, 24, 25, 26, 27, 28, 29, 30, 31, 32, 33, 34, 35, 36]
[37/60] evolution mutation=hidden_state fitness=0.816800 population=[18, 19, 20, 21, 22, 23, 24, 25, 26, 27, 28, 29, 30, 31, 32, 33, 34, 35, 36, 37]
[38/60] evolution mutation=operation fitness=0.820200 population=[19, 20, 21, 22, 23, 24, 25, 26, 27, 28, 29, 30, 31, 32, 33, 34, 35, 36, 37, 38]
[39/60] evolution mutation=operation fitness=0.814000 population=[20, 21, 22, 23, 24, 25, 26, 27, 28, 29, 30, 31, 32, 33, 34, 35, 36, 37, 38, 39]
[40/60] evolution mutation=hidden_state fitness=0.802000 population=[21, 22, 23, 24, 25, 26, 27, 28, 29, 30, 31, 32, 33, 34, 35, 36, 37, 38, 39, 40]
[41/60] evolution mutation=operation fitness=0.796200 population=[22, 23, 24, 25, 26, 27, 28, 29, 30, 31, 32, 33, 34, 35, 36, 37, 38, 39, 40, 41]
[42/60] evolution mutation=operation fitness=0.811200 population=[23, 24, 25, 26, 27, 28, 29, 30, 31, 32, 33, 34, 35, 36, 37, 38, 39, 40, 41, 42]
[43/60] evolution mutation=hidden_state fitness=0.818000 population=[24, 25, 26, 27, 28, 29, 30, 31, 32, 33, 34, 35, 36, 37, 38, 39, 40, 41, 42, 43]
[44/60] evolution mutation=operation fitness=0.813400 population=[25, 26, 27, 28, 29, 30, 31, 32, 33, 34, 35, 36, 37, 38, 39, 40, 41, 42, 43, 44]
[45/60] evolution mutation=hidden_state fitness=0.803600 population=[26, 27, 28, 29, 30, 31, 32, 33, 34, 35, 36, 37, 38, 39, 40, 41, 42, 43, 44, 45]
[46/60] evolution mutation=operation fitness=0.801600 population=[27, 28, 29, 30, 31, 32, 33, 34, 35, 36, 37, 38, 39, 40, 41, 42, 43, 44, 45, 46]
[47/60] evolution mutation=identity fitness=0.813800 population=[28, 29, 30, 31, 32, 33, 34, 35, 36, 37, 38, 39, 40, 41, 42, 43, 44, 45, 46, 47]
[48/60] evolution mutation=operation fitness=0.824800 population=[29, 30, 31, 32, 33, 34, 35, 36, 37, 38, 39, 40, 41, 42, 43, 44, 45, 46, 47, 48]
[49/60] evolution mutation=hidden_state fitness=0.813400 population=[30, 31, 32, 33, 34, 35, 36, 37, 38, 39, 40, 41, 42, 43, 44, 45, 46, 47, 48, 49]
[50/60] evolution mutation=identity fitness=0.810600 population=[31, 32, 33, 34, 35, 36, 37, 38, 39, 40, 41, 42, 43, 44, 45, 46, 47, 48, 49, 50]
[51/60] evolution mutation=operation fitness=0.805200 population=[32, 33, 34, 35, 36, 37, 38, 39, 40, 41, 42, 43, 44, 45, 46, 47, 48, 49, 50, 51]
[52/60] evolution mutation=operation fitness=0.806800 population=[33, 34, 35, 36, 37, 38, 39, 40, 41, 42, 43, 44, 45, 46, 47, 48, 49, 50, 51, 52]
[53/60] evolution mutation=operation fitness=0.809800 population=[34, 35, 36, 37, 38, 39, 40, 41, 42, 43, 44, 45, 46, 47, 48, 49, 50, 51, 52, 53]
[54/60] evolution mutation=operation fitness=0.812000 population=[35, 36, 37, 38, 39, 40, 41, 42, 43, 44, 45, 46, 47, 48, 49, 50, 51, 52, 53, 54]
[55/60] evolution mutation=hidden_state fitness=0.794000 population=[36, 37, 38, 39, 40, 41, 42, 43, 44, 45, 46, 47, 48, 49, 50, 51, 52, 53, 54, 55]
[56/60] evolution mutation=hidden_state fitness=0.820400 population=[37, 38, 39, 40, 41, 42, 43, 44, 45, 46, 47, 48, 49, 50, 51, 52, 53, 54, 55, 56]
[57/60] evolution mutation=hidden_state fitness=0.804800 population=[38, 39, 40, 41, 42, 43, 44, 45, 46, 47, 48, 49, 50, 51, 52, 53, 54, 55, 56, 57]
[58/60] evolution mutation=hidden_state fitness=0.800600 population=[39, 40, 41, 42, 43, 44, 45, 46, 47, 48, 49, 50, 51, 52, 53, 54, 55, 56, 57, 58]
[59/60] evolution mutation=operation fitness=0.827400 population=[40, 41, 42, 43, 44, 45, 46, 47, 48, 49, 50, 51, 52, 53, 54, 55, 56, 57, 58, 59]
[60/60] evolution mutation=hidden_state fitness=0.813800 population=[41, 42, 43, 44, 45, 46, 47, 48, 49, 50, 51, 52, 53, 54, 55, 56, 57, 58, 59, 60]
RE completed real_training_runs=60 best_fitness=0.827400
output directory: experiments\formal\re_1004
evaluations: 60
best fitness: 0.827400
evaluations CSV: experiments\formal\re_1004\evaluations.csv
history JSON: experiments\formal\re_1004\history.json
FORMAL END method=RE search_seed=1004 exit_code=0 time=2026-09-01T18:53:05Z
