2026-09-01T10:49:44+00:00 START method=RE search_seed=1003 population_size=20 tournament_size=5 budget=60
2026-09-01T10:52:16+00:00 [1/60] initialization mutation=random_initialization fitness=0.595800 population=[1]
2026-09-01T10:54:57+00:00 [2/60] initialization mutation=random_initialization fitness=0.683800 population=[1, 2]
2026-09-01T10:56:49+00:00 [3/60] initialization mutation=random_initialization fitness=0.778200 population=[1, 2, 3]
2026-09-01T10:59:12+00:00 [4/60] initialization mutation=random_initialization fitness=0.746200 population=[1, 2, 3, 4]
2026-09-01T11:01:30+00:00 [5/60] initialization mutation=random_initialization fitness=0.727400 population=[1, 2, 3, 4, 5]
2026-09-01T11:03:35+00:00 [6/60] initialization mutation=random_initialization fitness=0.761600 population=[1, 2, 3, 4, 5, 6]
2026-09-01T11:05:27+00:00 [7/60] initialization mutation=random_initialization fitness=0.747600 population=[1, 2, 3, 4, 5, 6, 7]
2026-09-01T11:07:50+00:00 [8/60] initialization mutation=random_initialization fitness=0.795400 population=[1, 2, 3, 4, 5, 6, 7, 8]
2026-09-01T11:09:27+00:00 [9/60] initialization mutation=random_initialization fitness=0.801400 population=[1, 2, 3, 4, 5, 6, 7, 8, 9]
2026-09-01T11:11:44+00:00 [10/60] initialization mutation=random_initialization fitness=0.746400 population=[1, 2, 3, 4, 5, 6, 7, 8, 9, 10]
2026-09-01T11:13:10+00:00 [11/60] initialization mutation=random_initialization fitness=0.813600 population=[1, 2, 3, 4, 5, 6, 7, 8, 9, 10, 11]
2026-09-01T11:15:39+00:00 [12/60] initialization mutation=random_initialization fitness=0.754000 population=[1, 2, 3, 4, 5, 6, 7, 8, 9, 10, 11, 12]
2026-09-01T11:17:37+00:00 [13/60] initialization mutation=random_initialization fitness=0.805000 population=[1, 2, 3, 4, 5, 6, 7, 8, 9, 10, 11, 12, 13]
2026-09-01T11:20:13+00:00 [14/60] initialization mutation=random_initialization fitness=0.784600 population=[1, 2, 3, 4, 5, 6, 7, 8, 9, 10, 11, 12, 13, 14]
2026-09-01T11:22:29+00:00 [15/60] initialization mutation=random_initialization fitness=0.713400 population=[1, 2, 3, 4, 5, 6, 7, 8, 9, 10, 11, 12, 13, 14, 15]
2026-09-01T11:25:00+00:00 [16/60] initialization mutation=random_initialization fitness=0.714000 population=[1, 2, 3, 4, 5, 6, 7, 8, 9, 10, 11, 12, 13, 14, 15, 16]
2026-09-01T11:27:45+00:00 [17/60] initialization mutation=random_initialization fitness=0.780200 population=[1, 2, 3, 4, 5, 6, 7, 8, 9, 10, 11, 12, 13, 14, 15, 16, 17]
2026-09-01T11:30:31+00:00 [18/60] initialization mutation=random_initialization fitness=0.750600 population=[1, 2, 3, 4, 5, 6, 7, 8, 9, 10, 11, 12, 13, 14, 15, 16, 17, 18]
2026-09-01T11:32:57+00:00 [19/60] initialization mutation=random_initialization fitness=0.810600 population=[1, 2, 3, 4, 5, 6, 7, 8, 9, 10, 11, 12, 13, 14, 15, 16, 17, 18, 19]
2026-09-01T11:34:47+00:00 [20/60] initialization mutation=random_initialization fitness=0.830000 population=[1, 2, 3, 4, 5, 6, 7, 8, 9, 10, 11, 12, 13, 14, 15, 16, 17, 18, 19, 20]
2026-09-01T11:37:13+00:00 [21/60] evolution mutation=hidden_state fitness=0.807600 population=[2, 3, 4, 5, 6, 7, 8, 9, 10, 11, 12, 13, 14, 15, 16, 17, 18, 19, 20, 21]
2026-09-01T11:39:12+00:00 [22/60] evolution mutation=operation fitness=0.817200 population=[3, 4, 5, 6, 7, 8, 9, 10, 11, 12, 13, 14, 15, 16, 17, 18, 19, 20, 21, 22]
2026-09-01T11:41:02+00:00 [23/60] evolution mutation=hidden_state fitness=0.824400 population=[4, 5, 6, 7, 8, 9, 10, 11, 12, 13, 14, 15, 16, 17, 18, 19, 20, 21, 22, 23]
2026-09-01T11:43:01+00:00 [24/60] evolution mutation=identity fitness=0.827200 population=[5, 6, 7, 8, 9, 10, 11, 12, 13, 14, 15, 16, 17, 18, 19, 20, 21, 22, 23, 24]
2026-09-01T11:44:53+00:00 [25/60] evolution mutation=operation fitness=0.813600 population=[6, 7, 8, 9, 10, 11, 12, 13, 14, 15, 16, 17, 18, 19, 20, 21, 22, 23, 24, 25]
2026-09-01T11:46:43+00:00 [26/60] evolution mutation=hidden_state fitness=0.819400 population=[7, 8, 9, 10, 11, 12, 13, 14, 15, 16, 17, 18, 19, 20, 21, 22, 23, 24, 25, 26]
2026-09-01T11:48:41+00:00 [27/60] evolution mutation=operation fitness=0.817600 population=[8, 9, 10, 11, 12, 13, 14, 15, 16, 17, 18, 19, 20, 21, 22, 23, 24, 25, 26, 27]
2026-09-01T11:50:38+00:00 [28/60] evolution mutation=hidden_state fitness=0.808000 population=[9, 10, 11, 12, 13, 14, 15, 16, 17, 18, 19, 20, 21, 22, 23, 24, 25, 26, 27, 28]
2026-09-01T11:52:52+00:00 [29/60] evolution mutation=operation fitness=0.819800 population=[10, 11, 12, 13, 14, 15, 16, 17, 18, 19, 20, 21, 22, 23, 24, 25, 26, 27, 28, 29]
2026-09-01T11:54:51+00:00 [30/60] evolution mutation=hidden_state fitness=0.822200 population=[11, 12, 13, 14, 15, 16, 17, 18, 19, 20, 21, 22, 23, 24, 25, 26, 27, 28, 29, 30]
2026-09-01T11:56:50+00:00 [31/60] evolution mutation=operation fitness=0.811200 population=[12, 13, 14, 15, 16, 17, 18, 19, 20, 21, 22, 23, 24, 25, 26, 27, 28, 29, 30, 31]
2026-09-01T11:58:39+00:00 [32/60] evolution mutation=operation fitness=0.824800 population=[13, 14, 15, 16, 17, 18, 19, 20, 21, 22, 23, 24, 25, 26, 27, 28, 29, 30, 31, 32]
2026-09-01T12:00:29+00:00 [33/60] evolution mutation=hidden_state fitness=0.817600 population=[14, 15, 16, 17, 18, 19, 20, 21, 22, 23, 24, 25, 26, 27, 28, 29, 30, 31, 32, 33]
2026-09-01T12:02:42+00:00 [34/60] evolution mutation=operation fitness=0.823000 population=[15, 16, 17, 18, 19, 20, 21, 22, 23, 24, 25, 26, 27, 28, 29, 30, 31, 32, 33, 34]
2026-09-01T12:04:36+00:00 [35/60] evolution mutation=hidden_state fitness=0.823400 population=[16, 17, 18, 19, 20, 21, 22, 23, 24, 25, 26, 27, 28, 29, 30, 31, 32, 33, 34, 35]
2026-09-01T12:06:25+00:00 [36/60] evolution mutation=hidden_state fitness=0.827000 population=[17, 18, 19, 20, 21, 22, 23, 24, 25, 26, 27, 28, 29, 30, 31, 32, 33, 34, 35, 36]
2026-09-01T12:08:23+00:00 [37/60] evolution mutation=operation fitness=0.824000 population=[18, 19, 20, 21, 22, 23, 24, 25, 26, 27, 28, 29, 30, 31, 32, 33, 34, 35, 36, 37]
2026-09-01T12:10:10+00:00 [38/60] evolution mutation=hidden_state fitness=0.822800 population=[19, 20, 21, 22, 23, 24, 25, 26, 27, 28, 29, 30, 31, 32, 33, 34, 35, 36, 37, 38]
2026-09-01T12:12:09+00:00 [39/60] evolution mutation=operation fitness=0.818000 population=[20, 21, 22, 23, 24, 25, 26, 27, 28, 29, 30, 31, 32, 33, 34, 35, 36, 37, 38, 39]
2026-09-01T12:13:58+00:00 [40/60] evolution mutation=hidden_state fitness=0.822800 population=[21, 22, 23, 24, 25, 26, 27, 28, 29, 30, 31, 32, 33, 34, 35, 36, 37, 38, 39, 40]
2026-09-01T12:15:49+00:00 [41/60] evolution mutation=operation fitness=0.823600 population=[22, 23, 24, 25, 26, 27, 28, 29, 30, 31, 32, 33, 34, 35, 36, 37, 38, 39, 40, 41]
2026-09-01T12:17:48+00:00 [42/60] evolution mutation=operation fitness=0.823400 population=[23, 24, 25, 26, 27, 28, 29, 30, 31, 32, 33, 34, 35, 36, 37, 38, 39, 40, 41, 42]
2026-09-01T12:19:41+00:00 [43/60] evolution mutation=identity fitness=0.822400 population=[24, 25, 26, 27, 28, 29, 30, 31, 32, 33, 34, 35, 36, 37, 38, 39, 40, 41, 42, 43]
2026-09-01T12:21:31+00:00 [44/60] evolution mutation=operation fitness=0.825000 population=[25, 26, 27, 28, 29, 30, 31, 32, 33, 34, 35, 36, 37, 38, 39, 40, 41, 42, 43, 44]
2026-09-01T12:23:32+00:00 [45/60] evolution mutation=hidden_state fitness=0.824000 population=[26, 27, 28, 29, 30, 31, 32, 33, 34, 35, 36, 37, 38, 39, 40, 41, 42, 43, 44, 45]
2026-09-01T12:25:30+00:00 [46/60] evolution mutation=operation fitness=0.821400 population=[27, 28, 29, 30, 31, 32, 33, 34, 35, 36, 37, 38, 39, 40, 41, 42, 43, 44, 45, 46]
2026-09-01T12:27:32+00:00 [47/60] evolution mutation=operation fitness=0.819600 population=[28, 29, 30, 31, 32, 33, 34, 35, 36, 37, 38, 39, 40, 41, 42, 43, 44, 45, 46, 47]
2026-09-01T12:29:23+00:00 [48/60] evolution mutation=hidden_state fitness=0.821800 population=[29, 30, 31, 32, 33, 34, 35, 36, 37, 38, 39, 40, 41, 42, 43, 44, 45, 46, 47, 48]
2026-09-01T12:31:28+00:00 [49/60] evolution mutation=operation fitness=0.816400 population=[30, 31, 32, 33, 34, 35, 36, 37, 38, 39, 40, 41, 42, 43, 44, 45, 46, 47, 48, 49]
2026-09-01T12:33:24+00:00 [50/60] evolution mutation=operation fitness=0.821400 population=[31, 32, 33, 34, 35, 36, 37, 38, 39, 40, 41, 42, 43, 44, 45, 46, 47, 48, 49, 50]
2026-09-01T12:35:07+00:00 [51/60] evolution mutation=operation fitness=0.819800 population=[32, 33, 34, 35, 36, 37, 38, 39, 40, 41, 42, 43, 44, 45, 46, 47, 48, 49, 50, 51]
2026-09-01T12:36:52+00:00 [52/60] evolution mutation=operation fitness=0.827600 population=[33, 34, 35, 36, 37, 38, 39, 40, 41, 42, 43, 44, 45, 46, 47, 48, 49, 50, 51, 52]
2026-09-01T12:38:46+00:00 [53/60] evolution mutation=hidden_state fitness=0.820200 population=[34, 35, 36, 37, 38, 39, 40, 41, 42, 43, 44, 45, 46, 47, 48, 49, 50, 51, 52, 53]
2026-09-01T12:40:39+00:00 [54/60] evolution mutation=operation fitness=0.816000 population=[35, 36, 37, 38, 39, 40, 41, 42, 43, 44, 45, 46, 47, 48, 49, 50, 51, 52, 53, 54]
2026-09-01T12:42:18+00:00 [55/60] evolution mutation=hidden_state fitness=0.822400 population=[36, 37, 38, 39, 40, 41, 42, 43, 44, 45, 46, 47, 48, 49, 50, 51, 52, 53, 54, 55]
2026-09-01T12:44:11+00:00 [56/60] evolution mutation=operation fitness=0.821000 population=[37, 38, 39, 40, 41, 42, 43, 44, 45, 46, 47, 48, 49, 50, 51, 52, 53, 54, 55, 56]
2026-09-01T12:45:54+00:00 [57/60] evolution mutation=operation fitness=0.823000 population=[38, 39, 40, 41, 42, 43, 44, 45, 46, 47, 48, 49, 50, 51, 52, 53, 54, 55, 56, 57]
2026-09-01T12:47:39+00:00 [58/60] evolution mutation=hidden_state fitness=0.825600 population=[39, 40, 41, 42, 43, 44, 45, 46, 47, 48, 49, 50, 51, 52, 53, 54, 55, 56, 57, 58]
2026-09-01T12:49:27+00:00 [59/60] evolution mutation=hidden_state fitness=0.812600 population=[40, 41, 42, 43, 44, 45, 46, 47, 48, 49, 50, 51, 52, 53, 54, 55, 56, 57, 58, 59]
2026-09-01T12:51:14+00:00 [60/60] evolution mutation=operation fitness=0.818600 population=[41, 42, 43, 44, 45, 46, 47, 48, 49, 50, 51, 52, 53, 54, 55, 56, 57, 58, 59, 60]
2026-09-01T12:51:14+00:00 RE completed real_training_runs=60 best_fitness=0.830000
FORMAL START method=RE search_seed=1003 time=2026-09-01T10:49:43Z
START method=RE search_seed=1003 population_size=20 tournament_size=5 budget=60
[1/60] initialization mutation=random_initialization fitness=0.595800 population=[1]
[2/60] initialization mutation=random_initialization fitness=0.683800 population=[1, 2]
[3/60] initialization mutation=random_initialization fitness=0.778200 population=[1, 2, 3]
[4/60] initialization mutation=random_initialization fitness=0.746200 population=[1, 2, 3, 4]
[5/60] initialization mutation=random_initialization fitness=0.727400 population=[1, 2, 3, 4, 5]
[6/60] initialization mutation=random_initialization fitness=0.761600 population=[1, 2, 3, 4, 5, 6]
[7/60] initialization mutation=random_initialization fitness=0.747600 population=[1, 2, 3, 4, 5, 6, 7]
[8/60] initialization mutation=random_initialization fitness=0.795400 population=[1, 2, 3, 4, 5, 6, 7, 8]
[9/60] initialization mutation=random_initialization fitness=0.801400 population=[1, 2, 3, 4, 5, 6, 7, 8, 9]
[10/60] initialization mutation=random_initialization fitness=0.746400 population=[1, 2, 3, 4, 5, 6, 7, 8, 9, 10]
[11/60] initialization mutation=random_initialization fitness=0.813600 population=[1, 2, 3, 4, 5, 6, 7, 8, 9, 10, 11]
[12/60] initialization mutation=random_initialization fitness=0.754000 population=[1, 2, 3, 4, 5, 6, 7, 8, 9, 10, 11, 12]
[13/60] initialization mutation=random_initialization fitness=0.805000 population=[1, 2, 3, 4, 5, 6, 7, 8, 9, 10, 11, 12, 13]
[14/60] initialization mutation=random_initialization fitness=0.784600 population=[1, 2, 3, 4, 5, 6, 7, 8, 9, 10, 11, 12, 13, 14]
[15/60] initialization mutation=random_initialization fitness=0.713400 population=[1, 2, 3, 4, 5, 6, 7, 8, 9, 10, 11, 12, 13, 14, 15]
[16/60] initialization mutation=random_initialization fitness=0.714000 population=[1, 2, 3, 4, 5, 6, 7, 8, 9, 10, 11, 12, 13, 14, 15, 16]
[17/60] initialization mutation=random_initialization fitness=0.780200 population=[1, 2, 3, 4, 5, 6, 7, 8, 9, 10, 11, 12, 13, 14, 15, 16, 17]
[18/60] initialization mutation=random_initialization fitness=0.750600 population=[1, 2, 3, 4, 5, 6, 7, 8, 9, 10, 11, 12, 13, 14, 15, 16, 17, 18]
[19/60] initialization mutation=random_initialization fitness=0.810600 population=[1, 2, 3, 4, 5, 6, 7, 8, 9, 10, 11, 12, 13, 14, 15, 16, 17, 18, 19]
[20/60] initialization mutation=random_initialization fitness=0.830000 population=[1, 2, 3, 4, 5, 6, 7, 8, 9, 10, 11, 12, 13, 14, 15, 16, 17, 18, 19, 20]
[21/60] evolution mutation=hidden_state fitness=0.807600 population=[2, 3, 4, 5, 6, 7, 8, 9, 10, 11, 12, 13, 14, 15, 16, 17, 18, 19, 20, 21]
[22/60] evolution mutation=operation fitness=0.817200 population=[3, 4, 5, 6, 7, 8, 9, 10, 11, 12, 13, 14, 15, 16, 17, 18, 19, 20, 21, 22]
[23/60] evolution mutation=hidden_state fitness=0.824400 population=[4, 5, 6, 7, 8, 9, 10, 11, 12, 13, 14, 15, 16, 17, 18, 19, 20, 21, 22, 23]
[24/60] evolution mutation=identity fitness=0.827200 population=[5, 6, 7, 8, 9, 10, 11, 12, 13, 14, 15, 16, 17, 18, 19, 20, 21, 22, 23, 24]
[25/60] evolution mutation=operation fitness=0.813600 population=[6, 7, 8, 9, 10, 11, 12, 13, 14, 15, 16, 17, 18, 19, 20, 21, 22, 23, 24, 25]
[26/60] evolution mutation=hidden_state fitness=0.819400 population=[7, 8, 9, 10, 11, 12, 13, 14, 15, 16, 17, 18, 19, 20, 21, 22, 23, 24, 25, 26]
[27/60] evolution mutation=operation fitness=0.817600 population=[8, 9, 10, 11, 12, 13, 14, 15, 16, 17, 18, 19, 20, 21, 22, 23, 24, 25, 26, 27]
[28/60] evolution mutation=hidden_state fitness=0.808000 population=[9, 10, 11, 12, 13, 14, 15, 16, 17, 18, 19, 20, 21, 22, 23, 24, 25, 26, 27, 28]
[29/60] evolution mutation=operation fitness=0.819800 population=[10, 11, 12, 13, 14, 15, 16, 17, 18, 19, 20, 21, 22, 23, 24, 25, 26, 27, 28, 29]
[30/60] evolution mutation=hidden_state fitness=0.822200 population=[11, 12, 13, 14, 15, 16, 17, 18, 19, 20, 21, 22, 23, 24, 25, 26, 27, 28, 29, 30]
[31/60] evolution mutation=operation fitness=0.811200 population=[12, 13, 14, 15, 16, 17, 18, 19, 20, 21, 22, 23, 24, 25, 26, 27, 28, 29, 30, 31]
[32/60] evolution mutation=operation fitness=0.824800 population=[13, 14, 15, 16, 17, 18, 19, 20, 21, 22, 23, 24, 25, 26, 27, 28, 29, 30, 31, 32]
[33/60] evolution mutation=hidden_state fitness=0.817600 population=[14, 15, 16, 17, 18, 19, 20, 21, 22, 23, 24, 25, 26, 27, 28, 29, 30, 31, 32, 33]
[34/60] evolution mutation=operation fitness=0.823000 population=[15, 16, 17, 18, 19, 20, 21, 22, 23, 24, 25, 26, 27, 28, 29, 30, 31, 32, 33, 34]
[35/60] evolution mutation=hidden_state fitness=0.823400 population=[16, 17, 18, 19, 20, 21, 22, 23, 24, 25, 26, 27, 28, 29, 30, 31, 32, 33, 34, 35]
[36/60] evolution mutation=hidden_state fitness=0.827000 population=[17, 18, 19, 20, 21, 22, 23, 24, 25, 26, 27, 28, 29, 30, 31, 32, 33, 34, 35, 36]
[37/60] evolution mutation=operation fitness=0.824000 population=[18, 19, 20, 21, 22, 23, 24, 25, 26, 27, 28, 29, 30, 31, 32, 33, 34, 35, 36, 37]
[38/60] evolution mutation=hidden_state fitness=0.822800 population=[19, 20, 21, 22, 23, 24, 25, 26, 27, 28, 29, 30, 31, 32, 33, 34, 35, 36, 37, 38]
[39/60] evolution mutation=operation fitness=0.818000 population=[20, 21, 22, 23, 24, 25, 26, 27, 28, 29, 30, 31, 32, 33, 34, 35, 36, 37, 38, 39]
[40/60] evolution mutation=hidden_state fitness=0.822800 population=[21, 22, 23, 24, 25, 26, 27, 28, 29, 30, 31, 32, 33, 34, 35, 36, 37, 38, 39, 40]
[41/60] evolution mutation=operation fitness=0.823600 population=[22, 23, 24, 25, 26, 27, 28, 29, 30, 31, 32, 33, 34, 35, 36, 37, 38, 39, 40, 41]
[42/60] evolution mutation=operation fitness=0.823400 population=[23, 24, 25, 26, 27, 28, 29, 30, 31, 32, 33, 34, 35, 36, 37, 38, 39, 40, 41, 42]
[43/60] evolution mutation=identity fitness=0.822400 population=[24, 25, 26, 27, 28, 29, 30, 31, 32, 33, 34, 35, 36, 37, 38, 39, 40, 41, 42, 43]
[44/60] evolution mutation=operation fitness=0.825000 population=[25, 26, 27, 28, 29, 30, 31, 32, 33, 34, 35, 36, 37, 38, 39, 40, 41, 42, 43, 44]
[45/60] evolution mutation=hidden_state fitness=0.824000 population=[26, 27, 28, 29, 30, 31, 32, 33, 34, 35, 36, 37, 38, 39, 40, 41, 42, 43, 44, 45]
[46/60] evolution mutation=operation fitness=0.821400 population=[27, 28, 29, 30, 31, 32, 33, 34, 35, 36, 37, 38, 39, 40, 41, 42, 43, 44, 45, 46]
[47/60] evolution mutation=operation fitness=0.819600 population=[28, 29, 30, 31, 32, 33, 34, 35, 36, 37, 38, 39, 40, 41, 42, 43, 44, 45, 46, 47]
[48/60] evolution mutation=hidden_state fitness=0.821800 population=[29, 30, 31, 32, 33, 34, 35, 36, 37, 38, 39, 40, 41, 42, 43, 44, 45, 46, 47, 48]
[49/60] evolution mutation=operation fitness=0.816400 population=[30, 31, 32, 33, 34, 35, 36, 37, 38, 39, 40, 41, 42, 43, 44, 45, 46, 47, 48, 49]
[50/60] evolution mutation=operation fitness=0.821400 population=[31, 32, 33, 34, 35, 36, 37, 38, 39, 40, 41, 42, 43, 44, 45, 46, 47, 48, 49, 50]
[51/60] evolution mutation=operation fitness=0.819800 population=[32, 33, 34, 35, 36, 37, 38, 39, 40, 41, 42, 43, 44, 45, 46, 47, 48, 49, 50, 51]
[52/60] evolution mutation=operation fitness=0.827600 population=[33, 34, 35, 36, 37, 38, 39, 40, 41, 42, 43, 44, 45, 46, 47, 48, 49, 50, 51, 52]
[53/60] evolution mutation=hidden_state fitness=0.820200 population=[34, 35, 36, 37, 38, 39, 40, 41, 42, 43, 44, 45, 46, 47, 48, 49, 50, 51, 52, 53]
[54/60] evolution mutation=operation fitness=0.816000 population=[35, 36, 37, 38, 39, 40, 41, 42, 43, 44, 45, 46, 47, 48, 49, 50, 51, 52, 53, 54]
[55/60] evolution mutation=hidden_state fitness=0.822400 population=[36, 37, 38, 39, 40, 41, 42, 43, 44, 45, 46, 47, 48, 49, 50, 51, 52, 53, 54, 55]
[56/60] evolution mutation=operation fitness=0.821000 population=[37, 38, 39, 40, 41, 42, 43, 44, 45, 46, 47, 48, 49, 50, 51, 52, 53, 54, 55, 56]
[57/60] evolution mutation=operation fitness=0.823000 population=[38, 39, 40, 41, 42, 43, 44, 45, 46, 47, 48, 49, 50, 51, 52, 53, 54, 55, 56, 57]
[58/60] evolution mutation=hidden_state fitness=0.825600 population=[39, 40, 41, 42, 43, 44, 45, 46, 47, 48, 49, 50, 51, 52, 53, 54, 55, 56, 57, 58]
[59/60] evolution mutation=hidden_state fitness=0.812600 population=[40, 41, 42, 43, 44, 45, 46, 47, 48, 49, 50, 51, 52, 53, 54, 55, 56, 57, 58, 59]
[60/60] evolution mutation=operation fitness=0.818600 population=[41, 42, 43, 44, 45, 46, 47, 48, 49, 50, 51, 52, 53, 54, 55, 56, 57, 58, 59, 60]
RE completed real_training_runs=60 best_fitness=0.830000
output directory: experiments\formal\re_1003
evaluations: 60
best fitness: 0.830000
evaluations CSV: experiments\formal\re_1003\evaluations.csv
history JSON: experiments\formal\re_1003\history.json
FORMAL END method=RE search_seed=1003 exit_code=0 time=2026-09-01T12:51:15Z
