2026-09-02T12:28:12+00:00 START method=RE search_seed=1007 population_size=20 tournament_size=5 budget=60
2026-09-02T12:30:46+00:00 [1/60] initialization mutation=random_initialization fitness=0.771600 population=[1]
2026-09-02T12:33:41+00:00 [2/60] initialization mutation=random_initialization fitness=0.777800 population=[1, 2]
2026-09-02T12:36:31+00:00 [3/60] initialization mutation=random_initialization fitness=0.635400 population=[1, 2, 3]
2026-09-02T12:39:05+00:00 [4/60] initialization mutation=random_initialization fitness=0.774400 population=[1, 2, 3, 4]
2026-09-02T12:41:01+00:00 [5/60] initialization mutation=random_initialization fitness=0.800400 population=[1, 2, 3, 4, 5]
2026-09-02T12:43:41+00:00 [6/60] initialization mutation=random_initialization fitness=0.642800 population=[1, 2, 3, 4, 5, 6]
2026-09-02T12:46:18+00:00 [7/60] initialization mutation=random_initialization fitness=0.716200 population=[1, 2, 3, 4, 5, 6, 7]
2026-09-02T12:48:58+00:00 [8/60] initialization mutation=random_initialization fitness=0.702800 population=[1, 2, 3, 4, 5, 6, 7, 8]
2026-09-02T12:51:42+00:00 [9/60] initialization mutation=random_initialization fitness=0.706400 population=[1, 2, 3, 4, 5, 6, 7, 8, 9]
2026-09-02T12:53:52+00:00 [10/60] initialization mutation=random_initialization fitness=0.729000 population=[1, 2, 3, 4, 5, 6, 7, 8, 9, 10]
2026-09-02T12:56:09+00:00 [11/60] initialization mutation=random_initialization fitness=0.727200 population=[1, 2, 3, 4, 5, 6, 7, 8, 9, 10, 11]
2026-09-02T12:58:22+00:00 [12/60] initialization mutation=random_initialization fitness=0.775800 population=[1, 2, 3, 4, 5, 6, 7, 8, 9, 10, 11, 12]
2026-09-02T13:00:56+00:00 [13/60] initialization mutation=random_initialization fitness=0.702800 population=[1, 2, 3, 4, 5, 6, 7, 8, 9, 10, 11, 12, 13]
2026-09-02T13:03:27+00:00 [14/60] initialization mutation=random_initialization fitness=0.699200 population=[1, 2, 3, 4, 5, 6, 7, 8, 9, 10, 11, 12, 13, 14]
2026-09-02T13:05:56+00:00 [15/60] initialization mutation=random_initialization fitness=0.609600 population=[1, 2, 3, 4, 5, 6, 7, 8, 9, 10, 11, 12, 13, 14, 15]
2026-09-02T13:08:58+00:00 [16/60] initialization mutation=random_initialization fitness=0.627400 population=[1, 2, 3, 4, 5, 6, 7, 8, 9, 10, 11, 12, 13, 14, 15, 16]
2026-09-02T13:11:17+00:00 [17/60] initialization mutation=random_initialization fitness=0.749000 population=[1, 2, 3, 4, 5, 6, 7, 8, 9, 10, 11, 12, 13, 14, 15, 16, 17]
2026-09-02T13:13:10+00:00 [18/60] initialization mutation=random_initialization fitness=0.801800 population=[1, 2, 3, 4, 5, 6, 7, 8, 9, 10, 11, 12, 13, 14, 15, 16, 17, 18]
2026-09-02T13:15:26+00:00 [19/60] initialization mutation=random_initialization fitness=0.784000 population=[1, 2, 3, 4, 5, 6, 7, 8, 9, 10, 11, 12, 13, 14, 15, 16, 17, 18, 19]
2026-09-02T13:17:32+00:00 [20/60] initialization mutation=random_initialization fitness=0.782000 population=[1, 2, 3, 4, 5, 6, 7, 8, 9, 10, 11, 12, 13, 14, 15, 16, 17, 18, 19, 20]
2026-09-02T13:19:52+00:00 [21/60] evolution mutation=operation fitness=0.768200 population=[2, 3, 4, 5, 6, 7, 8, 9, 10, 11, 12, 13, 14, 15, 16, 17, 18, 19, 20, 21]
2026-09-02T13:22:31+00:00 [22/60] evolution mutation=operation fitness=0.732400 population=[3, 4, 5, 6, 7, 8, 9, 10, 11, 12, 13, 14, 15, 16, 17, 18, 19, 20, 21, 22]
2026-09-02T13:25:16+00:00 [23/60] evolution mutation=operation fitness=0.777800 population=[4, 5, 6, 7, 8, 9, 10, 11, 12, 13, 14, 15, 16, 17, 18, 19, 20, 21, 22, 23]
2026-09-02T13:27:23+00:00 [24/60] evolution mutation=operation fitness=0.755200 population=[5, 6, 7, 8, 9, 10, 11, 12, 13, 14, 15, 16, 17, 18, 19, 20, 21, 22, 23, 24]
2026-09-02T13:29:55+00:00 [25/60] evolution mutation=operation fitness=0.784200 population=[6, 7, 8, 9, 10, 11, 12, 13, 14, 15, 16, 17, 18, 19, 20, 21, 22, 23, 24, 25]
2026-09-02T13:32:26+00:00 [26/60] evolution mutation=hidden_state fitness=0.766800 population=[7, 8, 9, 10, 11, 12, 13, 14, 15, 16, 17, 18, 19, 20, 21, 22, 23, 24, 25, 26]
2026-09-02T13:34:56+00:00 [27/60] evolution mutation=operation fitness=0.746400 population=[8, 9, 10, 11, 12, 13, 14, 15, 16, 17, 18, 19, 20, 21, 22, 23, 24, 25, 26, 27]
2026-09-02T13:37:15+00:00 [28/60] evolution mutation=operation fitness=0.733200 population=[9, 10, 11, 12, 13, 14, 15, 16, 17, 18, 19, 20, 21, 22, 23, 24, 25, 26, 27, 28]
2026-09-02T13:39:49+00:00 [29/60] evolution mutation=hidden_state fitness=0.766400 population=[10, 11, 12, 13, 14, 15, 16, 17, 18, 19, 20, 21, 22, 23, 24, 25, 26, 27, 28, 29]
2026-09-02T13:42:19+00:00 [30/60] evolution mutation=operation fitness=0.770000 population=[11, 12, 13, 14, 15, 16, 17, 18, 19, 20, 21, 22, 23, 24, 25, 26, 27, 28, 29, 30]
2026-09-02T13:44:13+00:00 [31/60] evolution mutation=hidden_state fitness=0.809400 population=[12, 13, 14, 15, 16, 17, 18, 19, 20, 21, 22, 23, 24, 25, 26, 27, 28, 29, 30, 31]
2026-09-02T13:46:36+00:00 [32/60] evolution mutation=operation fitness=0.792600 population=[13, 14, 15, 16, 17, 18, 19, 20, 21, 22, 23, 24, 25, 26, 27, 28, 29, 30, 31, 32]
2026-09-02T13:49:08+00:00 [33/60] evolution mutation=hidden_state fitness=0.786400 population=[14, 15, 16, 17, 18, 19, 20, 21, 22, 23, 24, 25, 26, 27, 28, 29, 30, 31, 32, 33]
2026-09-02T13:51:09+00:00 [34/60] evolution mutation=operation fitness=0.784400 population=[15, 16, 17, 18, 19, 20, 21, 22, 23, 24, 25, 26, 27, 28, 29, 30, 31, 32, 33, 34]
2026-09-02T13:53:39+00:00 [35/60] evolution mutation=operation fitness=0.800400 population=[16, 17, 18, 19, 20, 21, 22, 23, 24, 25, 26, 27, 28, 29, 30, 31, 32, 33, 34, 35]
2026-09-02T13:56:10+00:00 [36/60] evolution mutation=operation fitness=0.796600 population=[17, 18, 19, 20, 21, 22, 23, 24, 25, 26, 27, 28, 29, 30, 31, 32, 33, 34, 35, 36]
2026-09-02T13:58:40+00:00 [37/60] evolution mutation=hidden_state fitness=0.781600 population=[18, 19, 20, 21, 22, 23, 24, 25, 26, 27, 28, 29, 30, 31, 32, 33, 34, 35, 36, 37]
2026-09-02T14:01:10+00:00 [38/60] evolution mutation=operation fitness=0.801400 population=[19, 20, 21, 22, 23, 24, 25, 26, 27, 28, 29, 30, 31, 32, 33, 34, 35, 36, 37, 38]
2026-09-02T14:03:05+00:00 [39/60] evolution mutation=hidden_state fitness=0.824600 population=[20, 21, 22, 23, 24, 25, 26, 27, 28, 29, 30, 31, 32, 33, 34, 35, 36, 37, 38, 39]
2026-09-02T14:04:59+00:00 [40/60] evolution mutation=hidden_state fitness=0.799800 population=[21, 22, 23, 24, 25, 26, 27, 28, 29, 30, 31, 32, 33, 34, 35, 36, 37, 38, 39, 40]
2026-09-02T14:07:29+00:00 [41/60] evolution mutation=identity fitness=0.762600 population=[22, 23, 24, 25, 26, 27, 28, 29, 30, 31, 32, 33, 34, 35, 36, 37, 38, 39, 40, 41]
2026-09-02T14:09:35+00:00 [42/60] evolution mutation=operation fitness=0.792200 population=[23, 24, 25, 26, 27, 28, 29, 30, 31, 32, 33, 34, 35, 36, 37, 38, 39, 40, 41, 42]
2026-09-02T14:12:10+00:00 [43/60] evolution mutation=operation fitness=0.774800 population=[24, 25, 26, 27, 28, 29, 30, 31, 32, 33, 34, 35, 36, 37, 38, 39, 40, 41, 42, 43]
2026-09-02T14:14:37+00:00 [44/60] evolution mutation=hidden_state fitness=0.784800 population=[25, 26, 27, 28, 29, 30, 31, 32, 33, 34, 35, 36, 37, 38, 39, 40, 41, 42, 43, 44]
2026-09-02T14:16:28+00:00 [45/60] evolution mutation=hidden_state fitness=0.816800 population=[26, 27, 28, 29, 30, 31, 32, 33, 34, 35, 36, 37, 38, 39, 40, 41, 42, 43, 44, 45]
2026-09-02T14:18:08+00:00 [46/60] evolution mutation=operation fitness=0.824600 population=[27, 28, 29, 30, 31, 32, 33, 34, 35, 36, 37, 38, 39, 40, 41, 42, 43, 44, 45, 46]
2026-09-02T14:20:34+00:00 [47/60] evolution mutation=hidden_state fitness=0.775400 population=[28, 29, 30, 31, 32, 33, 34, 35, 36, 37, 38, 39, 40, 41, 42, 43, 44, 45, 46, 47]
2026-09-02T14:22:14+00:00 [48/60] evolution mutation=operation fitness=0.816000 population=[29, 30, 31, 32, 33, 34, 35, 36, 37, 38, 39, 40, 41, 42, 43, 44, 45, 46, 47, 48]
2026-09-02T14:24:09+00:00 [49/60] evolution mutation=hidden_state fitness=0.822800 population=[30, 31, 32, 33, 34, 35, 36, 37, 38, 39, 40, 41, 42, 43, 44, 45, 46, 47, 48, 49]
2026-09-02T14:25:55+00:00 [50/60] evolution mutation=operation fitness=0.828000 population=[31, 32, 33, 34, 35, 36, 37, 38, 39, 40, 41, 42, 43, 44, 45, 46, 47, 48, 49, 50]
2026-09-02T14:27:47+00:00 [51/60] evolution mutation=hidden_state fitness=0.817200 population=[32, 33, 34, 35, 36, 37, 38, 39, 40, 41, 42, 43, 44, 45, 46, 47, 48, 49, 50, 51]
2026-09-02T14:29:33+00:00 [52/60] evolution mutation=hidden_state fitness=0.830400 population=[33, 34, 35, 36, 37, 38, 39, 40, 41, 42, 43, 44, 45, 46, 47, 48, 49, 50, 51, 52]
2026-09-02T14:31:14+00:00 [53/60] evolution mutation=hidden_state fitness=0.824200 population=[34, 35, 36, 37, 38, 39, 40, 41, 42, 43, 44, 45, 46, 47, 48, 49, 50, 51, 52, 53]
2026-09-02T14:33:05+00:00 [54/60] evolution mutation=identity fitness=0.828400 population=[35, 36, 37, 38, 39, 40, 41, 42, 43, 44, 45, 46, 47, 48, 49, 50, 51, 52, 53, 54]
2026-09-02T14:34:56+00:00 [55/60] evolution mutation=hidden_state fitness=0.819200 population=[36, 37, 38, 39, 40, 41, 42, 43, 44, 45, 46, 47, 48, 49, 50, 51, 52, 53, 54, 55]
2026-09-02T14:36:43+00:00 [56/60] evolution mutation=hidden_state fitness=0.820400 population=[37, 38, 39, 40, 41, 42, 43, 44, 45, 46, 47, 48, 49, 50, 51, 52, 53, 54, 55, 56]
2026-09-02T14:38:29+00:00 [57/60] evolution mutation=hidden_state fitness=0.820600 population=[38, 39, 40, 41, 42, 43, 44, 45, 46, 47, 48, 49, 50, 51, 52, 53, 54, 55, 56, 57]
2026-09-02T14:40:17+00:00 [58/60] evolution mutation=operation fitness=0.826400 population=[39, 40, 41, 42, 43, 44, 45, 46, 47, 48, 49, 50, 51, 52, 53, 54, 55, 56, 57, 58]
2026-09-02T14:42:05+00:00 [59/60] evolution mutation=operation fitness=0.803200 population=[40, 41, 42, 43, 44, 45, 46, 47, 48, 49, 50, 51, 52, 53, 54, 55, 56, 57, 58, 59]
2026-09-02T14:43:53+00:00 [60/60] evolution mutation=hidden_state fitness=0.827800 population=[41, 42, 43, 44, 45, 46, 47, 48, 49, 50, 51, 52, 53, 54, 55, 56, 57, 58, 59, 60]
2026-09-02T14:43:53+00:00 RE completed real_training_runs=60 best_fitness=0.830400
FORMAL START method=RE search_seed=1007 time=2026-09-02T12:28:11Z
START method=RE search_seed=1007 population_size=20 tournament_size=5 budget=60
[1/60] initialization mutation=random_initialization fitness=0.771600 population=[1]
[2/60] initialization mutation=random_initialization fitness=0.777800 population=[1, 2]
[3/60] initialization mutation=random_initialization fitness=0.635400 population=[1, 2, 3]
[4/60] initialization mutation=random_initialization fitness=0.774400 population=[1, 2, 3, 4]
[5/60] initialization mutation=random_initialization fitness=0.800400 population=[1, 2, 3, 4, 5]
[6/60] initialization mutation=random_initialization fitness=0.642800 population=[1, 2, 3, 4, 5, 6]
[7/60] initialization mutation=random_initialization fitness=0.716200 population=[1, 2, 3, 4, 5, 6, 7]
[8/60] initialization mutation=random_initialization fitness=0.702800 population=[1, 2, 3, 4, 5, 6, 7, 8]
[9/60] initialization mutation=random_initialization fitness=0.706400 population=[1, 2, 3, 4, 5, 6, 7, 8, 9]
[10/60] initialization mutation=random_initialization fitness=0.729000 population=[1, 2, 3, 4, 5, 6, 7, 8, 9, 10]
[11/60] initialization mutation=random_initialization fitness=0.727200 population=[1, 2, 3, 4, 5, 6, 7, 8, 9, 10, 11]
[12/60] initialization mutation=random_initialization fitness=0.775800 population=[1, 2, 3, 4, 5, 6, 7, 8, 9, 10, 11, 12]
[13/60] initialization mutation=random_initialization fitness=0.702800 population=[1, 2, 3, 4, 5, 6, 7, 8, 9, 10, 11, 12, 13]
[14/60] initialization mutation=random_initialization fitness=0.699200 population=[1, 2, 3, 4, 5, 6, 7, 8, 9, 10, 11, 12, 13, 14]
[15/60] initialization mutation=random_initialization fitness=0.609600 population=[1, 2, 3, 4, 5, 6, 7, 8, 9, 10, 11, 12, 13, 14, 15]
[16/60] initialization mutation=random_initialization fitness=0.627400 population=[1, 2, 3, 4, 5, 6, 7, 8, 9, 10, 11, 12, 13, 14, 15, 16]
[17/60] initialization mutation=random_initialization fitness=0.749000 population=[1, 2, 3, 4, 5, 6, 7, 8, 9, 10, 11, 12, 13, 14, 15, 16, 17]
[18/60] initialization mutation=random_initialization fitness=0.801800 population=[1, 2, 3, 4, 5, 6, 7, 8, 9, 10, 11, 12, 13, 14, 15, 16, 17, 18]
[19/60] initialization mutation=random_initialization fitness=0.784000 population=[1, 2, 3, 4, 5, 6, 7, 8, 9, 10, 11, 12, 13, 14, 15, 16, 17, 18, 19]
[20/60] initialization mutation=random_initialization fitness=0.782000 population=[1, 2, 3, 4, 5, 6, 7, 8, 9, 10, 11, 12, 13, 14, 15, 16, 17, 18, 19, 20]
[21/60] evolution mutation=operation fitness=0.768200 population=[2, 3, 4, 5, 6, 7, 8, 9, 10, 11, 12, 13, 14, 15, 16, 17, 18, 19, 20, 21]
[22/60] evolution mutation=operation fitness=0.732400 population=[3, 4, 5, 6, 7, 8, 9, 10, 11, 12, 13, 14, 15, 16, 17, 18, 19, 20, 21, 22]
[23/60] evolution mutation=operation fitness=0.777800 population=[4, 5, 6, 7, 8, 9, 10, 11, 12, 13, 14, 15, 16, 17, 18, 19, 20, 21, 22, 23]
[24/60] evolution mutation=operation fitness=0.755200 population=[5, 6, 7, 8, 9, 10, 11, 12, 13, 14, 15, 16, 17, 18, 19, 20, 21, 22, 23, 24]
[25/60] evolution mutation=operation fitness=0.784200 population=[6, 7, 8, 9, 10, 11, 12, 13, 14, 15, 16, 17, 18, 19, 20, 21, 22, 23, 24, 25]
[26/60] evolution mutation=hidden_state fitness=0.766800 population=[7, 8, 9, 10, 11, 12, 13, 14, 15, 16, 17, 18, 19, 20, 21, 22, 23, 24, 25, 26]
[27/60] evolution mutation=operation fitness=0.746400 population=[8, 9, 10, 11, 12, 13, 14, 15, 16, 17, 18, 19, 20, 21, 22, 23, 24, 25, 26, 27]
[28/60] evolution mutation=operation fitness=0.733200 population=[9, 10, 11, 12, 13, 14, 15, 16, 17, 18, 19, 20, 21, 22, 23, 24, 25, 26, 27, 28]
[29/60] evolution mutation=hidden_state fitness=0.766400 population=[10, 11, 12, 13, 14, 15, 16, 17, 18, 19, 20, 21, 22, 23, 24, 25, 26, 27, 28, 29]
[30/60] evolution mutation=operation fitness=0.770000 population=[11, 12, 13, 14, 15, 16, 17, 18, 19, 20, 21, 22, 23, 24, 25, 26, 27, 28, 29, 30]
[31/60] evolution mutation=hidden_state fitness=0.809400 population=[12, 13, 14, 15, 16, 17, 18, 19, 20, 21, 22, 23, 24, 25, 26, 27, 28, 29, 30, 31]
[32/60] evolution mutation=operation fitness=0.792600 population=[13, 14, 15, 16, 17, 18, 19, 20, 21, 22, 23, 24, 25, 26, 27, 28, 29, 30, 31, 32]
[33/60] evolution mutation=hidden_state fitness=0.786400 population=[14, 15, 16, 17, 18, 19, 20, 21, 22, 23, 24, 25, 26, 27, 28, 29, 30, 31, 32, 33]
[34/60] evolution mutation=operation fitness=0.784400 population=[15, 16, 17, 18, 19, 20, 21, 22, 23, 24, 25, 26, 27, 28, 29, 30, 31, 32, 33, 34]
[35/60] evolution mutation=operation fitness=0.800400 population=[16, 17, 18, 19, 20, 21, 22, 23, 24, 25, 26, 27, 28, 29, 30, 31, 32, 33, 34, 35]
[36/60] evolution mutation=operation fitness=0.796600 population=[17, 18, 19, 20, 21, 22, 23, 24, 25, 26, 27, 28, 29, 30, 31, 32, 33, 34, 35, 36]
[37/60] evolution mutation=hidden_state fitness=0.781600 population=[18, 19, 20, 21, 22, 23, 24, 25, 26, 27, 28, 29, 30, 31, 32, 33, 34, 35, 36, 37]
[38/60] evolution mutation=operation fitness=0.801400 population=[19, 20, 21, 22, 23, 24, 25, 26, 27, 28, 29, 30, 31, 32, 33, 34, 35, 36, 37, 38]
[39/60] evolution mutation=hidden_state fitness=0.824600 population=[20, 21, 22, 23, 24, 25, 26, 27, 28, 29, 30, 31, 32, 33, 34, 35, 36, 37, 38, 39]
[40/60] evolution mutation=hidden_state fitness=0.799800 population=[21, 22, 23, 24, 25, 26, 27, 28, 29, 30, 31, 32, 33, 34, 35, 36, 37, 38, 39, 40]
[41/60] evolution mutation=identity fitness=0.762600 population=[22, 23, 24, 25, 26, 27, 28, 29, 30, 31, 32, 33, 34, 35, 36, 37, 38, 39, 40, 41]
[42/60] evolution mutation=operation fitness=0.792200 population=[23, 24, 25, 26, 27, 28, 29, 30, 31, 32, 33, 34, 35, 36, 37, 38, 39, 40, 41, 42]
[43/60] evolution mutation=operation fitness=0.774800 population=[24, 25, 26, 27, 28, 29, 30, 31, 32, 33, 34, 35, 36, 37, 38, 39, 40, 41, 42, 43]
[44/60] evolution mutation=hidden_state fitness=0.784800 population=[25, 26, 27, 28, 29, 30, 31, 32, 33, 34, 35, 36, 37, 38, 39, 40, 41, 42, 43, 44]
[45/60] evolution mutation=hidden_state fitness=0.816800 population=[26, 27, 28, 29, 30, 31, 32, 33, 34, 35, 36, 37, 38, 39, 40, 41, 42, 43, 44, 45]
[46/60] evolution mutation=operation fitness=0.824600 population=[27, 28, 29, 30, 31, 32, 33, 34, 35, 36, 37, 38, 39, 40, 41, 42, 43, 44, 45, 46]
[47/60] evolution mutation=hidden_state fitness=0.775400 population=[28, 29, 30, 31, 32, 33, 34, 35, 36, 37, 38, 39, 40, 41, 42, 43, 44, 45, 46, 47]
[48/60] evolution mutation=operation fitness=0.816000 population=[29, 30, 31, 32, 33, 34, 35, 36, 37, 38, 39, 40, 41, 42, 43, 44, 45, 46, 47, 48]
[49/60] evolution mutation=hidden_state fitness=0.822800 population=[30, 31, 32, 33, 34, 35, 36, 37, 38, 39, 40, 41, 42, 43, 44, 45, 46, 47, 48, 49]
[50/60] evolution mutation=operation fitness=0.828000 population=[31, 32, 33, 34, 35, 36, 37, 38, 39, 40, 41, 42, 43, 44, 45, 46, 47, 48, 49, 50]
[51/60] evolution mutation=hidden_state fitness=0.817200 population=[32, 33, 34, 35, 36, 37, 38, 39, 40, 41, 42, 43, 44, 45, 46, 47, 48, 49, 50, 51]
[52/60] evolution mutation=hidden_state fitness=0.830400 population=[33, 34, 35, 36, 37, 38, 39, 40, 41, 42, 43, 44, 45, 46, 47, 48, 49, 50, 51, 52]
[53/60] evolution mutation=hidden_state fitness=0.824200 population=[34, 35, 36, 37, 38, 39, 40, 41, 42, 43, 44, 45, 46, 47, 48, 49, 50, 51, 52, 53]
[54/60] evolution mutation=identity fitness=0.828400 population=[35, 36, 37, 38, 39, 40, 41, 42, 43, 44, 45, 46, 47, 48, 49, 50, 51, 52, 53, 54]
[55/60] evolution mutation=hidden_state fitness=0.819200 population=[36, 37, 38, 39, 40, 41, 42, 43, 44, 45, 46, 47, 48, 49, 50, 51, 52, 53, 54, 55]
[56/60] evolution mutation=hidden_state fitness=0.820400 population=[37, 38, 39, 40, 41, 42, 43, 44, 45, 46, 47, 48, 49, 50, 51, 52, 53, 54, 55, 56]
[57/60] evolution mutation=hidden_state fitness=0.820600 population=[38, 39, 40, 41, 42, 43, 44, 45, 46, 47, 48, 49, 50, 51, 52, 53, 54, 55, 56, 57]
[58/60] evolution mutation=operation fitness=0.826400 population=[39, 40, 41, 42, 43, 44, 45, 46, 47, 48, 49, 50, 51, 52, 53, 54, 55, 56, 57, 58]
[59/60] evolution mutation=operation fitness=0.803200 population=[40, 41, 42, 43, 44, 45, 46, 47, 48, 49, 50, 51, 52, 53, 54, 55, 56, 57, 58, 59]
[60/60] evolution mutation=hidden_state fitness=0.827800 population=[41, 42, 43, 44, 45, 46, 47, 48, 49, 50, 51, 52, 53, 54, 55, 56, 57, 58, 59, 60]
RE completed real_training_runs=60 best_fitness=0.830400
output directory: experiments\formal\re_1007
evaluations: 60
best fitness: 0.830400
evaluations CSV: experiments\formal\re_1007\evaluations.csv
history JSON: experiments\formal\re_1007\history.json
FORMAL END method=RE search_seed=1007 exit_code=0 time=2026-09-02T14:43:54Z
