2026-09-01T03:23:01+00:00 START method=RE search_seed=1002 population_size=20 tournament_size=5 budget=60
2026-09-01T03:26:06+00:00 [1/60] initialization mutation=random_initialization fitness=0.693800 population=[1]
2026-09-01T03:29:03+00:00 [2/60] initialization mutation=random_initialization fitness=0.734800 population=[1, 2]
2026-09-01T03:30:41+00:00 [3/60] initialization mutation=random_initialization fitness=0.785400 population=[1, 2, 3]
2026-09-01T03:33:01+00:00 [4/60] initialization mutation=random_initialization fitness=0.807400 population=[1, 2, 3, 4]
2026-09-01T03:35:35+00:00 [5/60] initialization mutation=random_initialization fitness=0.704400 population=[1, 2, 3, 4, 5]
2026-09-01T03:38:22+00:00 [6/60] initialization mutation=random_initialization fitness=0.672000 population=[1, 2, 3, 4, 5, 6]
2026-09-01T03:40:45+00:00 [7/60] initialization mutation=random_initialization fitness=0.774000 population=[1, 2, 3, 4, 5, 6, 7]
2026-09-01T03:43:06+00:00 [8/60] initialization mutation=random_initialization fitness=0.775600 population=[1, 2, 3, 4, 5, 6, 7, 8]
2026-09-01T03:45:39+00:00 [9/60] initialization mutation=random_initialization fitness=0.699000 population=[1, 2, 3, 4, 5, 6, 7, 8, 9]
2026-09-01T03:48:23+00:00 [10/60] initialization mutation=random_initialization fitness=0.673200 population=[1, 2, 3, 4, 5, 6, 7, 8, 9, 10]
2026-09-01T03:50:13+00:00 [11/60] initialization mutation=random_initialization fitness=0.738600 population=[1, 2, 3, 4, 5, 6, 7, 8, 9, 10, 11]
2026-09-01T03:52:17+00:00 [12/60] initialization mutation=random_initialization fitness=0.783200 population=[1, 2, 3, 4, 5, 6, 7, 8, 9, 10, 11, 12]
2026-09-01T03:54:28+00:00 [13/60] initialization mutation=random_initialization fitness=0.637000 population=[1, 2, 3, 4, 5, 6, 7, 8, 9, 10, 11, 12, 13]
2026-09-01T03:57:09+00:00 [14/60] initialization mutation=random_initialization fitness=0.763800 population=[1, 2, 3, 4, 5, 6, 7, 8, 9, 10, 11, 12, 13, 14]
2026-09-01T04:00:00+00:00 [15/60] initialization mutation=random_initialization fitness=0.565800 population=[1, 2, 3, 4, 5, 6, 7, 8, 9, 10, 11, 12, 13, 14, 15]
2026-09-01T04:01:57+00:00 [16/60] initialization mutation=random_initialization fitness=0.812200 population=[1, 2, 3, 4, 5, 6, 7, 8, 9, 10, 11, 12, 13, 14, 15, 16]
2026-09-01T04:04:24+00:00 [17/60] initialization mutation=random_initialization fitness=0.803200 population=[1, 2, 3, 4, 5, 6, 7, 8, 9, 10, 11, 12, 13, 14, 15, 16, 17]
2026-09-01T04:06:19+00:00 [18/60] initialization mutation=random_initialization fitness=0.803200 population=[1, 2, 3, 4, 5, 6, 7, 8, 9, 10, 11, 12, 13, 14, 15, 16, 17, 18]
2026-09-01T04:08:32+00:00 [19/60] initialization mutation=random_initialization fitness=0.712200 population=[1, 2, 3, 4, 5, 6, 7, 8, 9, 10, 11, 12, 13, 14, 15, 16, 17, 18, 19]
2026-09-01T04:11:22+00:00 [20/60] initialization mutation=random_initialization fitness=0.795600 population=[1, 2, 3, 4, 5, 6, 7, 8, 9, 10, 11, 12, 13, 14, 15, 16, 17, 18, 19, 20]
2026-09-01T04:14:30+00:00 [21/60] evolution mutation=hidden_state fitness=0.751000 population=[2, 3, 4, 5, 6, 7, 8, 9, 10, 11, 12, 13, 14, 15, 16, 17, 18, 19, 20, 21]
2026-09-01T04:16:37+00:00 [22/60] evolution mutation=operation fitness=0.820200 population=[3, 4, 5, 6, 7, 8, 9, 10, 11, 12, 13, 14, 15, 16, 17, 18, 19, 20, 21, 22]
2026-09-01T04:18:32+00:00 [23/60] evolution mutation=hidden_state fitness=0.825200 population=[4, 5, 6, 7, 8, 9, 10, 11, 12, 13, 14, 15, 16, 17, 18, 19, 20, 21, 22, 23]
2026-09-01T04:21:20+00:00 [24/60] evolution mutation=hidden_state fitness=0.756400 population=[5, 6, 7, 8, 9, 10, 11, 12, 13, 14, 15, 16, 17, 18, 19, 20, 21, 22, 23, 24]
2026-09-01T04:23:28+00:00 [25/60] evolution mutation=hidden_state fitness=0.764400 population=[6, 7, 8, 9, 10, 11, 12, 13, 14, 15, 16, 17, 18, 19, 20, 21, 22, 23, 24, 25]
2026-09-01T04:25:21+00:00 [26/60] evolution mutation=hidden_state fitness=0.812600 population=[7, 8, 9, 10, 11, 12, 13, 14, 15, 16, 17, 18, 19, 20, 21, 22, 23, 24, 25, 26]
2026-09-01T04:27:09+00:00 [27/60] evolution mutation=hidden_state fitness=0.815400 population=[8, 9, 10, 11, 12, 13, 14, 15, 16, 17, 18, 19, 20, 21, 22, 23, 24, 25, 26, 27]
2026-09-01T04:29:00+00:00 [28/60] evolution mutation=identity fitness=0.812800 population=[9, 10, 11, 12, 13, 14, 15, 16, 17, 18, 19, 20, 21, 22, 23, 24, 25, 26, 27, 28]
2026-09-01T04:31:00+00:00 [29/60] evolution mutation=identity fitness=0.808800 population=[10, 11, 12, 13, 14, 15, 16, 17, 18, 19, 20, 21, 22, 23, 24, 25, 26, 27, 28, 29]
2026-09-01T04:32:48+00:00 [30/60] evolution mutation=operation fitness=0.825400 population=[11, 12, 13, 14, 15, 16, 17, 18, 19, 20, 21, 22, 23, 24, 25, 26, 27, 28, 29, 30]
2026-09-01T04:34:44+00:00 [31/60] evolution mutation=operation fitness=0.795800 population=[12, 13, 14, 15, 16, 17, 18, 19, 20, 21, 22, 23, 24, 25, 26, 27, 28, 29, 30, 31]
2026-09-01T04:36:46+00:00 [32/60] evolution mutation=hidden_state fitness=0.805600 population=[13, 14, 15, 16, 17, 18, 19, 20, 21, 22, 23, 24, 25, 26, 27, 28, 29, 30, 31, 32]
2026-09-01T04:38:46+00:00 [33/60] evolution mutation=hidden_state fitness=0.816600 population=[14, 15, 16, 17, 18, 19, 20, 21, 22, 23, 24, 25, 26, 27, 28, 29, 30, 31, 32, 33]
2026-09-01T04:40:34+00:00 [34/60] evolution mutation=hidden_state fitness=0.816800 population=[15, 16, 17, 18, 19, 20, 21, 22, 23, 24, 25, 26, 27, 28, 29, 30, 31, 32, 33, 34]
2026-09-01T04:42:22+00:00 [35/60] evolution mutation=operation fitness=0.814000 population=[16, 17, 18, 19, 20, 21, 22, 23, 24, 25, 26, 27, 28, 29, 30, 31, 32, 33, 34, 35]
2026-09-01T04:44:14+00:00 [36/60] evolution mutation=operation fitness=0.813000 population=[17, 18, 19, 20, 21, 22, 23, 24, 25, 26, 27, 28, 29, 30, 31, 32, 33, 34, 35, 36]
2026-09-01T04:46:01+00:00 [37/60] evolution mutation=operation fitness=0.823400 population=[18, 19, 20, 21, 22, 23, 24, 25, 26, 27, 28, 29, 30, 31, 32, 33, 34, 35, 36, 37]
2026-09-01T04:47:49+00:00 [38/60] evolution mutation=hidden_state fitness=0.826400 population=[19, 20, 21, 22, 23, 24, 25, 26, 27, 28, 29, 30, 31, 32, 33, 34, 35, 36, 37, 38]
2026-09-01T04:49:36+00:00 [39/60] evolution mutation=hidden_state fitness=0.820400 population=[20, 21, 22, 23, 24, 25, 26, 27, 28, 29, 30, 31, 32, 33, 34, 35, 36, 37, 38, 39]
2026-09-01T04:51:24+00:00 [40/60] evolution mutation=hidden_state fitness=0.811800 population=[21, 22, 23, 24, 25, 26, 27, 28, 29, 30, 31, 32, 33, 34, 35, 36, 37, 38, 39, 40]
2026-09-01T04:53:14+00:00 [41/60] evolution mutation=operation fitness=0.820200 population=[22, 23, 24, 25, 26, 27, 28, 29, 30, 31, 32, 33, 34, 35, 36, 37, 38, 39, 40, 41]
2026-09-01T04:55:09+00:00 [42/60] evolution mutation=operation fitness=0.814000 population=[23, 24, 25, 26, 27, 28, 29, 30, 31, 32, 33, 34, 35, 36, 37, 38, 39, 40, 41, 42]
2026-09-01T04:56:57+00:00 [43/60] evolution mutation=hidden_state fitness=0.822000 population=[24, 25, 26, 27, 28, 29, 30, 31, 32, 33, 34, 35, 36, 37, 38, 39, 40, 41, 42, 43]
2026-09-01T04:58:42+00:00 [44/60] evolution mutation=operation fitness=0.808400 population=[25, 26, 27, 28, 29, 30, 31, 32, 33, 34, 35, 36, 37, 38, 39, 40, 41, 42, 43, 44]
2026-09-01T05:00:29+00:00 [45/60] evolution mutation=hidden_state fitness=0.806800 population=[26, 27, 28, 29, 30, 31, 32, 33, 34, 35, 36, 37, 38, 39, 40, 41, 42, 43, 44, 45]
2026-09-01T05:02:15+00:00 [46/60] evolution mutation=hidden_state fitness=0.822200 population=[27, 28, 29, 30, 31, 32, 33, 34, 35, 36, 37, 38, 39, 40, 41, 42, 43, 44, 45, 46]
2026-09-01T05:04:00+00:00 [47/60] evolution mutation=hidden_state fitness=0.813800 population=[28, 29, 30, 31, 32, 33, 34, 35, 36, 37, 38, 39, 40, 41, 42, 43, 44, 45, 46, 47]
2026-09-01T05:05:44+00:00 [48/60] evolution mutation=hidden_state fitness=0.815800 population=[29, 30, 31, 32, 33, 34, 35, 36, 37, 38, 39, 40, 41, 42, 43, 44, 45, 46, 47, 48]
2026-09-01T05:07:25+00:00 [49/60] evolution mutation=operation fitness=0.825600 population=[30, 31, 32, 33, 34, 35, 36, 37, 38, 39, 40, 41, 42, 43, 44, 45, 46, 47, 48, 49]
2026-09-01T05:09:08+00:00 [50/60] evolution mutation=hidden_state fitness=0.812200 population=[31, 32, 33, 34, 35, 36, 37, 38, 39, 40, 41, 42, 43, 44, 45, 46, 47, 48, 49, 50]
2026-09-01T05:10:55+00:00 [51/60] evolution mutation=hidden_state fitness=0.811800 population=[32, 33, 34, 35, 36, 37, 38, 39, 40, 41, 42, 43, 44, 45, 46, 47, 48, 49, 50, 51]
2026-09-01T05:12:38+00:00 [52/60] evolution mutation=hidden_state fitness=0.814400 population=[33, 34, 35, 36, 37, 38, 39, 40, 41, 42, 43, 44, 45, 46, 47, 48, 49, 50, 51, 52]
2026-09-01T05:14:23+00:00 [53/60] evolution mutation=operation fitness=0.825400 population=[34, 35, 36, 37, 38, 39, 40, 41, 42, 43, 44, 45, 46, 47, 48, 49, 50, 51, 52, 53]
2026-09-01T05:16:11+00:00 [54/60] evolution mutation=operation fitness=0.828000 population=[35, 36, 37, 38, 39, 40, 41, 42, 43, 44, 45, 46, 47, 48, 49, 50, 51, 52, 53, 54]
2026-09-01T05:18:02+00:00 [55/60] evolution mutation=operation fitness=0.812000 population=[36, 37, 38, 39, 40, 41, 42, 43, 44, 45, 46, 47, 48, 49, 50, 51, 52, 53, 54, 55]
2026-09-01T05:19:48+00:00 [56/60] evolution mutation=hidden_state fitness=0.823400 population=[37, 38, 39, 40, 41, 42, 43, 44, 45, 46, 47, 48, 49, 50, 51, 52, 53, 54, 55, 56]
2026-09-01T05:21:35+00:00 [57/60] evolution mutation=operation fitness=0.816800 population=[38, 39, 40, 41, 42, 43, 44, 45, 46, 47, 48, 49, 50, 51, 52, 53, 54, 55, 56, 57]
2026-09-01T05:23:22+00:00 [58/60] evolution mutation=hidden_state fitness=0.827600 population=[39, 40, 41, 42, 43, 44, 45, 46, 47, 48, 49, 50, 51, 52, 53, 54, 55, 56, 57, 58]
2026-09-01T05:25:19+00:00 [59/60] evolution mutation=operation fitness=0.808000 population=[40, 41, 42, 43, 44, 45, 46, 47, 48, 49, 50, 51, 52, 53, 54, 55, 56, 57, 58, 59]
2026-09-01T05:27:23+00:00 [60/60] evolution mutation=operation fitness=0.811200 population=[41, 42, 43, 44, 45, 46, 47, 48, 49, 50, 51, 52, 53, 54, 55, 56, 57, 58, 59, 60]
2026-09-01T05:27:23+00:00 RE completed real_training_runs=60 best_fitness=0.828000
FORMAL START method=RE search_seed=1002 time=2026-09-01T03:23:00Z
START method=RE search_seed=1002 population_size=20 tournament_size=5 budget=60
[1/60] initialization mutation=random_initialization fitness=0.693800 population=[1]
[2/60] initialization mutation=random_initialization fitness=0.734800 population=[1, 2]
[3/60] initialization mutation=random_initialization fitness=0.785400 population=[1, 2, 3]
[4/60] initialization mutation=random_initialization fitness=0.807400 population=[1, 2, 3, 4]
[5/60] initialization mutation=random_initialization fitness=0.704400 population=[1, 2, 3, 4, 5]
[6/60] initialization mutation=random_initialization fitness=0.672000 population=[1, 2, 3, 4, 5, 6]
[7/60] initialization mutation=random_initialization fitness=0.774000 population=[1, 2, 3, 4, 5, 6, 7]
[8/60] initialization mutation=random_initialization fitness=0.775600 population=[1, 2, 3, 4, 5, 6, 7, 8]
[9/60] initialization mutation=random_initialization fitness=0.699000 population=[1, 2, 3, 4, 5, 6, 7, 8, 9]
[10/60] initialization mutation=random_initialization fitness=0.673200 population=[1, 2, 3, 4, 5, 6, 7, 8, 9, 10]
[11/60] initialization mutation=random_initialization fitness=0.738600 population=[1, 2, 3, 4, 5, 6, 7, 8, 9, 10, 11]
[12/60] initialization mutation=random_initialization fitness=0.783200 population=[1, 2, 3, 4, 5, 6, 7, 8, 9, 10, 11, 12]
[13/60] initialization mutation=random_initialization fitness=0.637000 population=[1, 2, 3, 4, 5, 6, 7, 8, 9, 10, 11, 12, 13]
[14/60] initialization mutation=random_initialization fitness=0.763800 population=[1, 2, 3, 4, 5, 6, 7, 8, 9, 10, 11, 12, 13, 14]
[15/60] initialization mutation=random_initialization fitness=0.565800 population=[1, 2, 3, 4, 5, 6, 7, 8, 9, 10, 11, 12, 13, 14, 15]
[16/60] initialization mutation=random_initialization fitness=0.812200 population=[1, 2, 3, 4, 5, 6, 7, 8, 9, 10, 11, 12, 13, 14, 15, 16]
[17/60] initialization mutation=random_initialization fitness=0.803200 population=[1, 2, 3, 4, 5, 6, 7, 8, 9, 10, 11, 12, 13, 14, 15, 16, 17]
[18/60] initialization mutation=random_initialization fitness=0.803200 population=[1, 2, 3, 4, 5, 6, 7, 8, 9, 10, 11, 12, 13, 14, 15, 16, 17, 18]
[19/60] initialization mutation=random_initialization fitness=0.712200 population=[1, 2, 3, 4, 5, 6, 7, 8, 9, 10, 11, 12, 13, 14, 15, 16, 17, 18, 19]
[20/60] initialization mutation=random_initialization fitness=0.795600 population=[1, 2, 3, 4, 5, 6, 7, 8, 9, 10, 11, 12, 13, 14, 15, 16, 17, 18, 19, 20]
[21/60] evolution mutation=hidden_state fitness=0.751000 population=[2, 3, 4, 5, 6, 7, 8, 9, 10, 11, 12, 13, 14, 15, 16, 17, 18, 19, 20, 21]
[22/60] evolution mutation=operation fitness=0.820200 population=[3, 4, 5, 6, 7, 8, 9, 10, 11, 12, 13, 14, 15, 16, 17, 18, 19, 20, 21, 22]
[23/60] evolution mutation=hidden_state fitness=0.825200 population=[4, 5, 6, 7, 8, 9, 10, 11, 12, 13, 14, 15, 16, 17, 18, 19, 20, 21, 22, 23]
[24/60] evolution mutation=hidden_state fitness=0.756400 population=[5, 6, 7, 8, 9, 10, 11, 12, 13, 14, 15, 16, 17, 18, 19, 20, 21, 22, 23, 24]
[25/60] evolution mutation=hidden_state fitness=0.764400 population=[6, 7, 8, 9, 10, 11, 12, 13, 14, 15, 16, 17, 18, 19, 20, 21, 22, 23, 24, 25]
[26/60] evolution mutation=hidden_state fitness=0.812600 population=[7, 8, 9, 10, 11, 12, 13, 14, 15, 16, 17, 18, 19, 20, 21, 22, 23, 24, 25, 26]
[27/60] evolution mutation=hidden_state fitness=0.815400 population=[8, 9, 10, 11, 12, 13, 14, 15, 16, 17, 18, 19, 20, 21, 22, 23, 24, 25, 26, 27]
[28/60] evolution mutation=identity fitness=0.812800 population=[9, 10, 11, 12, 13, 14, 15, 16, 17, 18, 19, 20, 21, 22, 23, 24, 25, 26, 27, 28]
[29/60] evolution mutation=identity fitness=0.808800 population=[10, 11, 12, 13, 14, 15, 16, 17, 18, 19, 20, 21, 22, 23, 24, 25, 26, 27, 28, 29]
[30/60] evolution mutation=operation fitness=0.825400 population=[11, 12, 13, 14, 15, 16, 17, 18, 19, 20, 21, 22, 23, 24, 25, 26, 27, 28, 29, 30]
[31/60] evolution mutation=operation fitness=0.795800 population=[12, 13, 14, 15, 16, 17, 18, 19, 20, 21, 22, 23, 24, 25, 26, 27, 28, 29, 30, 31]
[32/60] evolution mutation=hidden_state fitness=0.805600 population=[13, 14, 15, 16, 17, 18, 19, 20, 21, 22, 23, 24, 25, 26, 27, 28, 29, 30, 31, 32]
[33/60] evolution mutation=hidden_state fitness=0.816600 population=[14, 15, 16, 17, 18, 19, 20, 21, 22, 23, 24, 25, 26, 27, 28, 29, 30, 31, 32, 33]
[34/60] evolution mutation=hidden_state fitness=0.816800 population=[15, 16, 17, 18, 19, 20, 21, 22, 23, 24, 25, 26, 27, 28, 29, 30, 31, 32, 33, 34]
[35/60] evolution mutation=operation fitness=0.814000 population=[16, 17, 18, 19, 20, 21, 22, 23, 24, 25, 26, 27, 28, 29, 30, 31, 32, 33, 34, 35]
[36/60] evolution mutation=operation fitness=0.813000 population=[17, 18, 19, 20, 21, 22, 23, 24, 25, 26, 27, 28, 29, 30, 31, 32, 33, 34, 35, 36]
[37/60] evolution mutation=operation fitness=0.823400 population=[18, 19, 20, 21, 22, 23, 24, 25, 26, 27, 28, 29, 30, 31, 32, 33, 34, 35, 36, 37]
[38/60] evolution mutation=hidden_state fitness=0.826400 population=[19, 20, 21, 22, 23, 24, 25, 26, 27, 28, 29, 30, 31, 32, 33, 34, 35, 36, 37, 38]
[39/60] evolution mutation=hidden_state fitness=0.820400 population=[20, 21, 22, 23, 24, 25, 26, 27, 28, 29, 30, 31, 32, 33, 34, 35, 36, 37, 38, 39]
[40/60] evolution mutation=hidden_state fitness=0.811800 population=[21, 22, 23, 24, 25, 26, 27, 28, 29, 30, 31, 32, 33, 34, 35, 36, 37, 38, 39, 40]
[41/60] evolution mutation=operation fitness=0.820200 population=[22, 23, 24, 25, 26, 27, 28, 29, 30, 31, 32, 33, 34, 35, 36, 37, 38, 39, 40, 41]
[42/60] evolution mutation=operation fitness=0.814000 population=[23, 24, 25, 26, 27, 28, 29, 30, 31, 32, 33, 34, 35, 36, 37, 38, 39, 40, 41, 42]
[43/60] evolution mutation=hidden_state fitness=0.822000 population=[24, 25, 26, 27, 28, 29, 30, 31, 32, 33, 34, 35, 36, 37, 38, 39, 40, 41, 42, 43]
[44/60] evolution mutation=operation fitness=0.808400 population=[25, 26, 27, 28, 29, 30, 31, 32, 33, 34, 35, 36, 37, 38, 39, 40, 41, 42, 43, 44]
[45/60] evolution mutation=hidden_state fitness=0.806800 population=[26, 27, 28, 29, 30, 31, 32, 33, 34, 35, 36, 37, 38, 39, 40, 41, 42, 43, 44, 45]
[46/60] evolution mutation=hidden_state fitness=0.822200 population=[27, 28, 29, 30, 31, 32, 33, 34, 35, 36, 37, 38, 39, 40, 41, 42, 43, 44, 45, 46]
[47/60] evolution mutation=hidden_state fitness=0.813800 population=[28, 29, 30, 31, 32, 33, 34, 35, 36, 37, 38, 39, 40, 41, 42, 43, 44, 45, 46, 47]
[48/60] evolution mutation=hidden_state fitness=0.815800 population=[29, 30, 31, 32, 33, 34, 35, 36, 37, 38, 39, 40, 41, 42, 43, 44, 45, 46, 47, 48]
[49/60] evolution mutation=operation fitness=0.825600 population=[30, 31, 32, 33, 34, 35, 36, 37, 38, 39, 40, 41, 42, 43, 44, 45, 46, 47, 48, 49]
[50/60] evolution mutation=hidden_state fitness=0.812200 population=[31, 32, 33, 34, 35, 36, 37, 38, 39, 40, 41, 42, 43, 44, 45, 46, 47, 48, 49, 50]
[51/60] evolution mutation=hidden_state fitness=0.811800 population=[32, 33, 34, 35, 36, 37, 38, 39, 40, 41, 42, 43, 44, 45, 46, 47, 48, 49, 50, 51]
[52/60] evolution mutation=hidden_state fitness=0.814400 population=[33, 34, 35, 36, 37, 38, 39, 40, 41, 42, 43, 44, 45, 46, 47, 48, 49, 50, 51, 52]
[53/60] evolution mutation=operation fitness=0.825400 population=[34, 35, 36, 37, 38, 39, 40, 41, 42, 43, 44, 45, 46, 47, 48, 49, 50, 51, 52, 53]
[54/60] evolution mutation=operation fitness=0.828000 population=[35, 36, 37, 38, 39, 40, 41, 42, 43, 44, 45, 46, 47, 48, 49, 50, 51, 52, 53, 54]
[55/60] evolution mutation=operation fitness=0.812000 population=[36, 37, 38, 39, 40, 41, 42, 43, 44, 45, 46, 47, 48, 49, 50, 51, 52, 53, 54, 55]
[56/60] evolution mutation=hidden_state fitness=0.823400 population=[37, 38, 39, 40, 41, 42, 43, 44, 45, 46, 47, 48, 49, 50, 51, 52, 53, 54, 55, 56]
[57/60] evolution mutation=operation fitness=0.816800 population=[38, 39, 40, 41, 42, 43, 44, 45, 46, 47, 48, 49, 50, 51, 52, 53, 54, 55, 56, 57]
[58/60] evolution mutation=hidden_state fitness=0.827600 population=[39, 40, 41, 42, 43, 44, 45, 46, 47, 48, 49, 50, 51, 52, 53, 54, 55, 56, 57, 58]
[59/60] evolution mutation=operation fitness=0.808000 population=[40, 41, 42, 43, 44, 45, 46, 47, 48, 49, 50, 51, 52, 53, 54, 55, 56, 57, 58, 59]
[60/60] evolution mutation=operation fitness=0.811200 population=[41, 42, 43, 44, 45, 46, 47, 48, 49, 50, 51, 52, 53, 54, 55, 56, 57, 58, 59, 60]
RE completed real_training_runs=60 best_fitness=0.828000
output directory: experiments\formal\re_1002
evaluations: 60
best fitness: 0.828000
evaluations CSV: experiments\formal\re_1002\evaluations.csv
history JSON: experiments\formal\re_1002\history.json
FORMAL END method=RE search_seed=1002 exit_code=0 time=2026-09-01T05:27:23Z
