2026-08-27T04:03:27+00:00 START method=RE search_seed=2702 population_size=20 tournament_size=5 budget=30
2026-08-27T04:06:03+00:00 [1/30] initialization mutation=random_initialization fitness=0.751800 population=[1]
2026-08-27T04:08:18+00:00 [2/30] initialization mutation=random_initialization fitness=0.804400 population=[1, 2]
2026-08-27T04:10:45+00:00 [3/30] initialization mutation=random_initialization fitness=0.764600 population=[1, 2, 3]
2026-08-27T04:13:02+00:00 [4/30] initialization mutation=random_initialization fitness=0.809200 population=[1, 2, 3, 4]
2026-08-27T04:15:57+00:00 [5/30] initialization mutation=random_initialization fitness=0.757000 population=[1, 2, 3, 4, 5]
2026-08-27T04:18:50+00:00 [6/30] initialization mutation=random_initialization fitness=0.641400 population=[1, 2, 3, 4, 5, 6]
2026-08-27T04:21:11+00:00 [7/30] initialization mutation=random_initialization fitness=0.768000 population=[1, 2, 3, 4, 5, 6, 7]
2026-08-27T04:23:03+00:00 [8/30] initialization mutation=random_initialization fitness=0.777800 population=[1, 2, 3, 4, 5, 6, 7, 8]
2026-08-27T04:26:09+00:00 [9/30] initialization mutation=random_initialization fitness=0.748200 population=[1, 2, 3, 4, 5, 6, 7, 8, 9]
2026-08-27T04:28:38+00:00 [10/30] initialization mutation=random_initialization fitness=0.785000 population=[1, 2, 3, 4, 5, 6, 7, 8, 9, 10]
2026-08-27T04:31:03+00:00 [11/30] initialization mutation=random_initialization fitness=0.766400 population=[1, 2, 3, 4, 5, 6, 7, 8, 9, 10, 11]
2026-08-27T04:33:44+00:00 [12/30] initialization mutation=random_initialization fitness=0.735000 population=[1, 2, 3, 4, 5, 6, 7, 8, 9, 10, 11, 12]
2026-08-27T04:35:55+00:00 [13/30] initialization mutation=random_initialization fitness=0.812400 population=[1, 2, 3, 4, 5, 6, 7, 8, 9, 10, 11, 12, 13]
2026-08-27T04:38:29+00:00 [14/30] initialization mutation=random_initialization fitness=0.760600 population=[1, 2, 3, 4, 5, 6, 7, 8, 9, 10, 11, 12, 13, 14]
2026-08-27T04:40:54+00:00 [15/30] initialization mutation=random_initialization fitness=0.786600 population=[1, 2, 3, 4, 5, 6, 7, 8, 9, 10, 11, 12, 13, 14, 15]
2026-08-27T04:43:09+00:00 [16/30] initialization mutation=random_initialization fitness=0.756400 population=[1, 2, 3, 4, 5, 6, 7, 8, 9, 10, 11, 12, 13, 14, 15, 16]
2026-08-27T04:45:27+00:00 [17/30] initialization mutation=random_initialization fitness=0.786200 population=[1, 2, 3, 4, 5, 6, 7, 8, 9, 10, 11, 12, 13, 14, 15, 16, 17]
2026-08-27T04:47:14+00:00 [18/30] initialization mutation=random_initialization fitness=0.801000 population=[1, 2, 3, 4, 5, 6, 7, 8, 9, 10, 11, 12, 13, 14, 15, 16, 17, 18]
2026-08-27T04:49:48+00:00 [19/30] initialization mutation=random_initialization fitness=0.704800 population=[1, 2, 3, 4, 5, 6, 7, 8, 9, 10, 11, 12, 13, 14, 15, 16, 17, 18, 19]
2026-08-27T04:52:21+00:00 [20/30] initialization mutation=random_initialization fitness=0.665800 population=[1, 2, 3, 4, 5, 6, 7, 8, 9, 10, 11, 12, 13, 14, 15, 16, 17, 18, 19, 20]
2026-08-27T04:54:07+00:00 [21/30] evolution mutation=hidden_state fitness=0.815600 population=[2, 3, 4, 5, 6, 7, 8, 9, 10, 11, 12, 13, 14, 15, 16, 17, 18, 19, 20, 21]
2026-08-27T04:56:33+00:00 [22/30] evolution mutation=operation fitness=0.790200 population=[3, 4, 5, 6, 7, 8, 9, 10, 11, 12, 13, 14, 15, 16, 17, 18, 19, 20, 21, 22]
2026-08-27T04:58:19+00:00 [23/30] evolution mutation=hidden_state fitness=0.788600 population=[4, 5, 6, 7, 8, 9, 10, 11, 12, 13, 14, 15, 16, 17, 18, 19, 20, 21, 22, 23]
2026-08-27T05:00:06+00:00 [24/30] evolution mutation=hidden_state fitness=0.797600 population=[5, 6, 7, 8, 9, 10, 11, 12, 13, 14, 15, 16, 17, 18, 19, 20, 21, 22, 23, 24]
2026-08-27T05:01:51+00:00 [25/30] evolution mutation=hidden_state fitness=0.803400 population=[6, 7, 8, 9, 10, 11, 12, 13, 14, 15, 16, 17, 18, 19, 20, 21, 22, 23, 24, 25]
2026-08-27T05:03:37+00:00 [26/30] evolution mutation=hidden_state fitness=0.786600 population=[7, 8, 9, 10, 11, 12, 13, 14, 15, 16, 17, 18, 19, 20, 21, 22, 23, 24, 25, 26]
2026-08-27T05:05:23+00:00 [27/30] evolution mutation=hidden_state fitness=0.791000 population=[8, 9, 10, 11, 12, 13, 14, 15, 16, 17, 18, 19, 20, 21, 22, 23, 24, 25, 26, 27]
2026-08-27T05:07:21+00:00 [28/30] evolution mutation=operation fitness=0.800000 population=[9, 10, 11, 12, 13, 14, 15, 16, 17, 18, 19, 20, 21, 22, 23, 24, 25, 26, 27, 28]
2026-08-27T05:09:23+00:00 [29/30] evolution mutation=operation fitness=0.747800 population=[10, 11, 12, 13, 14, 15, 16, 17, 18, 19, 20, 21, 22, 23, 24, 25, 26, 27, 28, 29]
2026-08-27T05:11:11+00:00 [30/30] evolution mutation=operation fitness=0.813000 population=[11, 12, 13, 14, 15, 16, 17, 18, 19, 20, 21, 22, 23, 24, 25, 26, 27, 28, 29, 30]
2026-08-27T05:11:11+00:00 RE completed real_training_runs=30 best_fitness=0.815600
