2026-09-03T07:06:50+00:00 START method=RE search_seed=1010 population_size=20 tournament_size=5 budget=60
2026-09-03T07:09:18+00:00 [1/60] initialization mutation=random_initialization fitness=0.753400 population=[1]
2026-09-03T07:11:55+00:00 [2/60] initialization mutation=random_initialization fitness=0.793800 population=[1, 2]
2026-09-03T07:14:22+00:00 [3/60] initialization mutation=random_initialization fitness=0.750600 population=[1, 2, 3]
2026-09-03T07:16:38+00:00 [4/60] initialization mutation=random_initialization fitness=0.740600 population=[1, 2, 3, 4]
2026-09-03T07:19:37+00:00 [5/60] initialization mutation=random_initialization fitness=0.617600 population=[1, 2, 3, 4, 5]
2026-09-03T07:22:04+00:00 [6/60] initialization mutation=random_initialization fitness=0.710600 population=[1, 2, 3, 4, 5, 6]
2026-09-03T07:24:23+00:00 [7/60] initialization mutation=random_initialization fitness=0.730000 population=[1, 2, 3, 4, 5, 6, 7]
2026-09-03T07:26:43+00:00 [8/60] initialization mutation=random_initialization fitness=0.765000 population=[1, 2, 3, 4, 5, 6, 7, 8]
2026-09-03T07:29:39+00:00 [9/60] initialization mutation=random_initialization fitness=0.763000 population=[1, 2, 3, 4, 5, 6, 7, 8, 9]
2026-09-03T07:31:59+00:00 [10/60] initialization mutation=random_initialization fitness=0.796600 population=[1, 2, 3, 4, 5, 6, 7, 8, 9, 10]
2026-09-03T07:34:10+00:00 [11/60] initialization mutation=random_initialization fitness=0.784200 population=[1, 2, 3, 4, 5, 6, 7, 8, 9, 10, 11]
2026-09-03T07:36:50+00:00 [12/60] initialization mutation=random_initialization fitness=0.745800 population=[1, 2, 3, 4, 5, 6, 7, 8, 9, 10, 11, 12]
2026-09-03T07:39:33+00:00 [13/60] initialization mutation=random_initialization fitness=0.755800 population=[1, 2, 3, 4, 5, 6, 7, 8, 9, 10, 11, 12, 13]
2026-09-03T07:42:14+00:00 [14/60] initialization mutation=random_initialization fitness=0.801400 population=[1, 2, 3, 4, 5, 6, 7, 8, 9, 10, 11, 12, 13, 14]
2026-09-03T07:45:02+00:00 [15/60] initialization mutation=random_initialization fitness=0.680800 population=[1, 2, 3, 4, 5, 6, 7, 8, 9, 10, 11, 12, 13, 14, 15]
2026-09-03T07:47:57+00:00 [16/60] initialization mutation=random_initialization fitness=0.743200 population=[1, 2, 3, 4, 5, 6, 7, 8, 9, 10, 11, 12, 13, 14, 15, 16]
2026-09-03T07:50:11+00:00 [17/60] initialization mutation=random_initialization fitness=0.742800 population=[1, 2, 3, 4, 5, 6, 7, 8, 9, 10, 11, 12, 13, 14, 15, 16, 17]
2026-09-03T07:52:29+00:00 [18/60] initialization mutation=random_initialization fitness=0.806000 population=[1, 2, 3, 4, 5, 6, 7, 8, 9, 10, 11, 12, 13, 14, 15, 16, 17, 18]
2026-09-03T07:55:36+00:00 [19/60] initialization mutation=random_initialization fitness=0.647800 population=[1, 2, 3, 4, 5, 6, 7, 8, 9, 10, 11, 12, 13, 14, 15, 16, 17, 18, 19]
2026-09-03T07:57:53+00:00 [20/60] initialization mutation=random_initialization fitness=0.756600 population=[1, 2, 3, 4, 5, 6, 7, 8, 9, 10, 11, 12, 13, 14, 15, 16, 17, 18, 19, 20]
2026-09-03T07:59:59+00:00 [21/60] evolution mutation=operation fitness=0.795400 population=[2, 3, 4, 5, 6, 7, 8, 9, 10, 11, 12, 13, 14, 15, 16, 17, 18, 19, 20, 21]
2026-09-03T08:02:38+00:00 [22/60] evolution mutation=hidden_state fitness=0.784200 population=[3, 4, 5, 6, 7, 8, 9, 10, 11, 12, 13, 14, 15, 16, 17, 18, 19, 20, 21, 22]
2026-09-03T08:05:35+00:00 [23/60] evolution mutation=operation fitness=0.786000 population=[4, 5, 6, 7, 8, 9, 10, 11, 12, 13, 14, 15, 16, 17, 18, 19, 20, 21, 22, 23]
2026-09-03T08:08:34+00:00 [24/60] evolution mutation=hidden_state fitness=0.777800 population=[5, 6, 7, 8, 9, 10, 11, 12, 13, 14, 15, 16, 17, 18, 19, 20, 21, 22, 23, 24]
2026-09-03T08:11:03+00:00 [25/60] evolution mutation=operation fitness=0.795000 population=[6, 7, 8, 9, 10, 11, 12, 13, 14, 15, 16, 17, 18, 19, 20, 21, 22, 23, 24, 25]
2026-09-03T08:13:23+00:00 [26/60] evolution mutation=operation fitness=0.798000 population=[7, 8, 9, 10, 11, 12, 13, 14, 15, 16, 17, 18, 19, 20, 21, 22, 23, 24, 25, 26]
2026-09-03T08:15:59+00:00 [27/60] evolution mutation=hidden_state fitness=0.800800 population=[8, 9, 10, 11, 12, 13, 14, 15, 16, 17, 18, 19, 20, 21, 22, 23, 24, 25, 26, 27]
2026-09-03T08:18:09+00:00 [28/60] evolution mutation=hidden_state fitness=0.798200 population=[9, 10, 11, 12, 13, 14, 15, 16, 17, 18, 19, 20, 21, 22, 23, 24, 25, 26, 27, 28]
2026-09-03T08:20:28+00:00 [29/60] evolution mutation=hidden_state fitness=0.796400 population=[10, 11, 12, 13, 14, 15, 16, 17, 18, 19, 20, 21, 22, 23, 24, 25, 26, 27, 28, 29]
2026-09-03T08:22:49+00:00 [30/60] evolution mutation=operation fitness=0.815000 population=[11, 12, 13, 14, 15, 16, 17, 18, 19, 20, 21, 22, 23, 24, 25, 26, 27, 28, 29, 30]
2026-09-03T08:25:16+00:00 [31/60] evolution mutation=operation fitness=0.800600 population=[12, 13, 14, 15, 16, 17, 18, 19, 20, 21, 22, 23, 24, 25, 26, 27, 28, 29, 30, 31]
2026-09-03T08:27:35+00:00 [32/60] evolution mutation=hidden_state fitness=0.812400 population=[13, 14, 15, 16, 17, 18, 19, 20, 21, 22, 23, 24, 25, 26, 27, 28, 29, 30, 31, 32]
2026-09-03T08:29:45+00:00 [33/60] evolution mutation=operation fitness=0.804800 population=[14, 15, 16, 17, 18, 19, 20, 21, 22, 23, 24, 25, 26, 27, 28, 29, 30, 31, 32, 33]
2026-09-03T08:32:03+00:00 [34/60] evolution mutation=hidden_state fitness=0.719200 population=[15, 16, 17, 18, 19, 20, 21, 22, 23, 24, 25, 26, 27, 28, 29, 30, 31, 32, 33, 34]
2026-09-03T08:34:37+00:00 [35/60] evolution mutation=hidden_state fitness=0.783800 population=[16, 17, 18, 19, 20, 21, 22, 23, 24, 25, 26, 27, 28, 29, 30, 31, 32, 33, 34, 35]
2026-09-03T08:36:55+00:00 [36/60] evolution mutation=hidden_state fitness=0.804600 population=[17, 18, 19, 20, 21, 22, 23, 24, 25, 26, 27, 28, 29, 30, 31, 32, 33, 34, 35, 36]
2026-09-03T08:39:19+00:00 [37/60] evolution mutation=hidden_state fitness=0.813400 population=[18, 19, 20, 21, 22, 23, 24, 25, 26, 27, 28, 29, 30, 31, 32, 33, 34, 35, 36, 37]
2026-09-03T08:41:39+00:00 [38/60] evolution mutation=operation fitness=0.809400 population=[19, 20, 21, 22, 23, 24, 25, 26, 27, 28, 29, 30, 31, 32, 33, 34, 35, 36, 37, 38]
2026-09-03T08:44:00+00:00 [39/60] evolution mutation=operation fitness=0.804800 population=[20, 21, 22, 23, 24, 25, 26, 27, 28, 29, 30, 31, 32, 33, 34, 35, 36, 37, 38, 39]
2026-09-03T08:46:25+00:00 [40/60] evolution mutation=operation fitness=0.808400 population=[21, 22, 23, 24, 25, 26, 27, 28, 29, 30, 31, 32, 33, 34, 35, 36, 37, 38, 39, 40]
2026-09-03T08:48:53+00:00 [41/60] evolution mutation=hidden_state fitness=0.799000 population=[22, 23, 24, 25, 26, 27, 28, 29, 30, 31, 32, 33, 34, 35, 36, 37, 38, 39, 40, 41]
2026-09-03T08:51:18+00:00 [42/60] evolution mutation=hidden_state fitness=0.810400 population=[23, 24, 25, 26, 27, 28, 29, 30, 31, 32, 33, 34, 35, 36, 37, 38, 39, 40, 41, 42]
2026-09-03T08:53:40+00:00 [43/60] evolution mutation=operation fitness=0.798200 population=[24, 25, 26, 27, 28, 29, 30, 31, 32, 33, 34, 35, 36, 37, 38, 39, 40, 41, 42, 43]
2026-09-03T08:55:54+00:00 [44/60] evolution mutation=identity fitness=0.805000 population=[25, 26, 27, 28, 29, 30, 31, 32, 33, 34, 35, 36, 37, 38, 39, 40, 41, 42, 43, 44]
2026-09-03T08:58:10+00:00 [45/60] evolution mutation=operation fitness=0.797800 population=[26, 27, 28, 29, 30, 31, 32, 33, 34, 35, 36, 37, 38, 39, 40, 41, 42, 43, 44, 45]
2026-09-03T09:00:22+00:00 [46/60] evolution mutation=hidden_state fitness=0.810400 population=[27, 28, 29, 30, 31, 32, 33, 34, 35, 36, 37, 38, 39, 40, 41, 42, 43, 44, 45, 46]
2026-09-03T09:02:32+00:00 [47/60] evolution mutation=hidden_state fitness=0.811200 population=[28, 29, 30, 31, 32, 33, 34, 35, 36, 37, 38, 39, 40, 41, 42, 43, 44, 45, 46, 47]
2026-09-03T09:04:46+00:00 [48/60] evolution mutation=hidden_state fitness=0.804600 population=[29, 30, 31, 32, 33, 34, 35, 36, 37, 38, 39, 40, 41, 42, 43, 44, 45, 46, 47, 48]
2026-09-03T09:06:52+00:00 [49/60] evolution mutation=operation fitness=0.809600 population=[30, 31, 32, 33, 34, 35, 36, 37, 38, 39, 40, 41, 42, 43, 44, 45, 46, 47, 48, 49]
2026-09-03T09:09:02+00:00 [50/60] evolution mutation=hidden_state fitness=0.810000 population=[31, 32, 33, 34, 35, 36, 37, 38, 39, 40, 41, 42, 43, 44, 45, 46, 47, 48, 49, 50]
2026-09-03T09:11:36+00:00 [51/60] evolution mutation=operation fitness=0.802800 population=[32, 33, 34, 35, 36, 37, 38, 39, 40, 41, 42, 43, 44, 45, 46, 47, 48, 49, 50, 51]
2026-09-03T09:13:57+00:00 [52/60] evolution mutation=hidden_state fitness=0.808000 population=[33, 34, 35, 36, 37, 38, 39, 40, 41, 42, 43, 44, 45, 46, 47, 48, 49, 50, 51, 52]
2026-09-03T09:16:13+00:00 [53/60] evolution mutation=hidden_state fitness=0.813400 population=[34, 35, 36, 37, 38, 39, 40, 41, 42, 43, 44, 45, 46, 47, 48, 49, 50, 51, 52, 53]
2026-09-03T09:18:39+00:00 [54/60] evolution mutation=hidden_state fitness=0.802000 population=[35, 36, 37, 38, 39, 40, 41, 42, 43, 44, 45, 46, 47, 48, 49, 50, 51, 52, 53, 54]
2026-09-03T09:20:58+00:00 [55/60] evolution mutation=hidden_state fitness=0.798600 population=[36, 37, 38, 39, 40, 41, 42, 43, 44, 45, 46, 47, 48, 49, 50, 51, 52, 53, 54, 55]
2026-09-03T09:23:24+00:00 [56/60] evolution mutation=hidden_state fitness=0.805600 population=[37, 38, 39, 40, 41, 42, 43, 44, 45, 46, 47, 48, 49, 50, 51, 52, 53, 54, 55, 56]
2026-09-03T09:25:48+00:00 [57/60] evolution mutation=operation fitness=0.801000 population=[38, 39, 40, 41, 42, 43, 44, 45, 46, 47, 48, 49, 50, 51, 52, 53, 54, 55, 56, 57]
2026-09-03T09:28:03+00:00 [58/60] evolution mutation=hidden_state fitness=0.821400 population=[39, 40, 41, 42, 43, 44, 45, 46, 47, 48, 49, 50, 51, 52, 53, 54, 55, 56, 57, 58]
2026-09-03T09:30:25+00:00 [59/60] evolution mutation=operation fitness=0.806400 population=[40, 41, 42, 43, 44, 45, 46, 47, 48, 49, 50, 51, 52, 53, 54, 55, 56, 57, 58, 59]
2026-09-03T09:32:59+00:00 [60/60] evolution mutation=operation fitness=0.806000 population=[41, 42, 43, 44, 45, 46, 47, 48, 49, 50, 51, 52, 53, 54, 55, 56, 57, 58, 59, 60]
2026-09-03T09:32:59+00:00 RE completed real_training_runs=60 best_fitness=0.821400
FORMAL START method=RE search_seed=1010 time=2026-09-03T07:06:49Z
START method=RE search_seed=1010 population_size=20 tournament_size=5 budget=60
[1/60] initialization mutation=random_initialization fitness=0.753400 population=[1]
[2/60] initialization mutation=random_initialization fitness=0.793800 population=[1, 2]
[3/60] initialization mutation=random_initialization fitness=0.750600 population=[1, 2, 3]
[4/60] initialization mutation=random_initialization fitness=0.740600 population=[1, 2, 3, 4]
[5/60] initialization mutation=random_initialization fitness=0.617600 population=[1, 2, 3, 4, 5]
[6/60] initialization mutation=random_initialization fitness=0.710600 population=[1, 2, 3, 4, 5, 6]
[7/60] initialization mutation=random_initialization fitness=0.730000 population=[1, 2, 3, 4, 5, 6, 7]
[8/60] initialization mutation=random_initialization fitness=0.765000 population=[1, 2, 3, 4, 5, 6, 7, 8]
[9/60] initialization mutation=random_initialization fitness=0.763000 population=[1, 2, 3, 4, 5, 6, 7, 8, 9]
[10/60] initialization mutation=random_initialization fitness=0.796600 population=[1, 2, 3, 4, 5, 6, 7, 8, 9, 10]
[11/60] initialization mutation=random_initialization fitness=0.784200 population=[1, 2, 3, 4, 5, 6, 7, 8, 9, 10, 11]
[12/60] initialization mutation=random_initialization fitness=0.745800 population=[1, 2, 3, 4, 5, 6, 7, 8, 9, 10, 11, 12]
[13/60] initialization mutation=random_initialization fitness=0.755800 population=[1, 2, 3, 4, 5, 6, 7, 8, 9, 10, 11, 12, 13]
[14/60] initialization mutation=random_initialization fitness=0.801400 population=[1, 2, 3, 4, 5, 6, 7, 8, 9, 10, 11, 12, 13, 14]
[15/60] initialization mutation=random_initialization fitness=0.680800 population=[1, 2, 3, 4, 5, 6, 7, 8, 9, 10, 11, 12, 13, 14, 15]
[16/60] initialization mutation=random_initialization fitness=0.743200 population=[1, 2, 3, 4, 5, 6, 7, 8, 9, 10, 11, 12, 13, 14, 15, 16]
[17/60] initialization mutation=random_initialization fitness=0.742800 population=[1, 2, 3, 4, 5, 6, 7, 8, 9, 10, 11, 12, 13, 14, 15, 16, 17]
[18/60] initialization mutation=random_initialization fitness=0.806000 population=[1, 2, 3, 4, 5, 6, 7, 8, 9, 10, 11, 12, 13, 14, 15, 16, 17, 18]
[19/60] initialization mutation=random_initialization fitness=0.647800 population=[1, 2, 3, 4, 5, 6, 7, 8, 9, 10, 11, 12, 13, 14, 15, 16, 17, 18, 19]
[20/60] initialization mutation=random_initialization fitness=0.756600 population=[1, 2, 3, 4, 5, 6, 7, 8, 9, 10, 11, 12, 13, 14, 15, 16, 17, 18, 19, 20]
[21/60] evolution mutation=operation fitness=0.795400 population=[2, 3, 4, 5, 6, 7, 8, 9, 10, 11, 12, 13, 14, 15, 16, 17, 18, 19, 20, 21]
[22/60] evolution mutation=hidden_state fitness=0.784200 population=[3, 4, 5, 6, 7, 8, 9, 10, 11, 12, 13, 14, 15, 16, 17, 18, 19, 20, 21, 22]
[23/60] evolution mutation=operation fitness=0.786000 population=[4, 5, 6, 7, 8, 9, 10, 11, 12, 13, 14, 15, 16, 17, 18, 19, 20, 21, 22, 23]
[24/60] evolution mutation=hidden_state fitness=0.777800 population=[5, 6, 7, 8, 9, 10, 11, 12, 13, 14, 15, 16, 17, 18, 19, 20, 21, 22, 23, 24]
[25/60] evolution mutation=operation fitness=0.795000 population=[6, 7, 8, 9, 10, 11, 12, 13, 14, 15, 16, 17, 18, 19, 20, 21, 22, 23, 24, 25]
[26/60] evolution mutation=operation fitness=0.798000 population=[7, 8, 9, 10, 11, 12, 13, 14, 15, 16, 17, 18, 19, 20, 21, 22, 23, 24, 25, 26]
[27/60] evolution mutation=hidden_state fitness=0.800800 population=[8, 9, 10, 11, 12, 13, 14, 15, 16, 17, 18, 19, 20, 21, 22, 23, 24, 25, 26, 27]
[28/60] evolution mutation=hidden_state fitness=0.798200 population=[9, 10, 11, 12, 13, 14, 15, 16, 17, 18, 19, 20, 21, 22, 23, 24, 25, 26, 27, 28]
[29/60] evolution mutation=hidden_state fitness=0.796400 population=[10, 11, 12, 13, 14, 15, 16, 17, 18, 19, 20, 21, 22, 23, 24, 25, 26, 27, 28, 29]
[30/60] evolution mutation=operation fitness=0.815000 population=[11, 12, 13, 14, 15, 16, 17, 18, 19, 20, 21, 22, 23, 24, 25, 26, 27, 28, 29, 30]
[31/60] evolution mutation=operation fitness=0.800600 population=[12, 13, 14, 15, 16, 17, 18, 19, 20, 21, 22, 23, 24, 25, 26, 27, 28, 29, 30, 31]
[32/60] evolution mutation=hidden_state fitness=0.812400 population=[13, 14, 15, 16, 17, 18, 19, 20, 21, 22, 23, 24, 25, 26, 27, 28, 29, 30, 31, 32]
[33/60] evolution mutation=operation fitness=0.804800 population=[14, 15, 16, 17, 18, 19, 20, 21, 22, 23, 24, 25, 26, 27, 28, 29, 30, 31, 32, 33]
[34/60] evolution mutation=hidden_state fitness=0.719200 population=[15, 16, 17, 18, 19, 20, 21, 22, 23, 24, 25, 26, 27, 28, 29, 30, 31, 32, 33, 34]
[35/60] evolution mutation=hidden_state fitness=0.783800 population=[16, 17, 18, 19, 20, 21, 22, 23, 24, 25, 26, 27, 28, 29, 30, 31, 32, 33, 34, 35]
[36/60] evolution mutation=hidden_state fitness=0.804600 population=[17, 18, 19, 20, 21, 22, 23, 24, 25, 26, 27, 28, 29, 30, 31, 32, 33, 34, 35, 36]
[37/60] evolution mutation=hidden_state fitness=0.813400 population=[18, 19, 20, 21, 22, 23, 24, 25, 26, 27, 28, 29, 30, 31, 32, 33, 34, 35, 36, 37]
[38/60] evolution mutation=operation fitness=0.809400 population=[19, 20, 21, 22, 23, 24, 25, 26, 27, 28, 29, 30, 31, 32, 33, 34, 35, 36, 37, 38]
[39/60] evolution mutation=operation fitness=0.804800 population=[20, 21, 22, 23, 24, 25, 26, 27, 28, 29, 30, 31, 32, 33, 34, 35, 36, 37, 38, 39]
[40/60] evolution mutation=operation fitness=0.808400 population=[21, 22, 23, 24, 25, 26, 27, 28, 29, 30, 31, 32, 33, 34, 35, 36, 37, 38, 39, 40]
[41/60] evolution mutation=hidden_state fitness=0.799000 population=[22, 23, 24, 25, 26, 27, 28, 29, 30, 31, 32, 33, 34, 35, 36, 37, 38, 39, 40, 41]
[42/60] evolution mutation=hidden_state fitness=0.810400 population=[23, 24, 25, 26, 27, 28, 29, 30, 31, 32, 33, 34, 35, 36, 37, 38, 39, 40, 41, 42]
[43/60] evolution mutation=operation fitness=0.798200 population=[24, 25, 26, 27, 28, 29, 30, 31, 32, 33, 34, 35, 36, 37, 38, 39, 40, 41, 42, 43]
[44/60] evolution mutation=identity fitness=0.805000 population=[25, 26, 27, 28, 29, 30, 31, 32, 33, 34, 35, 36, 37, 38, 39, 40, 41, 42, 43, 44]
[45/60] evolution mutation=operation fitness=0.797800 population=[26, 27, 28, 29, 30, 31, 32, 33, 34, 35, 36, 37, 38, 39, 40, 41, 42, 43, 44, 45]
[46/60] evolution mutation=hidden_state fitness=0.810400 population=[27, 28, 29, 30, 31, 32, 33, 34, 35, 36, 37, 38, 39, 40, 41, 42, 43, 44, 45, 46]
[47/60] evolution mutation=hidden_state fitness=0.811200 population=[28, 29, 30, 31, 32, 33, 34, 35, 36, 37, 38, 39, 40, 41, 42, 43, 44, 45, 46, 47]
[48/60] evolution mutation=hidden_state fitness=0.804600 population=[29, 30, 31, 32, 33, 34, 35, 36, 37, 38, 39, 40, 41, 42, 43, 44, 45, 46, 47, 48]
[49/60] evolution mutation=operation fitness=0.809600 population=[30, 31, 32, 33, 34, 35, 36, 37, 38, 39, 40, 41, 42, 43, 44, 45, 46, 47, 48, 49]
[50/60] evolution mutation=hidden_state fitness=0.810000 population=[31, 32, 33, 34, 35, 36, 37, 38, 39, 40, 41, 42, 43, 44, 45, 46, 47, 48, 49, 50]
[51/60] evolution mutation=operation fitness=0.802800 population=[32, 33, 34, 35, 36, 37, 38, 39, 40, 41, 42, 43, 44, 45, 46, 47, 48, 49, 50, 51]
[52/60] evolution mutation=hidden_state fitness=0.808000 population=[33, 34, 35, 36, 37, 38, 39, 40, 41, 42, 43, 44, 45, 46, 47, 48, 49, 50, 51, 52]
[53/60] evolution mutation=hidden_state fitness=0.813400 population=[34, 35, 36, 37, 38, 39, 40, 41, 42, 43, 44, 45, 46, 47, 48, 49, 50, 51, 52, 53]
[54/60] evolution mutation=hidden_state fitness=0.802000 population=[35, 36, 37, 38, 39, 40, 41, 42, 43, 44, 45, 46, 47, 48, 49, 50, 51, 52, 53, 54]
[55/60] evolution mutation=hidden_state fitness=0.798600 population=[36, 37, 38, 39, 40, 41, 42, 43, 44, 45, 46, 47, 48, 49, 50, 51, 52, 53, 54, 55]
[56/60] evolution mutation=hidden_state fitness=0.805600 population=[37, 38, 39, 40, 41, 42, 43, 44, 45, 46, 47, 48, 49, 50, 51, 52, 53, 54, 55, 56]
[57/60] evolution mutation=operation fitness=0.801000 population=[38, 39, 40, 41, 42, 43, 44, 45, 46, 47, 48, 49, 50, 51, 52, 53, 54, 55, 56, 57]
[58/60] evolution mutation=hidden_state fitness=0.821400 population=[39, 40, 41, 42, 43, 44, 45, 46, 47, 48, 49, 50, 51, 52, 53, 54, 55, 56, 57, 58]
[59/60] evolution mutation=operation fitness=0.806400 population=[40, 41, 42, 43, 44, 45, 46, 47, 48, 49, 50, 51, 52, 53, 54, 55, 56, 57, 58, 59]
[60/60] evolution mutation=operation fitness=0.806000 population=[41, 42, 43, 44, 45, 46, 47, 48, 49, 50, 51, 52, 53, 54, 55, 56, 57, 58, 59, 60]
RE completed real_training_runs=60 best_fitness=0.821400
output directory: experiments\formal\re_1010
evaluations: 60
best fitness: 0.821400
evaluations CSV: experiments\formal\re_1010\evaluations.csv
history JSON: experiments\formal\re_1010\history.json
FORMAL END method=RE search_seed=1010 exit_code=0 time=2026-09-03T09:33:00Z
