2026-09-02T04:56:23+00:00 START method=RE search_seed=1006 population_size=20 tournament_size=5 budget=60
2026-09-02T04:58:32+00:00 [1/60] initialization mutation=random_initialization fitness=0.744200 population=[1]
2026-09-02T05:00:36+00:00 [2/60] initialization mutation=random_initialization fitness=0.798400 population=[1, 2]
2026-09-02T05:02:44+00:00 [3/60] initialization mutation=random_initialization fitness=0.732800 population=[1, 2, 3]
2026-09-02T05:05:18+00:00 [4/60] initialization mutation=random_initialization fitness=0.751400 population=[1, 2, 3, 4]
2026-09-02T05:08:17+00:00 [5/60] initialization mutation=random_initialization fitness=0.624400 population=[1, 2, 3, 4, 5]
2026-09-02T05:10:43+00:00 [6/60] initialization mutation=random_initialization fitness=0.814400 population=[1, 2, 3, 4, 5, 6]
2026-09-02T05:13:15+00:00 [7/60] initialization mutation=random_initialization fitness=0.704000 population=[1, 2, 3, 4, 5, 6, 7]
2026-09-02T05:15:36+00:00 [8/60] initialization mutation=random_initialization fitness=0.703200 population=[1, 2, 3, 4, 5, 6, 7, 8]
2026-09-02T05:17:34+00:00 [9/60] initialization mutation=random_initialization fitness=0.742400 population=[1, 2, 3, 4, 5, 6, 7, 8, 9]
2026-09-02T05:20:04+00:00 [10/60] initialization mutation=random_initialization fitness=0.772600 population=[1, 2, 3, 4, 5, 6, 7, 8, 9, 10]
2026-09-02T05:22:44+00:00 [11/60] initialization mutation=random_initialization fitness=0.755200 population=[1, 2, 3, 4, 5, 6, 7, 8, 9, 10, 11]
2026-09-02T05:25:06+00:00 [12/60] initialization mutation=random_initialization fitness=0.741200 population=[1, 2, 3, 4, 5, 6, 7, 8, 9, 10, 11, 12]
2026-09-02T05:27:44+00:00 [13/60] initialization mutation=random_initialization fitness=0.778800 population=[1, 2, 3, 4, 5, 6, 7, 8, 9, 10, 11, 12, 13]
2026-09-02T05:30:05+00:00 [14/60] initialization mutation=random_initialization fitness=0.793400 population=[1, 2, 3, 4, 5, 6, 7, 8, 9, 10, 11, 12, 13, 14]
2026-09-02T05:33:11+00:00 [15/60] initialization mutation=random_initialization fitness=0.768200 population=[1, 2, 3, 4, 5, 6, 7, 8, 9, 10, 11, 12, 13, 14, 15]
2026-09-02T05:35:49+00:00 [16/60] initialization mutation=random_initialization fitness=0.717600 population=[1, 2, 3, 4, 5, 6, 7, 8, 9, 10, 11, 12, 13, 14, 15, 16]
2026-09-02T05:38:28+00:00 [17/60] initialization mutation=random_initialization fitness=0.716400 population=[1, 2, 3, 4, 5, 6, 7, 8, 9, 10, 11, 12, 13, 14, 15, 16, 17]
2026-09-02T05:41:11+00:00 [18/60] initialization mutation=random_initialization fitness=0.819400 population=[1, 2, 3, 4, 5, 6, 7, 8, 9, 10, 11, 12, 13, 14, 15, 16, 17, 18]
2026-09-02T05:43:42+00:00 [19/60] initialization mutation=random_initialization fitness=0.658600 population=[1, 2, 3, 4, 5, 6, 7, 8, 9, 10, 11, 12, 13, 14, 15, 16, 17, 18, 19]
2026-09-02T05:46:23+00:00 [20/60] initialization mutation=random_initialization fitness=0.746600 population=[1, 2, 3, 4, 5, 6, 7, 8, 9, 10, 11, 12, 13, 14, 15, 16, 17, 18, 19, 20]
2026-09-02T05:48:54+00:00 [21/60] evolution mutation=hidden_state fitness=0.778000 population=[2, 3, 4, 5, 6, 7, 8, 9, 10, 11, 12, 13, 14, 15, 16, 17, 18, 19, 20, 21]
2026-09-02T05:51:28+00:00 [22/60] evolution mutation=operation fitness=0.806000 population=[3, 4, 5, 6, 7, 8, 9, 10, 11, 12, 13, 14, 15, 16, 17, 18, 19, 20, 21, 22]
2026-09-02T05:53:48+00:00 [23/60] evolution mutation=operation fitness=0.802200 population=[4, 5, 6, 7, 8, 9, 10, 11, 12, 13, 14, 15, 16, 17, 18, 19, 20, 21, 22, 23]
2026-09-02T05:56:28+00:00 [24/60] evolution mutation=identity fitness=0.831600 population=[5, 6, 7, 8, 9, 10, 11, 12, 13, 14, 15, 16, 17, 18, 19, 20, 21, 22, 23, 24]
2026-09-02T05:59:01+00:00 [25/60] evolution mutation=hidden_state fitness=0.804000 population=[6, 7, 8, 9, 10, 11, 12, 13, 14, 15, 16, 17, 18, 19, 20, 21, 22, 23, 24, 25]
2026-09-02T06:01:31+00:00 [26/60] evolution mutation=operation fitness=0.820000 population=[7, 8, 9, 10, 11, 12, 13, 14, 15, 16, 17, 18, 19, 20, 21, 22, 23, 24, 25, 26]
2026-09-02T06:04:00+00:00 [27/60] evolution mutation=identity fitness=0.794400 population=[8, 9, 10, 11, 12, 13, 14, 15, 16, 17, 18, 19, 20, 21, 22, 23, 24, 25, 26, 27]
2026-09-02T06:06:30+00:00 [28/60] evolution mutation=hidden_state fitness=0.811400 population=[9, 10, 11, 12, 13, 14, 15, 16, 17, 18, 19, 20, 21, 22, 23, 24, 25, 26, 27, 28]
2026-09-02T06:09:00+00:00 [29/60] evolution mutation=hidden_state fitness=0.821800 population=[10, 11, 12, 13, 14, 15, 16, 17, 18, 19, 20, 21, 22, 23, 24, 25, 26, 27, 28, 29]
2026-09-02T06:11:28+00:00 [30/60] evolution mutation=hidden_state fitness=0.805000 population=[11, 12, 13, 14, 15, 16, 17, 18, 19, 20, 21, 22, 23, 24, 25, 26, 27, 28, 29, 30]
2026-09-02T06:14:02+00:00 [31/60] evolution mutation=hidden_state fitness=0.811000 population=[12, 13, 14, 15, 16, 17, 18, 19, 20, 21, 22, 23, 24, 25, 26, 27, 28, 29, 30, 31]
2026-09-02T06:16:45+00:00 [32/60] evolution mutation=operation fitness=0.829800 population=[13, 14, 15, 16, 17, 18, 19, 20, 21, 22, 23, 24, 25, 26, 27, 28, 29, 30, 31, 32]
2026-09-02T06:19:27+00:00 [33/60] evolution mutation=hidden_state fitness=0.810200 population=[14, 15, 16, 17, 18, 19, 20, 21, 22, 23, 24, 25, 26, 27, 28, 29, 30, 31, 32, 33]
2026-09-02T06:21:55+00:00 [34/60] evolution mutation=operation fitness=0.834000 population=[15, 16, 17, 18, 19, 20, 21, 22, 23, 24, 25, 26, 27, 28, 29, 30, 31, 32, 33, 34]
2026-09-02T06:24:29+00:00 [35/60] evolution mutation=hidden_state fitness=0.813200 population=[16, 17, 18, 19, 20, 21, 22, 23, 24, 25, 26, 27, 28, 29, 30, 31, 32, 33, 34, 35]
2026-09-02T06:27:08+00:00 [36/60] evolution mutation=identity fitness=0.816200 population=[17, 18, 19, 20, 21, 22, 23, 24, 25, 26, 27, 28, 29, 30, 31, 32, 33, 34, 35, 36]
2026-09-02T06:29:45+00:00 [37/60] evolution mutation=hidden_state fitness=0.812400 population=[18, 19, 20, 21, 22, 23, 24, 25, 26, 27, 28, 29, 30, 31, 32, 33, 34, 35, 36, 37]
2026-09-02T06:32:25+00:00 [38/60] evolution mutation=hidden_state fitness=0.814000 population=[19, 20, 21, 22, 23, 24, 25, 26, 27, 28, 29, 30, 31, 32, 33, 34, 35, 36, 37, 38]
2026-09-02T06:34:49+00:00 [39/60] evolution mutation=operation fitness=0.836000 population=[20, 21, 22, 23, 24, 25, 26, 27, 28, 29, 30, 31, 32, 33, 34, 35, 36, 37, 38, 39]
2026-09-02T06:37:12+00:00 [40/60] evolution mutation=operation fitness=0.815200 population=[21, 22, 23, 24, 25, 26, 27, 28, 29, 30, 31, 32, 33, 34, 35, 36, 37, 38, 39, 40]
2026-09-02T06:39:39+00:00 [41/60] evolution mutation=hidden_state fitness=0.832800 population=[22, 23, 24, 25, 26, 27, 28, 29, 30, 31, 32, 33, 34, 35, 36, 37, 38, 39, 40, 41]
2026-09-02T06:42:07+00:00 [42/60] evolution mutation=hidden_state fitness=0.828800 population=[23, 24, 25, 26, 27, 28, 29, 30, 31, 32, 33, 34, 35, 36, 37, 38, 39, 40, 41, 42]
2026-09-02T06:44:30+00:00 [43/60] evolution mutation=hidden_state fitness=0.831400 population=[24, 25, 26, 27, 28, 29, 30, 31, 32, 33, 34, 35, 36, 37, 38, 39, 40, 41, 42, 43]
2026-09-02T06:47:02+00:00 [44/60] evolution mutation=operation fitness=0.826200 population=[25, 26, 27, 28, 29, 30, 31, 32, 33, 34, 35, 36, 37, 38, 39, 40, 41, 42, 43, 44]
2026-09-02T06:49:28+00:00 [45/60] evolution mutation=hidden_state fitness=0.821600 population=[26, 27, 28, 29, 30, 31, 32, 33, 34, 35, 36, 37, 38, 39, 40, 41, 42, 43, 44, 45]
2026-09-02T06:51:41+00:00 [46/60] evolution mutation=operation fitness=0.845000 population=[27, 28, 29, 30, 31, 32, 33, 34, 35, 36, 37, 38, 39, 40, 41, 42, 43, 44, 45, 46]
2026-09-02T06:53:56+00:00 [47/60] evolution mutation=hidden_state fitness=0.810600 population=[28, 29, 30, 31, 32, 33, 34, 35, 36, 37, 38, 39, 40, 41, 42, 43, 44, 45, 46, 47]
2026-09-02T06:56:21+00:00 [48/60] evolution mutation=operation fitness=0.832400 population=[29, 30, 31, 32, 33, 34, 35, 36, 37, 38, 39, 40, 41, 42, 43, 44, 45, 46, 47, 48]
2026-09-02T06:58:37+00:00 [49/60] evolution mutation=hidden_state fitness=0.826000 population=[30, 31, 32, 33, 34, 35, 36, 37, 38, 39, 40, 41, 42, 43, 44, 45, 46, 47, 48, 49]
2026-09-02T07:00:54+00:00 [50/60] evolution mutation=hidden_state fitness=0.828600 population=[31, 32, 33, 34, 35, 36, 37, 38, 39, 40, 41, 42, 43, 44, 45, 46, 47, 48, 49, 50]
2026-09-02T07:03:14+00:00 [51/60] evolution mutation=hidden_state fitness=0.828000 population=[32, 33, 34, 35, 36, 37, 38, 39, 40, 41, 42, 43, 44, 45, 46, 47, 48, 49, 50, 51]
2026-09-02T07:05:33+00:00 [52/60] evolution mutation=hidden_state fitness=0.824400 population=[33, 34, 35, 36, 37, 38, 39, 40, 41, 42, 43, 44, 45, 46, 47, 48, 49, 50, 51, 52]
2026-09-02T07:08:04+00:00 [53/60] evolution mutation=operation fitness=0.730600 population=[34, 35, 36, 37, 38, 39, 40, 41, 42, 43, 44, 45, 46, 47, 48, 49, 50, 51, 52, 53]
2026-09-02T07:10:24+00:00 [54/60] evolution mutation=hidden_state fitness=0.826600 population=[35, 36, 37, 38, 39, 40, 41, 42, 43, 44, 45, 46, 47, 48, 49, 50, 51, 52, 53, 54]
2026-09-02T07:12:32+00:00 [55/60] evolution mutation=identity fitness=0.840800 population=[36, 37, 38, 39, 40, 41, 42, 43, 44, 45, 46, 47, 48, 49, 50, 51, 52, 53, 54, 55]
2026-09-02T07:14:41+00:00 [56/60] evolution mutation=hidden_state fitness=0.835800 population=[37, 38, 39, 40, 41, 42, 43, 44, 45, 46, 47, 48, 49, 50, 51, 52, 53, 54, 55, 56]
2026-09-02T07:16:51+00:00 [57/60] evolution mutation=operation fitness=0.827800 population=[38, 39, 40, 41, 42, 43, 44, 45, 46, 47, 48, 49, 50, 51, 52, 53, 54, 55, 56, 57]
2026-09-02T07:19:03+00:00 [58/60] evolution mutation=operation fitness=0.829600 population=[39, 40, 41, 42, 43, 44, 45, 46, 47, 48, 49, 50, 51, 52, 53, 54, 55, 56, 57, 58]
2026-09-02T07:21:12+00:00 [59/60] evolution mutation=hidden_state fitness=0.818400 population=[40, 41, 42, 43, 44, 45, 46, 47, 48, 49, 50, 51, 52, 53, 54, 55, 56, 57, 58, 59]
2026-09-02T07:23:39+00:00 [60/60] evolution mutation=hidden_state fitness=0.820000 population=[41, 42, 43, 44, 45, 46, 47, 48, 49, 50, 51, 52, 53, 54, 55, 56, 57, 58, 59, 60]
2026-09-02T07:23:39+00:00 RE completed real_training_runs=60 best_fitness=0.845000
FORMAL START method=RE search_seed=1006 time=2026-09-02T04:56:22Z
START method=RE search_seed=1006 population_size=20 tournament_size=5 budget=60
[1/60] initialization mutation=random_initialization fitness=0.744200 population=[1]
[2/60] initialization mutation=random_initialization fitness=0.798400 population=[1, 2]
[3/60] initialization mutation=random_initialization fitness=0.732800 population=[1, 2, 3]
[4/60] initialization mutation=random_initialization fitness=0.751400 population=[1, 2, 3, 4]
[5/60] initialization mutation=random_initialization fitness=0.624400 population=[1, 2, 3, 4, 5]
[6/60] initialization mutation=random_initialization fitness=0.814400 population=[1, 2, 3, 4, 5, 6]
[7/60] initialization mutation=random_initialization fitness=0.704000 population=[1, 2, 3, 4, 5, 6, 7]
[8/60] initialization mutation=random_initialization fitness=0.703200 population=[1, 2, 3, 4, 5, 6, 7, 8]
[9/60] initialization mutation=random_initialization fitness=0.742400 population=[1, 2, 3, 4, 5, 6, 7, 8, 9]
[10/60] initialization mutation=random_initialization fitness=0.772600 population=[1, 2, 3, 4, 5, 6, 7, 8, 9, 10]
[11/60] initialization mutation=random_initialization fitness=0.755200 population=[1, 2, 3, 4, 5, 6, 7, 8, 9, 10, 11]
[12/60] initialization mutation=random_initialization fitness=0.741200 population=[1, 2, 3, 4, 5, 6, 7, 8, 9, 10, 11, 12]
[13/60] initialization mutation=random_initialization fitness=0.778800 population=[1, 2, 3, 4, 5, 6, 7, 8, 9, 10, 11, 12, 13]
[14/60] initialization mutation=random_initialization fitness=0.793400 population=[1, 2, 3, 4, 5, 6, 7, 8, 9, 10, 11, 12, 13, 14]
[15/60] initialization mutation=random_initialization fitness=0.768200 population=[1, 2, 3, 4, 5, 6, 7, 8, 9, 10, 11, 12, 13, 14, 15]
[16/60] initialization mutation=random_initialization fitness=0.717600 population=[1, 2, 3, 4, 5, 6, 7, 8, 9, 10, 11, 12, 13, 14, 15, 16]
[17/60] initialization mutation=random_initialization fitness=0.716400 population=[1, 2, 3, 4, 5, 6, 7, 8, 9, 10, 11, 12, 13, 14, 15, 16, 17]
[18/60] initialization mutation=random_initialization fitness=0.819400 population=[1, 2, 3, 4, 5, 6, 7, 8, 9, 10, 11, 12, 13, 14, 15, 16, 17, 18]
[19/60] initialization mutation=random_initialization fitness=0.658600 population=[1, 2, 3, 4, 5, 6, 7, 8, 9, 10, 11, 12, 13, 14, 15, 16, 17, 18, 19]
[20/60] initialization mutation=random_initialization fitness=0.746600 population=[1, 2, 3, 4, 5, 6, 7, 8, 9, 10, 11, 12, 13, 14, 15, 16, 17, 18, 19, 20]
[21/60] evolution mutation=hidden_state fitness=0.778000 population=[2, 3, 4, 5, 6, 7, 8, 9, 10, 11, 12, 13, 14, 15, 16, 17, 18, 19, 20, 21]
[22/60] evolution mutation=operation fitness=0.806000 population=[3, 4, 5, 6, 7, 8, 9, 10, 11, 12, 13, 14, 15, 16, 17, 18, 19, 20, 21, 22]
[23/60] evolution mutation=operation fitness=0.802200 population=[4, 5, 6, 7, 8, 9, 10, 11, 12, 13, 14, 15, 16, 17, 18, 19, 20, 21, 22, 23]
[24/60] evolution mutation=identity fitness=0.831600 population=[5, 6, 7, 8, 9, 10, 11, 12, 13, 14, 15, 16, 17, 18, 19, 20, 21, 22, 23, 24]
[25/60] evolution mutation=hidden_state fitness=0.804000 population=[6, 7, 8, 9, 10, 11, 12, 13, 14, 15, 16, 17, 18, 19, 20, 21, 22, 23, 24, 25]
[26/60] evolution mutation=operation fitness=0.820000 population=[7, 8, 9, 10, 11, 12, 13, 14, 15, 16, 17, 18, 19, 20, 21, 22, 23, 24, 25, 26]
[27/60] evolution mutation=identity fitness=0.794400 population=[8, 9, 10, 11, 12, 13, 14, 15, 16, 17, 18, 19, 20, 21, 22, 23, 24, 25, 26, 27]
[28/60] evolution mutation=hidden_state fitness=0.811400 population=[9, 10, 11, 12, 13, 14, 15, 16, 17, 18, 19, 20, 21, 22, 23, 24, 25, 26, 27, 28]
[29/60] evolution mutation=hidden_state fitness=0.821800 population=[10, 11, 12, 13, 14, 15, 16, 17, 18, 19, 20, 21, 22, 23, 24, 25, 26, 27, 28, 29]
[30/60] evolution mutation=hidden_state fitness=0.805000 population=[11, 12, 13, 14, 15, 16, 17, 18, 19, 20, 21, 22, 23, 24, 25, 26, 27, 28, 29, 30]
[31/60] evolution mutation=hidden_state fitness=0.811000 population=[12, 13, 14, 15, 16, 17, 18, 19, 20, 21, 22, 23, 24, 25, 26, 27, 28, 29, 30, 31]
[32/60] evolution mutation=operation fitness=0.829800 population=[13, 14, 15, 16, 17, 18, 19, 20, 21, 22, 23, 24, 25, 26, 27, 28, 29, 30, 31, 32]
[33/60] evolution mutation=hidden_state fitness=0.810200 population=[14, 15, 16, 17, 18, 19, 20, 21, 22, 23, 24, 25, 26, 27, 28, 29, 30, 31, 32, 33]
[34/60] evolution mutation=operation fitness=0.834000 population=[15, 16, 17, 18, 19, 20, 21, 22, 23, 24, 25, 26, 27, 28, 29, 30, 31, 32, 33, 34]
[35/60] evolution mutation=hidden_state fitness=0.813200 population=[16, 17, 18, 19, 20, 21, 22, 23, 24, 25, 26, 27, 28, 29, 30, 31, 32, 33, 34, 35]
[36/60] evolution mutation=identity fitness=0.816200 population=[17, 18, 19, 20, 21, 22, 23, 24, 25, 26, 27, 28, 29, 30, 31, 32, 33, 34, 35, 36]
[37/60] evolution mutation=hidden_state fitness=0.812400 population=[18, 19, 20, 21, 22, 23, 24, 25, 26, 27, 28, 29, 30, 31, 32, 33, 34, 35, 36, 37]
[38/60] evolution mutation=hidden_state fitness=0.814000 population=[19, 20, 21, 22, 23, 24, 25, 26, 27, 28, 29, 30, 31, 32, 33, 34, 35, 36, 37, 38]
[39/60] evolution mutation=operation fitness=0.836000 population=[20, 21, 22, 23, 24, 25, 26, 27, 28, 29, 30, 31, 32, 33, 34, 35, 36, 37, 38, 39]
[40/60] evolution mutation=operation fitness=0.815200 population=[21, 22, 23, 24, 25, 26, 27, 28, 29, 30, 31, 32, 33, 34, 35, 36, 37, 38, 39, 40]
[41/60] evolution mutation=hidden_state fitness=0.832800 population=[22, 23, 24, 25, 26, 27, 28, 29, 30, 31, 32, 33, 34, 35, 36, 37, 38, 39, 40, 41]
[42/60] evolution mutation=hidden_state fitness=0.828800 population=[23, 24, 25, 26, 27, 28, 29, 30, 31, 32, 33, 34, 35, 36, 37, 38, 39, 40, 41, 42]
[43/60] evolution mutation=hidden_state fitness=0.831400 population=[24, 25, 26, 27, 28, 29, 30, 31, 32, 33, 34, 35, 36, 37, 38, 39, 40, 41, 42, 43]
[44/60] evolution mutation=operation fitness=0.826200 population=[25, 26, 27, 28, 29, 30, 31, 32, 33, 34, 35, 36, 37, 38, 39, 40, 41, 42, 43, 44]
[45/60] evolution mutation=hidden_state fitness=0.821600 population=[26, 27, 28, 29, 30, 31, 32, 33, 34, 35, 36, 37, 38, 39, 40, 41, 42, 43, 44, 45]
[46/60] evolution mutation=operation fitness=0.845000 population=[27, 28, 29, 30, 31, 32, 33, 34, 35, 36, 37, 38, 39, 40, 41, 42, 43, 44, 45, 46]
[47/60] evolution mutation=hidden_state fitness=0.810600 population=[28, 29, 30, 31, 32, 33, 34, 35, 36, 37, 38, 39, 40, 41, 42, 43, 44, 45, 46, 47]
[48/60] evolution mutation=operation fitness=0.832400 population=[29, 30, 31, 32, 33, 34, 35, 36, 37, 38, 39, 40, 41, 42, 43, 44, 45, 46, 47, 48]
[49/60] evolution mutation=hidden_state fitness=0.826000 population=[30, 31, 32, 33, 34, 35, 36, 37, 38, 39, 40, 41, 42, 43, 44, 45, 46, 47, 48, 49]
[50/60] evolution mutation=hidden_state fitness=0.828600 population=[31, 32, 33, 34, 35, 36, 37, 38, 39, 40, 41, 42, 43, 44, 45, 46, 47, 48, 49, 50]
[51/60] evolution mutation=hidden_state fitness=0.828000 population=[32, 33, 34, 35, 36, 37, 38, 39, 40, 41, 42, 43, 44, 45, 46, 47, 48, 49, 50, 51]
[52/60] evolution mutation=hidden_state fitness=0.824400 population=[33, 34, 35, 36, 37, 38, 39, 40, 41, 42, 43, 44, 45, 46, 47, 48, 49, 50, 51, 52]
[53/60] evolution mutation=operation fitness=0.730600 population=[34, 35, 36, 37, 38, 39, 40, 41, 42, 43, 44, 45, 46, 47, 48, 49, 50, 51, 52, 53]
[54/60] evolution mutation=hidden_state fitness=0.826600 population=[35, 36, 37, 38, 39, 40, 41, 42, 43, 44, 45, 46, 47, 48, 49, 50, 51, 52, 53, 54]
[55/60] evolution mutation=identity fitness=0.840800 population=[36, 37, 38, 39, 40, 41, 42, 43, 44, 45, 46, 47, 48, 49, 50, 51, 52, 53, 54, 55]
[56/60] evolution mutation=hidden_state fitness=0.835800 population=[37, 38, 39, 40, 41, 42, 43, 44, 45, 46, 47, 48, 49, 50, 51, 52, 53, 54, 55, 56]
[57/60] evolution mutation=operation fitness=0.827800 population=[38, 39, 40, 41, 42, 43, 44, 45, 46, 47, 48, 49, 50, 51, 52, 53, 54, 55, 56, 57]
[58/60] evolution mutation=operation fitness=0.829600 population=[39, 40, 41, 42, 43, 44, 45, 46, 47, 48, 49, 50, 51, 52, 53, 54, 55, 56, 57, 58]
[59/60] evolution mutation=hidden_state fitness=0.818400 population=[40, 41, 42, 43, 44, 45, 46, 47, 48, 49, 50, 51, 52, 53, 54, 55, 56, 57, 58, 59]
[60/60] evolution mutation=hidden_state fitness=0.820000 population=[41, 42, 43, 44, 45, 46, 47, 48, 49, 50, 51, 52, 53, 54, 55, 56, 57, 58, 59, 60]
RE completed real_training_runs=60 best_fitness=0.845000
output directory: experiments\formal\re_1006
evaluations: 60
best fitness: 0.845000
evaluations CSV: experiments\formal\re_1006\evaluations.csv
history JSON: experiments\formal\re_1006\history.json
FORMAL END method=RE search_seed=1006 exit_code=0 time=2026-09-02T07:23:39Z
