2026-09-01T23:16:01+00:00 START method=RE search_seed=1005 population_size=20 tournament_size=5 budget=60
2026-09-01T23:17:53+00:00 [1/60] initialization mutation=random_initialization fitness=0.726200 population=[1]
2026-09-01T23:20:22+00:00 [2/60] initialization mutation=random_initialization fitness=0.752600 population=[1, 2]
2026-09-01T23:22:35+00:00 [3/60] initialization mutation=random_initialization fitness=0.780600 population=[1, 2, 3]
2026-09-01T23:25:02+00:00 [4/60] initialization mutation=random_initialization fitness=0.704200 population=[1, 2, 3, 4]
2026-09-01T23:27:48+00:00 [5/60] initialization mutation=random_initialization fitness=0.695800 population=[1, 2, 3, 4, 5]
2026-09-01T23:30:26+00:00 [6/60] initialization mutation=random_initialization fitness=0.669600 population=[1, 2, 3, 4, 5, 6]
2026-09-01T23:32:31+00:00 [7/60] initialization mutation=random_initialization fitness=0.681400 population=[1, 2, 3, 4, 5, 6, 7]
2026-09-01T23:35:03+00:00 [8/60] initialization mutation=random_initialization fitness=0.788800 population=[1, 2, 3, 4, 5, 6, 7, 8]
2026-09-01T23:37:29+00:00 [9/60] initialization mutation=random_initialization fitness=0.775400 population=[1, 2, 3, 4, 5, 6, 7, 8, 9]
2026-09-01T23:39:49+00:00 [10/60] initialization mutation=random_initialization fitness=0.709600 population=[1, 2, 3, 4, 5, 6, 7, 8, 9, 10]
2026-09-01T23:41:36+00:00 [11/60] initialization mutation=random_initialization fitness=0.784000 population=[1, 2, 3, 4, 5, 6, 7, 8, 9, 10, 11]
2026-09-01T23:43:44+00:00 [12/60] initialization mutation=random_initialization fitness=0.735400 population=[1, 2, 3, 4, 5, 6, 7, 8, 9, 10, 11, 12]
2026-09-01T23:46:37+00:00 [13/60] initialization mutation=random_initialization fitness=0.658600 population=[1, 2, 3, 4, 5, 6, 7, 8, 9, 10, 11, 12, 13]
2026-09-01T23:48:41+00:00 [14/60] initialization mutation=random_initialization fitness=0.766800 population=[1, 2, 3, 4, 5, 6, 7, 8, 9, 10, 11, 12, 13, 14]
2026-09-01T23:50:06+00:00 [15/60] initialization mutation=random_initialization fitness=0.817000 population=[1, 2, 3, 4, 5, 6, 7, 8, 9, 10, 11, 12, 13, 14, 15]
2026-09-01T23:52:34+00:00 [16/60] initialization mutation=random_initialization fitness=0.778800 population=[1, 2, 3, 4, 5, 6, 7, 8, 9, 10, 11, 12, 13, 14, 15, 16]
2026-09-01T23:55:44+00:00 [17/60] initialization mutation=random_initialization fitness=0.663600 population=[1, 2, 3, 4, 5, 6, 7, 8, 9, 10, 11, 12, 13, 14, 15, 16, 17]
2026-09-01T23:58:06+00:00 [18/60] initialization mutation=random_initialization fitness=0.597600 population=[1, 2, 3, 4, 5, 6, 7, 8, 9, 10, 11, 12, 13, 14, 15, 16, 17, 18]
2026-09-02T00:00:30+00:00 [19/60] initialization mutation=random_initialization fitness=0.753600 population=[1, 2, 3, 4, 5, 6, 7, 8, 9, 10, 11, 12, 13, 14, 15, 16, 17, 18, 19]
2026-09-02T00:02:39+00:00 [20/60] initialization mutation=random_initialization fitness=0.763400 population=[1, 2, 3, 4, 5, 6, 7, 8, 9, 10, 11, 12, 13, 14, 15, 16, 17, 18, 19, 20]
2026-09-02T00:05:09+00:00 [21/60] evolution mutation=operation fitness=0.800600 population=[2, 3, 4, 5, 6, 7, 8, 9, 10, 11, 12, 13, 14, 15, 16, 17, 18, 19, 20, 21]
2026-09-02T00:06:43+00:00 [22/60] evolution mutation=operation fitness=0.806600 population=[3, 4, 5, 6, 7, 8, 9, 10, 11, 12, 13, 14, 15, 16, 17, 18, 19, 20, 21, 22]
2026-09-02T00:09:13+00:00 [23/60] evolution mutation=hidden_state fitness=0.786400 population=[4, 5, 6, 7, 8, 9, 10, 11, 12, 13, 14, 15, 16, 17, 18, 19, 20, 21, 22, 23]
2026-09-02T00:10:59+00:00 [24/60] evolution mutation=hidden_state fitness=0.787600 population=[5, 6, 7, 8, 9, 10, 11, 12, 13, 14, 15, 16, 17, 18, 19, 20, 21, 22, 23, 24]
2026-09-02T00:13:30+00:00 [25/60] evolution mutation=hidden_state fitness=0.799800 population=[6, 7, 8, 9, 10, 11, 12, 13, 14, 15, 16, 17, 18, 19, 20, 21, 22, 23, 24, 25]
2026-09-02T00:15:05+00:00 [26/60] evolution mutation=hidden_state fitness=0.817400 population=[7, 8, 9, 10, 11, 12, 13, 14, 15, 16, 17, 18, 19, 20, 21, 22, 23, 24, 25, 26]
2026-09-02T00:16:29+00:00 [27/60] evolution mutation=hidden_state fitness=0.810400 population=[8, 9, 10, 11, 12, 13, 14, 15, 16, 17, 18, 19, 20, 21, 22, 23, 24, 25, 26, 27]
2026-09-02T00:18:05+00:00 [28/60] evolution mutation=hidden_state fitness=0.821000 population=[9, 10, 11, 12, 13, 14, 15, 16, 17, 18, 19, 20, 21, 22, 23, 24, 25, 26, 27, 28]
2026-09-02T00:20:34+00:00 [29/60] evolution mutation=operation fitness=0.791200 population=[10, 11, 12, 13, 14, 15, 16, 17, 18, 19, 20, 21, 22, 23, 24, 25, 26, 27, 28, 29]
2026-09-02T00:23:04+00:00 [30/60] evolution mutation=operation fitness=0.800600 population=[11, 12, 13, 14, 15, 16, 17, 18, 19, 20, 21, 22, 23, 24, 25, 26, 27, 28, 29, 30]
2026-09-02T00:25:33+00:00 [31/60] evolution mutation=hidden_state fitness=0.790600 population=[12, 13, 14, 15, 16, 17, 18, 19, 20, 21, 22, 23, 24, 25, 26, 27, 28, 29, 30, 31]
2026-09-02T00:26:58+00:00 [32/60] evolution mutation=operation fitness=0.811400 population=[13, 14, 15, 16, 17, 18, 19, 20, 21, 22, 23, 24, 25, 26, 27, 28, 29, 30, 31, 32]
2026-09-02T00:28:33+00:00 [33/60] evolution mutation=hidden_state fitness=0.816200 population=[14, 15, 16, 17, 18, 19, 20, 21, 22, 23, 24, 25, 26, 27, 28, 29, 30, 31, 32, 33]
2026-09-02T00:30:09+00:00 [34/60] evolution mutation=operation fitness=0.808800 population=[15, 16, 17, 18, 19, 20, 21, 22, 23, 24, 25, 26, 27, 28, 29, 30, 31, 32, 33, 34]
2026-09-02T00:31:49+00:00 [35/60] evolution mutation=operation fitness=0.817600 population=[16, 17, 18, 19, 20, 21, 22, 23, 24, 25, 26, 27, 28, 29, 30, 31, 32, 33, 34, 35]
2026-09-02T00:33:30+00:00 [36/60] evolution mutation=hidden_state fitness=0.824800 population=[17, 18, 19, 20, 21, 22, 23, 24, 25, 26, 27, 28, 29, 30, 31, 32, 33, 34, 35, 36]
2026-09-02T00:34:55+00:00 [37/60] evolution mutation=operation fitness=0.816800 population=[18, 19, 20, 21, 22, 23, 24, 25, 26, 27, 28, 29, 30, 31, 32, 33, 34, 35, 36, 37]
2026-09-02T00:36:33+00:00 [38/60] evolution mutation=hidden_state fitness=0.791400 population=[19, 20, 21, 22, 23, 24, 25, 26, 27, 28, 29, 30, 31, 32, 33, 34, 35, 36, 37, 38]
2026-09-02T00:37:57+00:00 [39/60] evolution mutation=hidden_state fitness=0.813000 population=[20, 21, 22, 23, 24, 25, 26, 27, 28, 29, 30, 31, 32, 33, 34, 35, 36, 37, 38, 39]
2026-09-02T00:39:28+00:00 [40/60] evolution mutation=operation fitness=0.814600 population=[21, 22, 23, 24, 25, 26, 27, 28, 29, 30, 31, 32, 33, 34, 35, 36, 37, 38, 39, 40]
2026-09-02T00:41:06+00:00 [41/60] evolution mutation=operation fitness=0.812400 population=[22, 23, 24, 25, 26, 27, 28, 29, 30, 31, 32, 33, 34, 35, 36, 37, 38, 39, 40, 41]
2026-09-02T00:42:42+00:00 [42/60] evolution mutation=operation fitness=0.819200 population=[23, 24, 25, 26, 27, 28, 29, 30, 31, 32, 33, 34, 35, 36, 37, 38, 39, 40, 41, 42]
2026-09-02T00:44:22+00:00 [43/60] evolution mutation=hidden_state fitness=0.818400 population=[24, 25, 26, 27, 28, 29, 30, 31, 32, 33, 34, 35, 36, 37, 38, 39, 40, 41, 42, 43]
2026-09-02T00:46:03+00:00 [44/60] evolution mutation=operation fitness=0.816600 population=[25, 26, 27, 28, 29, 30, 31, 32, 33, 34, 35, 36, 37, 38, 39, 40, 41, 42, 43, 44]
2026-09-02T00:47:43+00:00 [45/60] evolution mutation=hidden_state fitness=0.813400 population=[26, 27, 28, 29, 30, 31, 32, 33, 34, 35, 36, 37, 38, 39, 40, 41, 42, 43, 44, 45]
2026-09-02T00:49:22+00:00 [46/60] evolution mutation=hidden_state fitness=0.814600 population=[27, 28, 29, 30, 31, 32, 33, 34, 35, 36, 37, 38, 39, 40, 41, 42, 43, 44, 45, 46]
2026-09-02T00:51:01+00:00 [47/60] evolution mutation=hidden_state fitness=0.812200 population=[28, 29, 30, 31, 32, 33, 34, 35, 36, 37, 38, 39, 40, 41, 42, 43, 44, 45, 46, 47]
2026-09-02T00:52:40+00:00 [48/60] evolution mutation=hidden_state fitness=0.810800 population=[29, 30, 31, 32, 33, 34, 35, 36, 37, 38, 39, 40, 41, 42, 43, 44, 45, 46, 47, 48]
2026-09-02T00:54:19+00:00 [49/60] evolution mutation=hidden_state fitness=0.810800 population=[30, 31, 32, 33, 34, 35, 36, 37, 38, 39, 40, 41, 42, 43, 44, 45, 46, 47, 48, 49]
2026-09-02T00:55:55+00:00 [50/60] evolution mutation=hidden_state fitness=0.828200 population=[31, 32, 33, 34, 35, 36, 37, 38, 39, 40, 41, 42, 43, 44, 45, 46, 47, 48, 49, 50]
2026-09-02T00:57:22+00:00 [51/60] evolution mutation=operation fitness=0.803800 population=[32, 33, 34, 35, 36, 37, 38, 39, 40, 41, 42, 43, 44, 45, 46, 47, 48, 49, 50, 51]
2026-09-02T00:58:57+00:00 [52/60] evolution mutation=hidden_state fitness=0.760000 population=[33, 34, 35, 36, 37, 38, 39, 40, 41, 42, 43, 44, 45, 46, 47, 48, 49, 50, 51, 52]
2026-09-02T01:00:31+00:00 [53/60] evolution mutation=operation fitness=0.817000 population=[34, 35, 36, 37, 38, 39, 40, 41, 42, 43, 44, 45, 46, 47, 48, 49, 50, 51, 52, 53]
2026-09-02T01:02:11+00:00 [54/60] evolution mutation=hidden_state fitness=0.811400 population=[35, 36, 37, 38, 39, 40, 41, 42, 43, 44, 45, 46, 47, 48, 49, 50, 51, 52, 53, 54]
2026-09-02T01:03:52+00:00 [55/60] evolution mutation=hidden_state fitness=0.821600 population=[36, 37, 38, 39, 40, 41, 42, 43, 44, 45, 46, 47, 48, 49, 50, 51, 52, 53, 54, 55]
2026-09-02T01:05:25+00:00 [56/60] evolution mutation=operation fitness=0.826200 population=[37, 38, 39, 40, 41, 42, 43, 44, 45, 46, 47, 48, 49, 50, 51, 52, 53, 54, 55, 56]
2026-09-02T01:07:06+00:00 [57/60] evolution mutation=identity fitness=0.824800 population=[38, 39, 40, 41, 42, 43, 44, 45, 46, 47, 48, 49, 50, 51, 52, 53, 54, 55, 56, 57]
2026-09-02T01:08:46+00:00 [58/60] evolution mutation=hidden_state fitness=0.809600 population=[39, 40, 41, 42, 43, 44, 45, 46, 47, 48, 49, 50, 51, 52, 53, 54, 55, 56, 57, 58]
2026-09-02T01:10:21+00:00 [59/60] evolution mutation=operation fitness=0.811600 population=[40, 41, 42, 43, 44, 45, 46, 47, 48, 49, 50, 51, 52, 53, 54, 55, 56, 57, 58, 59]
2026-09-02T01:11:50+00:00 [60/60] evolution mutation=operation fitness=0.827000 population=[41, 42, 43, 44, 45, 46, 47, 48, 49, 50, 51, 52, 53, 54, 55, 56, 57, 58, 59, 60]
2026-09-02T01:11:50+00:00 RE completed real_training_runs=60 best_fitness=0.828200
FORMAL START method=RE search_seed=1005 time=2026-09-01T23:16:00Z
START method=RE search_seed=1005 population_size=20 tournament_size=5 budget=60
[1/60] initialization mutation=random_initialization fitness=0.726200 population=[1]
[2/60] initialization mutation=random_initialization fitness=0.752600 population=[1, 2]
[3/60] initialization mutation=random_initialization fitness=0.780600 population=[1, 2, 3]
[4/60] initialization mutation=random_initialization fitness=0.704200 population=[1, 2, 3, 4]
[5/60] initialization mutation=random_initialization fitness=0.695800 population=[1, 2, 3, 4, 5]
[6/60] initialization mutation=random_initialization fitness=0.669600 population=[1, 2, 3, 4, 5, 6]
[7/60] initialization mutation=random_initialization fitness=0.681400 population=[1, 2, 3, 4, 5, 6, 7]
[8/60] initialization mutation=random_initialization fitness=0.788800 population=[1, 2, 3, 4, 5, 6, 7, 8]
[9/60] initialization mutation=random_initialization fitness=0.775400 population=[1, 2, 3, 4, 5, 6, 7, 8, 9]
[10/60] initialization mutation=random_initialization fitness=0.709600 population=[1, 2, 3, 4, 5, 6, 7, 8, 9, 10]
[11/60] initialization mutation=random_initialization fitness=0.784000 population=[1, 2, 3, 4, 5, 6, 7, 8, 9, 10, 11]
[12/60] initialization mutation=random_initialization fitness=0.735400 population=[1, 2, 3, 4, 5, 6, 7, 8, 9, 10, 11, 12]
[13/60] initialization mutation=random_initialization fitness=0.658600 population=[1, 2, 3, 4, 5, 6, 7, 8, 9, 10, 11, 12, 13]
[14/60] initialization mutation=random_initialization fitness=0.766800 population=[1, 2, 3, 4, 5, 6, 7, 8, 9, 10, 11, 12, 13, 14]
[15/60] initialization mutation=random_initialization fitness=0.817000 population=[1, 2, 3, 4, 5, 6, 7, 8, 9, 10, 11, 12, 13, 14, 15]
[16/60] initialization mutation=random_initialization fitness=0.778800 population=[1, 2, 3, 4, 5, 6, 7, 8, 9, 10, 11, 12, 13, 14, 15, 16]
[17/60] initialization mutation=random_initialization fitness=0.663600 population=[1, 2, 3, 4, 5, 6, 7, 8, 9, 10, 11, 12, 13, 14, 15, 16, 17]
[18/60] initialization mutation=random_initialization fitness=0.597600 population=[1, 2, 3, 4, 5, 6, 7, 8, 9, 10, 11, 12, 13, 14, 15, 16, 17, 18]
[19/60] initialization mutation=random_initialization fitness=0.753600 population=[1, 2, 3, 4, 5, 6, 7, 8, 9, 10, 11, 12, 13, 14, 15, 16, 17, 18, 19]
[20/60] initialization mutation=random_initialization fitness=0.763400 population=[1, 2, 3, 4, 5, 6, 7, 8, 9, 10, 11, 12, 13, 14, 15, 16, 17, 18, 19, 20]
[21/60] evolution mutation=operation fitness=0.800600 population=[2, 3, 4, 5, 6, 7, 8, 9, 10, 11, 12, 13, 14, 15, 16, 17, 18, 19, 20, 21]
[22/60] evolution mutation=operation fitness=0.806600 population=[3, 4, 5, 6, 7, 8, 9, 10, 11, 12, 13, 14, 15, 16, 17, 18, 19, 20, 21, 22]
[23/60] evolution mutation=hidden_state fitness=0.786400 population=[4, 5, 6, 7, 8, 9, 10, 11, 12, 13, 14, 15, 16, 17, 18, 19, 20, 21, 22, 23]
[24/60] evolution mutation=hidden_state fitness=0.787600 population=[5, 6, 7, 8, 9, 10, 11, 12, 13, 14, 15, 16, 17, 18, 19, 20, 21, 22, 23, 24]
[25/60] evolution mutation=hidden_state fitness=0.799800 population=[6, 7, 8, 9, 10, 11, 12, 13, 14, 15, 16, 17, 18, 19, 20, 21, 22, 23, 24, 25]
[26/60] evolution mutation=hidden_state fitness=0.817400 population=[7, 8, 9, 10, 11, 12, 13, 14, 15, 16, 17, 18, 19, 20, 21, 22, 23, 24, 25, 26]
[27/60] evolution mutation=hidden_state fitness=0.810400 population=[8, 9, 10, 11, 12, 13, 14, 15, 16, 17, 18, 19, 20, 21, 22, 23, 24, 25, 26, 27]
[28/60] evolution mutation=hidden_state fitness=0.821000 population=[9, 10, 11, 12, 13, 14, 15, 16, 17, 18, 19, 20, 21, 22, 23, 24, 25, 26, 27, 28]
[29/60] evolution mutation=operation fitness=0.791200 population=[10, 11, 12, 13, 14, 15, 16, 17, 18, 19, 20, 21, 22, 23, 24, 25, 26, 27, 28, 29]
[30/60] evolution mutation=operation fitness=0.800600 population=[11, 12, 13, 14, 15, 16, 17, 18, 19, 20, 21, 22, 23, 24, 25, 26, 27, 28, 29, 30]
[31/60] evolution mutation=hidden_state fitness=0.790600 population=[12, 13, 14, 15, 16, 17, 18, 19, 20, 21, 22, 23, 24, 25, 26, 27, 28, 29, 30, 31]
[32/60] evolution mutation=operation fitness=0.811400 population=[13, 14, 15, 16, 17, 18, 19, 20, 21, 22, 23, 24, 25, 26, 27, 28, 29, 30, 31, 32]
[33/60] evolution mutation=hidden_state fitness=0.816200 population=[14, 15, 16, 17, 18, 19, 20, 21, 22, 23, 24, 25, 26, 27, 28, 29, 30, 31, 32, 33]
[34/60] evolution mutation=operation fitness=0.808800 population=[15, 16, 17, 18, 19, 20, 21, 22, 23, 24, 25, 26, 27, 28, 29, 30, 31, 32, 33, 34]
[35/60] evolution mutation=operation fitness=0.817600 population=[16, 17, 18, 19, 20, 21, 22, 23, 24, 25, 26, 27, 28, 29, 30, 31, 32, 33, 34, 35]
[36/60] evolution mutation=hidden_state fitness=0.824800 population=[17, 18, 19, 20, 21, 22, 23, 24, 25, 26, 27, 28, 29, 30, 31, 32, 33, 34, 35, 36]
[37/60] evolution mutation=operation fitness=0.816800 population=[18, 19, 20, 21, 22, 23, 24, 25, 26, 27, 28, 29, 30, 31, 32, 33, 34, 35, 36, 37]
[38/60] evolution mutation=hidden_state fitness=0.791400 population=[19, 20, 21, 22, 23, 24, 25, 26, 27, 28, 29, 30, 31, 32, 33, 34, 35, 36, 37, 38]
[39/60] evolution mutation=hidden_state fitness=0.813000 population=[20, 21, 22, 23, 24, 25, 26, 27, 28, 29, 30, 31, 32, 33, 34, 35, 36, 37, 38, 39]
[40/60] evolution mutation=operation fitness=0.814600 population=[21, 22, 23, 24, 25, 26, 27, 28, 29, 30, 31, 32, 33, 34, 35, 36, 37, 38, 39, 40]
[41/60] evolution mutation=operation fitness=0.812400 population=[22, 23, 24, 25, 26, 27, 28, 29, 30, 31, 32, 33, 34, 35, 36, 37, 38, 39, 40, 41]
[42/60] evolution mutation=operation fitness=0.819200 population=[23, 24, 25, 26, 27, 28, 29, 30, 31, 32, 33, 34, 35, 36, 37, 38, 39, 40, 41, 42]
[43/60] evolution mutation=hidden_state fitness=0.818400 population=[24, 25, 26, 27, 28, 29, 30, 31, 32, 33, 34, 35, 36, 37, 38, 39, 40, 41, 42, 43]
[44/60] evolution mutation=operation fitness=0.816600 population=[25, 26, 27, 28, 29, 30, 31, 32, 33, 34, 35, 36, 37, 38, 39, 40, 41, 42, 43, 44]
[45/60] evolution mutation=hidden_state fitness=0.813400 population=[26, 27, 28, 29, 30, 31, 32, 33, 34, 35, 36, 37, 38, 39, 40, 41, 42, 43, 44, 45]
[46/60] evolution mutation=hidden_state fitness=0.814600 population=[27, 28, 29, 30, 31, 32, 33, 34, 35, 36, 37, 38, 39, 40, 41, 42, 43, 44, 45, 46]
[47/60] evolution mutation=hidden_state fitness=0.812200 population=[28, 29, 30, 31, 32, 33, 34, 35, 36, 37, 38, 39, 40, 41, 42, 43, 44, 45, 46, 47]
[48/60] evolution mutation=hidden_state fitness=0.810800 population=[29, 30, 31, 32, 33, 34, 35, 36, 37, 38, 39, 40, 41, 42, 43, 44, 45, 46, 47, 48]
[49/60] evolution mutation=hidden_state fitness=0.810800 population=[30, 31, 32, 33, 34, 35, 36, 37, 38, 39, 40, 41, 42, 43, 44, 45, 46, 47, 48, 49]
[50/60] evolution mutation=hidden_state fitness=0.828200 population=[31, 32, 33, 34, 35, 36, 37, 38, 39, 40, 41, 42, 43, 44, 45, 46, 47, 48, 49, 50]
[51/60] evolution mutation=operation fitness=0.803800 population=[32, 33, 34, 35, 36, 37, 38, 39, 40, 41, 42, 43, 44, 45, 46, 47, 48, 49, 50, 51]
[52/60] evolution mutation=hidden_state fitness=0.760000 population=[33, 34, 35, 36, 37, 38, 39, 40, 41, 42, 43, 44, 45, 46, 47, 48, 49, 50, 51, 52]
[53/60] evolution mutation=operation fitness=0.817000 population=[34, 35, 36, 37, 38, 39, 40, 41, 42, 43, 44, 45, 46, 47, 48, 49, 50, 51, 52, 53]
[54/60] evolution mutation=hidden_state fitness=0.811400 population=[35, 36, 37, 38, 39, 40, 41, 42, 43, 44, 45, 46, 47, 48, 49, 50, 51, 52, 53, 54]
[55/60] evolution mutation=hidden_state fitness=0.821600 population=[36, 37, 38, 39, 40, 41, 42, 43, 44, 45, 46, 47, 48, 49, 50, 51, 52, 53, 54, 55]
[56/60] evolution mutation=operation fitness=0.826200 population=[37, 38, 39, 40, 41, 42, 43, 44, 45, 46, 47, 48, 49, 50, 51, 52, 53, 54, 55, 56]
[57/60] evolution mutation=identity fitness=0.824800 population=[38, 39, 40, 41, 42, 43, 44, 45, 46, 47, 48, 49, 50, 51, 52, 53, 54, 55, 56, 57]
[58/60] evolution mutation=hidden_state fitness=0.809600 population=[39, 40, 41, 42, 43, 44, 45, 46, 47, 48, 49, 50, 51, 52, 53, 54, 55, 56, 57, 58]
[59/60] evolution mutation=operation fitness=0.811600 population=[40, 41, 42, 43, 44, 45, 46, 47, 48, 49, 50, 51, 52, 53, 54, 55, 56, 57, 58, 59]
[60/60] evolution mutation=operation fitness=0.827000 population=[41, 42, 43, 44, 45, 46, 47, 48, 49, 50, 51, 52, 53, 54, 55, 56, 57, 58, 59, 60]
RE completed real_training_runs=60 best_fitness=0.828200
output directory: experiments\formal\re_1005
evaluations: 60
best fitness: 0.828200
evaluations CSV: experiments\formal\re_1005\evaluations.csv
history JSON: experiments\formal\re_1005\history.json
FORMAL END method=RE search_seed=1005 exit_code=0 time=2026-09-02T01:11:50Z
