2026-09-03T01:12:23+00:00 START method=RE search_seed=1009 population_size=20 tournament_size=5 budget=60
2026-09-03T01:15:15+00:00 [1/60] initialization mutation=random_initialization fitness=0.650000 population=[1]
2026-09-03T01:17:45+00:00 [2/60] initialization mutation=random_initialization fitness=0.762400 population=[1, 2]
2026-09-03T01:20:12+00:00 [3/60] initialization mutation=random_initialization fitness=0.786600 population=[1, 2, 3]
2026-09-03T01:22:28+00:00 [4/60] initialization mutation=random_initialization fitness=0.782000 population=[1, 2, 3, 4]
2026-09-03T01:24:20+00:00 [5/60] initialization mutation=random_initialization fitness=0.802800 population=[1, 2, 3, 4, 5]
2026-09-03T01:26:55+00:00 [6/60] initialization mutation=random_initialization fitness=0.764000 population=[1, 2, 3, 4, 5, 6]
2026-09-03T01:29:45+00:00 [7/60] initialization mutation=random_initialization fitness=0.783600 population=[1, 2, 3, 4, 5, 6, 7]
2026-09-03T01:31:59+00:00 [8/60] initialization mutation=random_initialization fitness=0.777200 population=[1, 2, 3, 4, 5, 6, 7, 8]
2026-09-03T01:34:33+00:00 [9/60] initialization mutation=random_initialization fitness=0.785400 population=[1, 2, 3, 4, 5, 6, 7, 8, 9]
2026-09-03T01:37:01+00:00 [10/60] initialization mutation=random_initialization fitness=0.785200 population=[1, 2, 3, 4, 5, 6, 7, 8, 9, 10]
2026-09-03T01:38:49+00:00 [11/60] initialization mutation=random_initialization fitness=0.822400 population=[1, 2, 3, 4, 5, 6, 7, 8, 9, 10, 11]
2026-09-03T01:41:36+00:00 [12/60] initialization mutation=random_initialization fitness=0.718400 population=[1, 2, 3, 4, 5, 6, 7, 8, 9, 10, 11, 12]
2026-09-03T01:43:53+00:00 [13/60] initialization mutation=random_initialization fitness=0.739600 population=[1, 2, 3, 4, 5, 6, 7, 8, 9, 10, 11, 12, 13]
2026-09-03T01:46:09+00:00 [14/60] initialization mutation=random_initialization fitness=0.791600 population=[1, 2, 3, 4, 5, 6, 7, 8, 9, 10, 11, 12, 13, 14]
2026-09-03T01:48:20+00:00 [15/60] initialization mutation=random_initialization fitness=0.766200 population=[1, 2, 3, 4, 5, 6, 7, 8, 9, 10, 11, 12, 13, 14, 15]
2026-09-03T01:50:47+00:00 [16/60] initialization mutation=random_initialization fitness=0.759200 population=[1, 2, 3, 4, 5, 6, 7, 8, 9, 10, 11, 12, 13, 14, 15, 16]
2026-09-03T01:53:17+00:00 [17/60] initialization mutation=random_initialization fitness=0.763000 population=[1, 2, 3, 4, 5, 6, 7, 8, 9, 10, 11, 12, 13, 14, 15, 16, 17]
2026-09-03T01:55:42+00:00 [18/60] initialization mutation=random_initialization fitness=0.791400 population=[1, 2, 3, 4, 5, 6, 7, 8, 9, 10, 11, 12, 13, 14, 15, 16, 17, 18]
2026-09-03T01:58:02+00:00 [19/60] initialization mutation=random_initialization fitness=0.786400 population=[1, 2, 3, 4, 5, 6, 7, 8, 9, 10, 11, 12, 13, 14, 15, 16, 17, 18, 19]
2026-09-03T02:00:02+00:00 [20/60] initialization mutation=random_initialization fitness=0.749000 population=[1, 2, 3, 4, 5, 6, 7, 8, 9, 10, 11, 12, 13, 14, 15, 16, 17, 18, 19, 20]
2026-09-03T02:01:38+00:00 [21/60] evolution mutation=hidden_state fitness=0.792200 population=[2, 3, 4, 5, 6, 7, 8, 9, 10, 11, 12, 13, 14, 15, 16, 17, 18, 19, 20, 21]
2026-09-03T02:03:15+00:00 [22/60] evolution mutation=hidden_state fitness=0.785800 population=[3, 4, 5, 6, 7, 8, 9, 10, 11, 12, 13, 14, 15, 16, 17, 18, 19, 20, 21, 22]
2026-09-03T02:04:53+00:00 [23/60] evolution mutation=operation fitness=0.790600 population=[4, 5, 6, 7, 8, 9, 10, 11, 12, 13, 14, 15, 16, 17, 18, 19, 20, 21, 22, 23]
2026-09-03T02:06:31+00:00 [24/60] evolution mutation=hidden_state fitness=0.797400 population=[5, 6, 7, 8, 9, 10, 11, 12, 13, 14, 15, 16, 17, 18, 19, 20, 21, 22, 23, 24]
2026-09-03T02:08:03+00:00 [25/60] evolution mutation=hidden_state fitness=0.815800 population=[6, 7, 8, 9, 10, 11, 12, 13, 14, 15, 16, 17, 18, 19, 20, 21, 22, 23, 24, 25]
2026-09-03T02:10:02+00:00 [26/60] evolution mutation=hidden_state fitness=0.747200 population=[7, 8, 9, 10, 11, 12, 13, 14, 15, 16, 17, 18, 19, 20, 21, 22, 23, 24, 25, 26]
2026-09-03T02:11:34+00:00 [27/60] evolution mutation=operation fitness=0.821800 population=[8, 9, 10, 11, 12, 13, 14, 15, 16, 17, 18, 19, 20, 21, 22, 23, 24, 25, 26, 27]
2026-09-03T02:13:49+00:00 [28/60] evolution mutation=hidden_state fitness=0.781800 population=[9, 10, 11, 12, 13, 14, 15, 16, 17, 18, 19, 20, 21, 22, 23, 24, 25, 26, 27, 28]
2026-09-03T02:15:22+00:00 [29/60] evolution mutation=hidden_state fitness=0.815200 population=[10, 11, 12, 13, 14, 15, 16, 17, 18, 19, 20, 21, 22, 23, 24, 25, 26, 27, 28, 29]
2026-09-03T02:16:54+00:00 [30/60] evolution mutation=operation fitness=0.818400 population=[11, 12, 13, 14, 15, 16, 17, 18, 19, 20, 21, 22, 23, 24, 25, 26, 27, 28, 29, 30]
2026-09-03T02:18:15+00:00 [31/60] evolution mutation=operation fitness=0.816000 population=[12, 13, 14, 15, 16, 17, 18, 19, 20, 21, 22, 23, 24, 25, 26, 27, 28, 29, 30, 31]
2026-09-03T02:19:35+00:00 [32/60] evolution mutation=hidden_state fitness=0.825000 population=[13, 14, 15, 16, 17, 18, 19, 20, 21, 22, 23, 24, 25, 26, 27, 28, 29, 30, 31, 32]
2026-09-03T02:21:14+00:00 [33/60] evolution mutation=hidden_state fitness=0.806600 population=[14, 15, 16, 17, 18, 19, 20, 21, 22, 23, 24, 25, 26, 27, 28, 29, 30, 31, 32, 33]
2026-09-03T02:22:48+00:00 [34/60] evolution mutation=operation fitness=0.807200 population=[15, 16, 17, 18, 19, 20, 21, 22, 23, 24, 25, 26, 27, 28, 29, 30, 31, 32, 33, 34]
2026-09-03T02:24:16+00:00 [35/60] evolution mutation=operation fitness=0.808800 population=[16, 17, 18, 19, 20, 21, 22, 23, 24, 25, 26, 27, 28, 29, 30, 31, 32, 33, 34, 35]
2026-09-03T02:25:47+00:00 [36/60] evolution mutation=operation fitness=0.828200 population=[17, 18, 19, 20, 21, 22, 23, 24, 25, 26, 27, 28, 29, 30, 31, 32, 33, 34, 35, 36]
2026-09-03T02:27:12+00:00 [37/60] evolution mutation=operation fitness=0.820400 population=[18, 19, 20, 21, 22, 23, 24, 25, 26, 27, 28, 29, 30, 31, 32, 33, 34, 35, 36, 37]
2026-09-03T02:28:32+00:00 [38/60] evolution mutation=operation fitness=0.818800 population=[19, 20, 21, 22, 23, 24, 25, 26, 27, 28, 29, 30, 31, 32, 33, 34, 35, 36, 37, 38]
2026-09-03T02:30:08+00:00 [39/60] evolution mutation=operation fitness=0.824800 population=[20, 21, 22, 23, 24, 25, 26, 27, 28, 29, 30, 31, 32, 33, 34, 35, 36, 37, 38, 39]
2026-09-03T02:31:38+00:00 [40/60] evolution mutation=hidden_state fitness=0.811600 population=[21, 22, 23, 24, 25, 26, 27, 28, 29, 30, 31, 32, 33, 34, 35, 36, 37, 38, 39, 40]
2026-09-03T02:33:10+00:00 [41/60] evolution mutation=hidden_state fitness=0.818200 population=[22, 23, 24, 25, 26, 27, 28, 29, 30, 31, 32, 33, 34, 35, 36, 37, 38, 39, 40, 41]
2026-09-03T02:34:40+00:00 [42/60] evolution mutation=hidden_state fitness=0.814800 population=[23, 24, 25, 26, 27, 28, 29, 30, 31, 32, 33, 34, 35, 36, 37, 38, 39, 40, 41, 42]
2026-09-03T02:36:27+00:00 [43/60] evolution mutation=operation fitness=0.809000 population=[24, 25, 26, 27, 28, 29, 30, 31, 32, 33, 34, 35, 36, 37, 38, 39, 40, 41, 42, 43]
2026-09-03T02:37:55+00:00 [44/60] evolution mutation=operation fitness=0.826200 population=[25, 26, 27, 28, 29, 30, 31, 32, 33, 34, 35, 36, 37, 38, 39, 40, 41, 42, 43, 44]
2026-09-03T02:39:21+00:00 [45/60] evolution mutation=hidden_state fitness=0.819600 population=[26, 27, 28, 29, 30, 31, 32, 33, 34, 35, 36, 37, 38, 39, 40, 41, 42, 43, 44, 45]
2026-09-03T02:40:51+00:00 [46/60] evolution mutation=hidden_state fitness=0.813400 population=[27, 28, 29, 30, 31, 32, 33, 34, 35, 36, 37, 38, 39, 40, 41, 42, 43, 44, 45, 46]
2026-09-03T02:42:37+00:00 [47/60] evolution mutation=operation fitness=0.823200 population=[28, 29, 30, 31, 32, 33, 34, 35, 36, 37, 38, 39, 40, 41, 42, 43, 44, 45, 46, 47]
2026-09-03T02:44:13+00:00 [48/60] evolution mutation=operation fitness=0.823600 population=[29, 30, 31, 32, 33, 34, 35, 36, 37, 38, 39, 40, 41, 42, 43, 44, 45, 46, 47, 48]
2026-09-03T02:45:52+00:00 [49/60] evolution mutation=hidden_state fitness=0.798000 population=[30, 31, 32, 33, 34, 35, 36, 37, 38, 39, 40, 41, 42, 43, 44, 45, 46, 47, 48, 49]
2026-09-03T02:47:23+00:00 [50/60] evolution mutation=hidden_state fitness=0.825200 population=[31, 32, 33, 34, 35, 36, 37, 38, 39, 40, 41, 42, 43, 44, 45, 46, 47, 48, 49, 50]
2026-09-03T02:48:43+00:00 [51/60] evolution mutation=operation fitness=0.810200 population=[32, 33, 34, 35, 36, 37, 38, 39, 40, 41, 42, 43, 44, 45, 46, 47, 48, 49, 50, 51]
2026-09-03T02:50:14+00:00 [52/60] evolution mutation=hidden_state fitness=0.817600 population=[33, 34, 35, 36, 37, 38, 39, 40, 41, 42, 43, 44, 45, 46, 47, 48, 49, 50, 51, 52]
2026-09-03T02:51:59+00:00 [53/60] evolution mutation=operation fitness=0.826200 population=[34, 35, 36, 37, 38, 39, 40, 41, 42, 43, 44, 45, 46, 47, 48, 49, 50, 51, 52, 53]
2026-09-03T02:53:36+00:00 [54/60] evolution mutation=operation fitness=0.815600 population=[35, 36, 37, 38, 39, 40, 41, 42, 43, 44, 45, 46, 47, 48, 49, 50, 51, 52, 53, 54]
2026-09-03T02:55:03+00:00 [55/60] evolution mutation=hidden_state fitness=0.805200 population=[36, 37, 38, 39, 40, 41, 42, 43, 44, 45, 46, 47, 48, 49, 50, 51, 52, 53, 54, 55]
2026-09-03T02:56:47+00:00 [56/60] evolution mutation=operation fitness=0.813400 population=[37, 38, 39, 40, 41, 42, 43, 44, 45, 46, 47, 48, 49, 50, 51, 52, 53, 54, 55, 56]
2026-09-03T02:58:33+00:00 [57/60] evolution mutation=operation fitness=0.817800 population=[38, 39, 40, 41, 42, 43, 44, 45, 46, 47, 48, 49, 50, 51, 52, 53, 54, 55, 56, 57]
2026-09-03T03:00:13+00:00 [58/60] evolution mutation=operation fitness=0.818400 population=[39, 40, 41, 42, 43, 44, 45, 46, 47, 48, 49, 50, 51, 52, 53, 54, 55, 56, 57, 58]
2026-09-03T03:01:43+00:00 [59/60] evolution mutation=hidden_state fitness=0.820200 population=[40, 41, 42, 43, 44, 45, 46, 47, 48, 49, 50, 51, 52, 53, 54, 55, 56, 57, 58, 59]
2026-09-03T03:03:15+00:00 [60/60] evolution mutation=identity fitness=0.823000 population=[41, 42, 43, 44, 45, 46, 47, 48, 49, 50, 51, 52, 53, 54, 55, 56, 57, 58, 59, 60]
2026-09-03T03:03:15+00:00 RE completed real_training_runs=60 best_fitness=0.828200
FORMAL START method=RE search_seed=1009 time=2026-09-03T01:12:22Z
START method=RE search_seed=1009 population_size=20 tournament_size=5 budget=60
[1/60] initialization mutation=random_initialization fitness=0.650000 population=[1]
[2/60] initialization mutation=random_initialization fitness=0.762400 population=[1, 2]
[3/60] initialization mutation=random_initialization fitness=0.786600 population=[1, 2, 3]
[4/60] initialization mutation=random_initialization fitness=0.782000 population=[1, 2, 3, 4]
[5/60] initialization mutation=random_initialization fitness=0.802800 population=[1, 2, 3, 4, 5]
[6/60] initialization mutation=random_initialization fitness=0.764000 population=[1, 2, 3, 4, 5, 6]
[7/60] initialization mutation=random_initialization fitness=0.783600 population=[1, 2, 3, 4, 5, 6, 7]
[8/60] initialization mutation=random_initialization fitness=0.777200 population=[1, 2, 3, 4, 5, 6, 7, 8]
[9/60] initialization mutation=random_initialization fitness=0.785400 population=[1, 2, 3, 4, 5, 6, 7, 8, 9]
[10/60] initialization mutation=random_initialization fitness=0.785200 population=[1, 2, 3, 4, 5, 6, 7, 8, 9, 10]
[11/60] initialization mutation=random_initialization fitness=0.822400 population=[1, 2, 3, 4, 5, 6, 7, 8, 9, 10, 11]
[12/60] initialization mutation=random_initialization fitness=0.718400 population=[1, 2, 3, 4, 5, 6, 7, 8, 9, 10, 11, 12]
[13/60] initialization mutation=random_initialization fitness=0.739600 population=[1, 2, 3, 4, 5, 6, 7, 8, 9, 10, 11, 12, 13]
[14/60] initialization mutation=random_initialization fitness=0.791600 population=[1, 2, 3, 4, 5, 6, 7, 8, 9, 10, 11, 12, 13, 14]
[15/60] initialization mutation=random_initialization fitness=0.766200 population=[1, 2, 3, 4, 5, 6, 7, 8, 9, 10, 11, 12, 13, 14, 15]
[16/60] initialization mutation=random_initialization fitness=0.759200 population=[1, 2, 3, 4, 5, 6, 7, 8, 9, 10, 11, 12, 13, 14, 15, 16]
[17/60] initialization mutation=random_initialization fitness=0.763000 population=[1, 2, 3, 4, 5, 6, 7, 8, 9, 10, 11, 12, 13, 14, 15, 16, 17]
[18/60] initialization mutation=random_initialization fitness=0.791400 population=[1, 2, 3, 4, 5, 6, 7, 8, 9, 10, 11, 12, 13, 14, 15, 16, 17, 18]
[19/60] initialization mutation=random_initialization fitness=0.786400 population=[1, 2, 3, 4, 5, 6, 7, 8, 9, 10, 11, 12, 13, 14, 15, 16, 17, 18, 19]
[20/60] initialization mutation=random_initialization fitness=0.749000 population=[1, 2, 3, 4, 5, 6, 7, 8, 9, 10, 11, 12, 13, 14, 15, 16, 17, 18, 19, 20]
[21/60] evolution mutation=hidden_state fitness=0.792200 population=[2, 3, 4, 5, 6, 7, 8, 9, 10, 11, 12, 13, 14, 15, 16, 17, 18, 19, 20, 21]
[22/60] evolution mutation=hidden_state fitness=0.785800 population=[3, 4, 5, 6, 7, 8, 9, 10, 11, 12, 13, 14, 15, 16, 17, 18, 19, 20, 21, 22]
[23/60] evolution mutation=operation fitness=0.790600 population=[4, 5, 6, 7, 8, 9, 10, 11, 12, 13, 14, 15, 16, 17, 18, 19, 20, 21, 22, 23]
[24/60] evolution mutation=hidden_state fitness=0.797400 population=[5, 6, 7, 8, 9, 10, 11, 12, 13, 14, 15, 16, 17, 18, 19, 20, 21, 22, 23, 24]
[25/60] evolution mutation=hidden_state fitness=0.815800 population=[6, 7, 8, 9, 10, 11, 12, 13, 14, 15, 16, 17, 18, 19, 20, 21, 22, 23, 24, 25]
[26/60] evolution mutation=hidden_state fitness=0.747200 population=[7, 8, 9, 10, 11, 12, 13, 14, 15, 16, 17, 18, 19, 20, 21, 22, 23, 24, 25, 26]
[27/60] evolution mutation=operation fitness=0.821800 population=[8, 9, 10, 11, 12, 13, 14, 15, 16, 17, 18, 19, 20, 21, 22, 23, 24, 25, 26, 27]
[28/60] evolution mutation=hidden_state fitness=0.781800 population=[9, 10, 11, 12, 13, 14, 15, 16, 17, 18, 19, 20, 21, 22, 23, 24, 25, 26, 27, 28]
[29/60] evolution mutation=hidden_state fitness=0.815200 population=[10, 11, 12, 13, 14, 15, 16, 17, 18, 19, 20, 21, 22, 23, 24, 25, 26, 27, 28, 29]
[30/60] evolution mutation=operation fitness=0.818400 population=[11, 12, 13, 14, 15, 16, 17, 18, 19, 20, 21, 22, 23, 24, 25, 26, 27, 28, 29, 30]
[31/60] evolution mutation=operation fitness=0.816000 population=[12, 13, 14, 15, 16, 17, 18, 19, 20, 21, 22, 23, 24, 25, 26, 27, 28, 29, 30, 31]
[32/60] evolution mutation=hidden_state fitness=0.825000 population=[13, 14, 15, 16, 17, 18, 19, 20, 21, 22, 23, 24, 25, 26, 27, 28, 29, 30, 31, 32]
[33/60] evolution mutation=hidden_state fitness=0.806600 population=[14, 15, 16, 17, 18, 19, 20, 21, 22, 23, 24, 25, 26, 27, 28, 29, 30, 31, 32, 33]
[34/60] evolution mutation=operation fitness=0.807200 population=[15, 16, 17, 18, 19, 20, 21, 22, 23, 24, 25, 26, 27, 28, 29, 30, 31, 32, 33, 34]
[35/60] evolution mutation=operation fitness=0.808800 population=[16, 17, 18, 19, 20, 21, 22, 23, 24, 25, 26, 27, 28, 29, 30, 31, 32, 33, 34, 35]
[36/60] evolution mutation=operation fitness=0.828200 population=[17, 18, 19, 20, 21, 22, 23, 24, 25, 26, 27, 28, 29, 30, 31, 32, 33, 34, 35, 36]
[37/60] evolution mutation=operation fitness=0.820400 population=[18, 19, 20, 21, 22, 23, 24, 25, 26, 27, 28, 29, 30, 31, 32, 33, 34, 35, 36, 37]
[38/60] evolution mutation=operation fitness=0.818800 population=[19, 20, 21, 22, 23, 24, 25, 26, 27, 28, 29, 30, 31, 32, 33, 34, 35, 36, 37, 38]
[39/60] evolution mutation=operation fitness=0.824800 population=[20, 21, 22, 23, 24, 25, 26, 27, 28, 29, 30, 31, 32, 33, 34, 35, 36, 37, 38, 39]
[40/60] evolution mutation=hidden_state fitness=0.811600 population=[21, 22, 23, 24, 25, 26, 27, 28, 29, 30, 31, 32, 33, 34, 35, 36, 37, 38, 39, 40]
[41/60] evolution mutation=hidden_state fitness=0.818200 population=[22, 23, 24, 25, 26, 27, 28, 29, 30, 31, 32, 33, 34, 35, 36, 37, 38, 39, 40, 41]
[42/60] evolution mutation=hidden_state fitness=0.814800 population=[23, 24, 25, 26, 27, 28, 29, 30, 31, 32, 33, 34, 35, 36, 37, 38, 39, 40, 41, 42]
[43/60] evolution mutation=operation fitness=0.809000 population=[24, 25, 26, 27, 28, 29, 30, 31, 32, 33, 34, 35, 36, 37, 38, 39, 40, 41, 42, 43]
[44/60] evolution mutation=operation fitness=0.826200 population=[25, 26, 27, 28, 29, 30, 31, 32, 33, 34, 35, 36, 37, 38, 39, 40, 41, 42, 43, 44]
[45/60] evolution mutation=hidden_state fitness=0.819600 population=[26, 27, 28, 29, 30, 31, 32, 33, 34, 35, 36, 37, 38, 39, 40, 41, 42, 43, 44, 45]
[46/60] evolution mutation=hidden_state fitness=0.813400 population=[27, 28, 29, 30, 31, 32, 33, 34, 35, 36, 37, 38, 39, 40, 41, 42, 43, 44, 45, 46]
[47/60] evolution mutation=operation fitness=0.823200 population=[28, 29, 30, 31, 32, 33, 34, 35, 36, 37, 38, 39, 40, 41, 42, 43, 44, 45, 46, 47]
[48/60] evolution mutation=operation fitness=0.823600 population=[29, 30, 31, 32, 33, 34, 35, 36, 37, 38, 39, 40, 41, 42, 43, 44, 45, 46, 47, 48]
[49/60] evolution mutation=hidden_state fitness=0.798000 population=[30, 31, 32, 33, 34, 35, 36, 37, 38, 39, 40, 41, 42, 43, 44, 45, 46, 47, 48, 49]
[50/60] evolution mutation=hidden_state fitness=0.825200 population=[31, 32, 33, 34, 35, 36, 37, 38, 39, 40, 41, 42, 43, 44, 45, 46, 47, 48, 49, 50]
[51/60] evolution mutation=operation fitness=0.810200 population=[32, 33, 34, 35, 36, 37, 38, 39, 40, 41, 42, 43, 44, 45, 46, 47, 48, 49, 50, 51]
[52/60] evolution mutation=hidden_state fitness=0.817600 population=[33, 34, 35, 36, 37, 38, 39, 40, 41, 42, 43, 44, 45, 46, 47, 48, 49, 50, 51, 52]
[53/60] evolution mutation=operation fitness=0.826200 population=[34, 35, 36, 37, 38, 39, 40, 41, 42, 43, 44, 45, 46, 47, 48, 49, 50, 51, 52, 53]
[54/60] evolution mutation=operation fitness=0.815600 population=[35, 36, 37, 38, 39, 40, 41, 42, 43, 44, 45, 46, 47, 48, 49, 50, 51, 52, 53, 54]
[55/60] evolution mutation=hidden_state fitness=0.805200 population=[36, 37, 38, 39, 40, 41, 42, 43, 44, 45, 46, 47, 48, 49, 50, 51, 52, 53, 54, 55]
[56/60] evolution mutation=operation fitness=0.813400 population=[37, 38, 39, 40, 41, 42, 43, 44, 45, 46, 47, 48, 49, 50, 51, 52, 53, 54, 55, 56]
[57/60] evolution mutation=operation fitness=0.817800 population=[38, 39, 40, 41, 42, 43, 44, 45, 46, 47, 48, 49, 50, 51, 52, 53, 54, 55, 56, 57]
[58/60] evolution mutation=operation fitness=0.818400 population=[39, 40, 41, 42, 43, 44, 45, 46, 47, 48, 49, 50, 51, 52, 53, 54, 55, 56, 57, 58]
[59/60] evolution mutation=hidden_state fitness=0.820200 population=[40, 41, 42, 43, 44, 45, 46, 47, 48, 49, 50, 51, 52, 53, 54, 55, 56, 57, 58, 59]
[60/60] evolution mutation=identity fitness=0.823000 population=[41, 42, 43, 44, 45, 46, 47, 48, 49, 50, 51, 52, 53, 54, 55, 56, 57, 58, 59, 60]
RE completed real_training_runs=60 best_fitness=0.828200
output directory: experiments\formal\re_1009
evaluations: 60
best fitness: 0.828200
evaluations CSV: experiments\formal\re_1009\evaluations.csv
history JSON: experiments\formal\re_1009\history.json
FORMAL END method=RE search_seed=1009 exit_code=0 time=2026-09-03T03:03:16Z
