2026-08-27T06:04:05+00:00 START method=SA-RE search_seed=2710 surrogate_seed=902710 population_size=20 tournament_size=5 budget=24 candidate_count=5
2026-08-27T06:04:54+00:00 [1/24] initialization mutation=random_initialization fitness=0.468200
2026-08-27T06:05:39+00:00 [2/24] initialization mutation=random_initialization fitness=0.369800
2026-08-27T06:06:25+00:00 [3/24] initialization mutation=random_initialization fitness=0.367600
2026-08-27T06:07:10+00:00 [4/24] initialization mutation=random_initialization fitness=0.453000
2026-08-27T06:07:56+00:00 [5/24] initialization mutation=random_initialization fitness=0.416200
2026-08-27T06:08:33+00:00 [6/24] initialization mutation=random_initialization fitness=0.509800
2026-08-27T06:09:13+00:00 [7/24] initialization mutation=random_initialization fitness=0.410800
2026-08-27T06:09:57+00:00 [8/24] initialization mutation=random_initialization fitness=0.440800
2026-08-27T06:10:47+00:00 [9/24] initialization mutation=random_initialization fitness=0.325000
2026-08-27T06:11:28+00:00 [10/24] initialization mutation=random_initialization fitness=0.492200
2026-08-27T06:12:11+00:00 [11/24] initialization mutation=random_initialization fitness=0.449600
2026-08-27T06:13:01+00:00 [12/24] initialization mutation=random_initialization fitness=0.453400
2026-08-27T06:13:38+00:00 [13/24] initialization mutation=random_initialization fitness=0.487200
2026-08-27T06:14:23+00:00 [14/24] initialization mutation=random_initialization fitness=0.434000
2026-08-27T06:15:09+00:00 [15/24] initialization mutation=random_initialization fitness=0.364200
2026-08-27T06:15:51+00:00 [16/24] initialization mutation=random_initialization fitness=0.469800
2026-08-27T06:16:37+00:00 [17/24] initialization mutation=random_initialization fitness=0.379200
2026-08-27T06:17:25+00:00 [18/24] initialization mutation=random_initialization fitness=0.481800
2026-08-27T06:18:08+00:00 [19/24] initialization mutation=random_initialization fitness=0.491400
2026-08-27T06:18:51+00:00 [20/24] initialization mutation=random_initialization fitness=0.471600
2026-08-27T06:19:35+00:00 [21/24] evolution mutation=hidden_state fitness=0.467800 selected_candidate=3 predicted_mu=0.487301
2026-08-27T06:20:19+00:00 [22/24] evolution mutation=operation fitness=0.511000 selected_candidate=3 predicted_mu=0.466283
2026-08-27T06:21:06+00:00 [23/24] evolution mutation=operation fitness=0.428600 selected_candidate=4 predicted_mu=0.509599
2026-08-27T06:21:49+00:00 [24/24] evolution mutation=operation fitness=0.449800 selected_candidate=2 predicted_mu=0.507876
2026-08-27T06:21:49+00:00 SA-RE completed real_training_runs=24 candidate_predictions=20 best_fitness=0.511000
