2026-08-29T10:01:39+00:00 START method=RS-SA-RE search_seed=2910 repeat_seed=1802910 surrogate_seed=902910 population_size=20 tournament_size=5 budget=30 candidate_count=5 lambda=1.0
2026-08-29T10:02:21+00:00 [1/30] initialization event=first_evaluation base_eval=1 accuracy=0.502400 inserted=True
2026-08-29T10:03:11+00:00 [2/30] initialization event=first_evaluation base_eval=2 accuracy=0.355600 inserted=True
2026-08-29T10:03:59+00:00 [3/30] initialization event=first_evaluation base_eval=3 accuracy=0.468800 inserted=True
2026-08-29T10:04:46+00:00 [4/30] initialization event=first_evaluation base_eval=4 accuracy=0.429800 inserted=True
2026-08-29T10:05:38+00:00 [5/30] initialization event=first_evaluation base_eval=5 accuracy=0.257600 inserted=True
2026-08-29T10:06:28+00:00 [6/30] initialization event=first_evaluation base_eval=6 accuracy=0.518800 inserted=True
2026-08-29T10:07:14+00:00 [7/30] initialization event=first_evaluation base_eval=7 accuracy=0.417800 inserted=True
2026-08-29T10:07:56+00:00 [8/30] initialization event=first_evaluation base_eval=8 accuracy=0.464800 inserted=True
2026-08-29T10:08:47+00:00 [9/30] initialization event=first_evaluation base_eval=9 accuracy=0.442600 inserted=True
2026-08-29T10:09:35+00:00 [10/30] initialization event=first_evaluation base_eval=10 accuracy=0.432600 inserted=True
2026-08-29T10:10:19+00:00 [11/30] initialization event=first_evaluation base_eval=11 accuracy=0.509800 inserted=True
2026-08-29T10:11:04+00:00 [12/30] initialization event=first_evaluation base_eval=12 accuracy=0.428400 inserted=True
2026-08-29T10:11:52+00:00 [13/30] initialization event=first_evaluation base_eval=13 accuracy=0.377800 inserted=True
2026-08-29T10:12:30+00:00 [14/30] initialization event=first_evaluation base_eval=14 accuracy=0.507000 inserted=True
2026-08-29T10:13:17+00:00 [15/30] initialization event=first_evaluation base_eval=15 accuracy=0.359200 inserted=True
2026-08-29T10:14:08+00:00 [16/30] initialization event=first_evaluation base_eval=16 accuracy=0.376200 inserted=True
2026-08-29T10:14:57+00:00 [17/30] initialization event=first_evaluation base_eval=17 accuracy=0.456200 inserted=True
2026-08-29T10:15:46+00:00 [18/30] initialization event=first_evaluation base_eval=18 accuracy=0.345800 inserted=True
2026-08-29T10:16:30+00:00 [19/30] initialization event=first_evaluation base_eval=19 accuracy=0.413000 inserted=True
2026-08-29T10:17:19+00:00 [20/30] initialization event=first_evaluation base_eval=20 accuracy=0.521200 inserted=True
2026-08-29T10:18:01+00:00 [Repeat]
2026-08-29T10:18:01+00:00 base_eval=8 seed1=20260834 acc1=0.464800
2026-08-29T10:18:01+00:00 seed2=21260834 acc2=0.519400
2026-08-29T10:18:01+00:00 mean_target=0.492100 instability=0.054600
2026-08-29T10:18:01+00:00 budget=21/30 population unchanged
2026-08-29T10:18:01+00:00 [21/30] warmup_repeat event=repeat_evaluation base_eval=8 accuracy=0.519400 inserted=False
2026-08-29T10:18:45+00:00 [Repeat]
2026-08-29T10:18:45+00:00 base_eval=19 seed1=20260845 acc1=0.413000
2026-08-29T10:18:45+00:00 seed2=21260845 acc2=0.406400
2026-08-29T10:18:45+00:00 mean_target=0.409700 instability=0.006600
2026-08-29T10:18:45+00:00 budget=22/30 population unchanged
2026-08-29T10:18:45+00:00 [22/30] warmup_repeat event=repeat_evaluation base_eval=19 accuracy=0.406400 inserted=False
2026-08-29T10:19:30+00:00 [Repeat]
2026-08-29T10:19:30+00:00 base_eval=7 seed1=20260833 acc1=0.417800
2026-08-29T10:19:30+00:00 seed2=21260833 acc2=0.402400
2026-08-29T10:19:30+00:00 mean_target=0.410100 instability=0.015400
2026-08-29T10:19:30+00:00 budget=23/30 population unchanged
2026-08-29T10:19:30+00:00 [23/30] warmup_repeat event=repeat_evaluation base_eval=7 accuracy=0.402400 inserted=False
2026-08-29T10:20:15+00:00 [Repeat]
2026-08-29T10:20:15+00:00 base_eval=12 seed1=20260838 acc1=0.428400
2026-08-29T10:20:15+00:00 seed2=21260838 acc2=0.398600
2026-08-29T10:20:15+00:00 mean_target=0.413500 instability=0.029800
2026-08-29T10:20:15+00:00 budget=24/30 population unchanged
2026-08-29T10:20:15+00:00 [24/30] warmup_repeat event=repeat_evaluation base_eval=12 accuracy=0.398600 inserted=False
2026-08-29T10:20:15+00:00 [Surrogate training]
2026-08-29T10:20:15+00:00 training_size=20 paired_label_count=4
2026-08-29T10:20:15+00:00 mu_target: min=0.257600 max=0.521200 mean=0.429340 std=0.068559
2026-08-29T10:20:15+00:00 d_target: min=0.006600 max=0.054600 mean=0.026600 std=0.018164
2026-08-29T10:20:15+00:00 training_loss=0.00021682 mean_mse=0.00000080 instability_mse=0.00021602
2026-08-29T10:20:15+00:00 [Surrogate prediction]
2026-08-29T10:20:15+00:00 predicted_mu: min=0.490786 max=0.520342 mean=0.507461 std=0.009537
2026-08-29T10:20:15+00:00 predicted_d: min=0.160090 max=0.176394 mean=0.167376 std=0.007377
2026-08-29T10:20:59+00:00 [RS-SA-RE budget 25 / first eval 21]
2026-08-29T10:20:59+00:00 Candidate 0: mu_hat=0.510033 d_hat=0.176394 lambda=1.000000 score=0.333639
2026-08-29T10:20:59+00:00 Candidate 1: mu_hat=0.509377 d_hat=0.162474 lambda=1.000000 score=0.346902
2026-08-29T10:20:59+00:00 Candidate 2: mu_hat=0.520342 d_hat=0.160090 lambda=1.000000 score=0.360252
2026-08-29T10:20:59+00:00 Candidate 3: mu_hat=0.506766 d_hat=0.176330 lambda=1.000000 score=0.330435
2026-08-29T10:20:59+00:00 Candidate 4: mu_hat=0.490786 d_hat=0.161590 lambda=1.000000 score=0.329197
2026-08-29T10:20:59+00:00 Selected: candidate 2
2026-08-29T10:20:59+00:00 [25/30] evolution event=first_evaluation base_eval=21 accuracy=0.414600 inserted=True
2026-08-29T10:20:59+00:00 [Surrogate training]
2026-08-29T10:20:59+00:00 training_size=21 paired_label_count=4
2026-08-29T10:20:59+00:00 mu_target: min=0.257600 max=0.521200 mean=0.428638 std=0.066980
2026-08-29T10:20:59+00:00 d_target: min=0.006600 max=0.054600 mean=0.026600 std=0.018164
2026-08-29T10:20:59+00:00 training_loss=0.00033208 mean_mse=0.00011331 instability_mse=0.00021877
2026-08-29T10:20:59+00:00 [Surrogate prediction]
2026-08-29T10:20:59+00:00 predicted_mu: min=0.495513 max=0.535422 mean=0.517445 std=0.014364
2026-08-29T10:20:59+00:00 predicted_d: min=0.144179 max=0.164694 mean=0.157527 std=0.007074
2026-08-29T10:21:49+00:00 [RS-SA-RE budget 26 / first eval 22]
2026-08-29T10:21:49+00:00 Candidate 0: mu_hat=0.535422 d_hat=0.164694 lambda=1.000000 score=0.370729
2026-08-29T10:21:49+00:00 Candidate 1: mu_hat=0.528415 d_hat=0.159636 lambda=1.000000 score=0.368779
2026-08-29T10:21:49+00:00 Candidate 2: mu_hat=0.495513 d_hat=0.161558 lambda=1.000000 score=0.333955
2026-08-29T10:21:49+00:00 Candidate 3: mu_hat=0.520358 d_hat=0.144179 lambda=1.000000 score=0.376180
2026-08-29T10:21:49+00:00 Candidate 4: mu_hat=0.507517 d_hat=0.157569 lambda=1.000000 score=0.349948
2026-08-29T10:21:49+00:00 Selected: candidate 3
2026-08-29T10:21:49+00:00 [26/30] evolution event=first_evaluation base_eval=22 accuracy=0.432200 inserted=True
2026-08-29T10:21:49+00:00 [Surrogate training]
2026-08-29T10:21:49+00:00 training_size=22 paired_label_count=4
2026-08-29T10:21:49+00:00 mu_target: min=0.257600 max=0.521200 mean=0.428800 std=0.065444
2026-08-29T10:21:49+00:00 d_target: min=0.006600 max=0.054600 mean=0.026600 std=0.018164
2026-08-29T10:21:49+00:00 training_loss=0.00033303 mean_mse=0.00011772 instability_mse=0.00021531
2026-08-29T10:21:49+00:00 [Surrogate prediction]
2026-08-29T10:21:49+00:00 predicted_mu: min=0.459006 max=0.474928 mean=0.469398 std=0.005634
2026-08-29T10:21:49+00:00 predicted_d: min=0.175096 max=0.204008 mean=0.186654 std=0.010194
2026-08-29T10:22:35+00:00 [RS-SA-RE budget 27 / first eval 23]
2026-08-29T10:22:35+00:00 Candidate 0: mu_hat=0.473283 d_hat=0.177775 lambda=1.000000 score=0.295509
2026-08-29T10:22:35+00:00 Candidate 1: mu_hat=0.459006 d_hat=0.187412 lambda=1.000000 score=0.271595
2026-08-29T10:22:35+00:00 Candidate 2: mu_hat=0.474928 d_hat=0.188981 lambda=1.000000 score=0.285947
2026-08-29T10:22:35+00:00 Candidate 3: mu_hat=0.471395 d_hat=0.204008 lambda=1.000000 score=0.267387
2026-08-29T10:22:35+00:00 Candidate 4: mu_hat=0.468376 d_hat=0.175096 lambda=1.000000 score=0.293281
2026-08-29T10:22:35+00:00 Selected: candidate 0
2026-08-29T10:22:35+00:00 [27/30] evolution event=first_evaluation base_eval=23 accuracy=0.458000 inserted=True
2026-08-29T10:22:35+00:00 [Surrogate training]
2026-08-29T10:22:35+00:00 training_size=23 paired_label_count=4
2026-08-29T10:22:35+00:00 mu_target: min=0.257600 max=0.521200 mean=0.430070 std=0.064282
2026-08-29T10:22:35+00:00 d_target: min=0.006600 max=0.054600 mean=0.026600 std=0.018164
2026-08-29T10:22:35+00:00 training_loss=0.00036113 mean_mse=0.00014274 instability_mse=0.00021839
2026-08-29T10:22:35+00:00 [Surrogate prediction]
2026-08-29T10:22:35+00:00 predicted_mu: min=0.489735 max=0.517329 mean=0.498011 std=0.010043
2026-08-29T10:22:35+00:00 predicted_d: min=0.158030 max=0.185024 mean=0.170237 std=0.010237
2026-08-29T10:23:23+00:00 [RS-SA-RE budget 28 / first eval 24]
2026-08-29T10:23:23+00:00 Candidate 0: mu_hat=0.489735 d_hat=0.185024 lambda=1.000000 score=0.304711
2026-08-29T10:23:23+00:00 Candidate 1: mu_hat=0.517329 d_hat=0.158030 lambda=1.000000 score=0.359300
2026-08-29T10:23:23+00:00 Candidate 2: mu_hat=0.491018 d_hat=0.174886 lambda=1.000000 score=0.316131
2026-08-29T10:23:23+00:00 Candidate 3: mu_hat=0.497645 d_hat=0.159255 lambda=1.000000 score=0.338390
2026-08-29T10:23:23+00:00 Candidate 4: mu_hat=0.494327 d_hat=0.173992 lambda=1.000000 score=0.320335
2026-08-29T10:23:23+00:00 Selected: candidate 1
2026-08-29T10:23:23+00:00 [28/30] evolution event=first_evaluation base_eval=24 accuracy=0.490800 inserted=True
2026-08-29T10:24:11+00:00 [Repeat]
2026-08-29T10:24:11+00:00 base_eval=20 seed1=20260846 acc1=0.521200
2026-08-29T10:24:11+00:00 seed2=21260846 acc2=0.482000
2026-08-29T10:24:11+00:00 mean_target=0.501600 instability=0.039200
2026-08-29T10:24:11+00:00 budget=29/30 population unchanged
2026-08-29T10:24:11+00:00 [29/30] periodic_repeat event=repeat_evaluation base_eval=20 accuracy=0.482000 inserted=False
2026-08-29T10:24:11+00:00 [Surrogate training]
2026-08-29T10:24:11+00:00 training_size=24 paired_label_count=5
2026-08-29T10:24:11+00:00 mu_target: min=0.257600 max=0.518800 mean=0.431783 std=0.063071
2026-08-29T10:24:11+00:00 d_target: min=0.006600 max=0.054600 mean=0.029120 std=0.017010
2026-08-29T10:24:11+00:00 training_loss=0.00038937 mean_mse=0.00009894 instability_mse=0.00029043
2026-08-29T10:24:11+00:00 [Surrogate prediction]
2026-08-29T10:24:11+00:00 predicted_mu: min=0.493228 max=0.536406 mean=0.509955 std=0.014723
2026-08-29T10:24:11+00:00 predicted_d: min=0.106409 max=0.117937 mean=0.112749 std=0.004057
2026-08-29T10:25:02+00:00 [RS-SA-RE budget 30 / first eval 25]
2026-08-29T10:25:02+00:00 Candidate 0: mu_hat=0.513657 d_hat=0.117937 lambda=1.000000 score=0.395720
2026-08-29T10:25:02+00:00 Candidate 1: mu_hat=0.536406 d_hat=0.114986 lambda=1.000000 score=0.421419
2026-08-29T10:25:02+00:00 Candidate 2: mu_hat=0.502696 d_hat=0.114396 lambda=1.000000 score=0.388300
2026-08-29T10:25:02+00:00 Candidate 3: mu_hat=0.503789 d_hat=0.110015 lambda=1.000000 score=0.393774
2026-08-29T10:25:02+00:00 Candidate 4: mu_hat=0.493228 d_hat=0.106409 lambda=1.000000 score=0.386819
2026-08-29T10:25:02+00:00 Selected: candidate 1
2026-08-29T10:25:02+00:00 [30/30] evolution event=first_evaluation base_eval=25 accuracy=0.459000 inserted=True
2026-08-29T10:25:02+00:00 [Surrogate training]
2026-08-29T10:25:02+00:00 training_size=25 paired_label_count=5
2026-08-29T10:25:02+00:00 mu_target: min=0.257600 max=0.518800 mean=0.432872 std=0.062026
2026-08-29T10:25:02+00:00 d_target: min=0.006600 max=0.054600 mean=0.029120 std=0.017010
2026-08-29T10:25:02+00:00 training_loss=0.00041780 mean_mse=0.00019517 instability_mse=0.00022263
2026-08-29T10:25:02+00:00 RS-SA-RE completed real_training_runs=30 first_evaluations=25 repeat_evaluations=5 best_fitness=0.521200
