2026-09-01T18:53:06+00:00 START method=SA-RE search_seed=1004 surrogate_seed=901004 population_size=20 tournament_size=5 budget=60 candidate_count=5
2026-09-01T18:55:06+00:00 [1/60] initialization mutation=random_initialization fitness=0.804800
2026-09-01T18:57:17+00:00 [2/60] initialization mutation=random_initialization fitness=0.761600
2026-09-01T18:59:36+00:00 [3/60] initialization mutation=random_initialization fitness=0.761600
2026-09-01T19:01:39+00:00 [4/60] initialization mutation=random_initialization fitness=0.812200
2026-09-01T19:04:05+00:00 [5/60] initialization mutation=random_initialization fitness=0.678400
2026-09-01T19:05:59+00:00 [6/60] initialization mutation=random_initialization fitness=0.771600
2026-09-01T19:08:26+00:00 [7/60] initialization mutation=random_initialization fitness=0.769000
2026-09-01T19:11:08+00:00 [8/60] initialization mutation=random_initialization fitness=0.783400
2026-09-01T19:13:43+00:00 [9/60] initialization mutation=random_initialization fitness=0.721000
2026-09-01T19:16:23+00:00 [10/60] initialization mutation=random_initialization fitness=0.789000
2026-09-01T19:18:42+00:00 [11/60] initialization mutation=random_initialization fitness=0.789400
2026-09-01T19:21:03+00:00 [12/60] initialization mutation=random_initialization fitness=0.756200
2026-09-01T19:23:13+00:00 [13/60] initialization mutation=random_initialization fitness=0.747000
2026-09-01T19:25:52+00:00 [14/60] initialization mutation=random_initialization fitness=0.774200
2026-09-01T19:28:56+00:00 [15/60] initialization mutation=random_initialization fitness=0.700200
2026-09-01T19:31:37+00:00 [16/60] initialization mutation=random_initialization fitness=0.727000
2026-09-01T19:33:58+00:00 [17/60] initialization mutation=random_initialization fitness=0.756600
2026-09-01T19:36:05+00:00 [18/60] initialization mutation=random_initialization fitness=0.761000
2026-09-01T19:38:12+00:00 [19/60] initialization mutation=random_initialization fitness=0.714000
2026-09-01T19:40:14+00:00 [20/60] initialization mutation=random_initialization fitness=0.785400
2026-09-01T19:42:18+00:00 [21/60] evolution mutation=operation fitness=0.809400 selected_candidate=4 predicted_mu=0.828049
2026-09-01T19:44:21+00:00 [22/60] evolution mutation=operation fitness=0.815600 selected_candidate=3 predicted_mu=0.815070
2026-09-01T19:46:20+00:00 [23/60] evolution mutation=operation fitness=0.806200 selected_candidate=4 predicted_mu=0.839334
2026-09-01T19:48:21+00:00 [24/60] evolution mutation=hidden_state fitness=0.799000 selected_candidate=0 predicted_mu=0.827619
2026-09-01T19:50:39+00:00 [25/60] evolution mutation=operation fitness=0.768000 selected_candidate=0 predicted_mu=0.802178
2026-09-01T19:53:17+00:00 [26/60] evolution mutation=hidden_state fitness=0.731400 selected_candidate=0 predicted_mu=0.795273
2026-09-01T19:55:17+00:00 [27/60] evolution mutation=operation fitness=0.813000 selected_candidate=1 predicted_mu=0.821012
2026-09-01T19:57:19+00:00 [28/60] evolution mutation=operation fitness=0.805600 selected_candidate=0 predicted_mu=0.819628
2026-09-01T19:59:20+00:00 [29/60] evolution mutation=identity fitness=0.812400 selected_candidate=1 predicted_mu=0.810215
2026-09-01T20:01:22+00:00 [30/60] evolution mutation=hidden_state fitness=0.806000 selected_candidate=2 predicted_mu=0.820303
2026-09-01T20:03:32+00:00 [31/60] evolution mutation=operation fitness=0.807200 selected_candidate=1 predicted_mu=0.818490
2026-09-01T20:05:33+00:00 [32/60] evolution mutation=hidden_state fitness=0.825800 selected_candidate=2 predicted_mu=0.832852
2026-09-01T20:07:44+00:00 [33/60] evolution mutation=operation fitness=0.732000 selected_candidate=1 predicted_mu=0.797315
2026-09-01T20:09:47+00:00 [34/60] evolution mutation=hidden_state fitness=0.805000 selected_candidate=1 predicted_mu=0.801327
2026-09-01T20:11:48+00:00 [35/60] evolution mutation=hidden_state fitness=0.808400 selected_candidate=0 predicted_mu=0.809068
2026-09-01T20:13:55+00:00 [36/60] evolution mutation=operation fitness=0.795600 selected_candidate=2 predicted_mu=0.816927
2026-09-01T20:16:06+00:00 [37/60] evolution mutation=operation fitness=0.815600 selected_candidate=2 predicted_mu=0.809339
2026-09-01T20:18:09+00:00 [38/60] evolution mutation=operation fitness=0.798800 selected_candidate=0 predicted_mu=0.842181
2026-09-01T20:20:11+00:00 [39/60] evolution mutation=hidden_state fitness=0.808200 selected_candidate=1 predicted_mu=0.812540
2026-09-01T20:22:23+00:00 [40/60] evolution mutation=hidden_state fitness=0.800000 selected_candidate=0 predicted_mu=0.814370
2026-09-01T20:24:27+00:00 [41/60] evolution mutation=hidden_state fitness=0.808600 selected_candidate=2 predicted_mu=0.796055
2026-09-01T20:26:39+00:00 [42/60] evolution mutation=hidden_state fitness=0.810800 selected_candidate=4 predicted_mu=0.818534
2026-09-01T20:28:51+00:00 [43/60] evolution mutation=hidden_state fitness=0.814400 selected_candidate=2 predicted_mu=0.824594
2026-09-01T20:30:45+00:00 [44/60] evolution mutation=operation fitness=0.807200 selected_candidate=2 predicted_mu=0.809697
2026-09-01T20:32:46+00:00 [45/60] evolution mutation=hidden_state fitness=0.796600 selected_candidate=2 predicted_mu=0.817252
2026-09-01T20:34:59+00:00 [46/60] evolution mutation=hidden_state fitness=0.806200 selected_candidate=3 predicted_mu=0.824463
2026-09-01T20:37:26+00:00 [47/60] evolution mutation=operation fitness=0.768800 selected_candidate=3 predicted_mu=0.837271
2026-09-01T20:39:11+00:00 [48/60] evolution mutation=operation fitness=0.815400 selected_candidate=2 predicted_mu=0.845348
2026-09-01T20:41:11+00:00 [49/60] evolution mutation=hidden_state fitness=0.817200 selected_candidate=1 predicted_mu=0.838418
2026-09-01T20:43:40+00:00 [50/60] evolution mutation=operation fitness=0.764600 selected_candidate=0 predicted_mu=0.817298
2026-09-01T20:45:40+00:00 [51/60] evolution mutation=operation fitness=0.823600 selected_candidate=2 predicted_mu=0.841234
2026-09-01T20:47:40+00:00 [52/60] evolution mutation=hidden_state fitness=0.817800 selected_candidate=1 predicted_mu=0.839131
2026-09-01T20:49:42+00:00 [53/60] evolution mutation=operation fitness=0.818600 selected_candidate=4 predicted_mu=0.847419
2026-09-01T20:51:44+00:00 [54/60] evolution mutation=operation fitness=0.822800 selected_candidate=2 predicted_mu=0.827192
2026-09-01T20:53:56+00:00 [55/60] evolution mutation=operation fitness=0.816000 selected_candidate=0 predicted_mu=0.810776
2026-09-01T20:56:00+00:00 [56/60] evolution mutation=hidden_state fitness=0.807200 selected_candidate=2 predicted_mu=0.827943
2026-09-01T20:58:02+00:00 [57/60] evolution mutation=operation fitness=0.812600 selected_candidate=2 predicted_mu=0.836112
2026-09-01T21:00:02+00:00 [58/60] evolution mutation=operation fitness=0.816200 selected_candidate=1 predicted_mu=0.817200
2026-09-01T21:02:04+00:00 [59/60] evolution mutation=hidden_state fitness=0.802200 selected_candidate=4 predicted_mu=0.824459
2026-09-01T21:04:05+00:00 [60/60] evolution mutation=operation fitness=0.822200 selected_candidate=0 predicted_mu=0.821749
2026-09-01T21:04:05+00:00 SA-RE completed real_training_runs=60 candidate_predictions=200 best_fitness=0.825800
FORMAL START method=SA-RE search_seed=1004 time=2026-09-01T18:53:05Z
START method=SA-RE search_seed=1004 surrogate_seed=901004 population_size=20 tournament_size=5 budget=60 candidate_count=5
[1/60] initialization mutation=random_initialization fitness=0.804800
[2/60] initialization mutation=random_initialization fitness=0.761600
[3/60] initialization mutation=random_initialization fitness=0.761600
[4/60] initialization mutation=random_initialization fitness=0.812200
[5/60] initialization mutation=random_initialization fitness=0.678400
[6/60] initialization mutation=random_initialization fitness=0.771600
[7/60] initialization mutation=random_initialization fitness=0.769000
[8/60] initialization mutation=random_initialization fitness=0.783400
[9/60] initialization mutation=random_initialization fitness=0.721000
[10/60] initialization mutation=random_initialization fitness=0.789000
[11/60] initialization mutation=random_initialization fitness=0.789400
[12/60] initialization mutation=random_initialization fitness=0.756200
[13/60] initialization mutation=random_initialization fitness=0.747000
[14/60] initialization mutation=random_initialization fitness=0.774200
[15/60] initialization mutation=random_initialization fitness=0.700200
[16/60] initialization mutation=random_initialization fitness=0.727000
[17/60] initialization mutation=random_initialization fitness=0.756600
[18/60] initialization mutation=random_initialization fitness=0.761000
[19/60] initialization mutation=random_initialization fitness=0.714000
[20/60] initialization mutation=random_initialization fitness=0.785400
[21/60] evolution mutation=operation fitness=0.809400 selected_candidate=4 predicted_mu=0.828049
[22/60] evolution mutation=operation fitness=0.815600 selected_candidate=3 predicted_mu=0.815070
[23/60] evolution mutation=operation fitness=0.806200 selected_candidate=4 predicted_mu=0.839334
[24/60] evolution mutation=hidden_state fitness=0.799000 selected_candidate=0 predicted_mu=0.827619
[25/60] evolution mutation=operation fitness=0.768000 selected_candidate=0 predicted_mu=0.802178
[26/60] evolution mutation=hidden_state fitness=0.731400 selected_candidate=0 predicted_mu=0.795273
[27/60] evolution mutation=operation fitness=0.813000 selected_candidate=1 predicted_mu=0.821012
[28/60] evolution mutation=operation fitness=0.805600 selected_candidate=0 predicted_mu=0.819628
[29/60] evolution mutation=identity fitness=0.812400 selected_candidate=1 predicted_mu=0.810215
[30/60] evolution mutation=hidden_state fitness=0.806000 selected_candidate=2 predicted_mu=0.820303
[31/60] evolution mutation=operation fitness=0.807200 selected_candidate=1 predicted_mu=0.818490
[32/60] evolution mutation=hidden_state fitness=0.825800 selected_candidate=2 predicted_mu=0.832852
[33/60] evolution mutation=operation fitness=0.732000 selected_candidate=1 predicted_mu=0.797315
[34/60] evolution mutation=hidden_state fitness=0.805000 selected_candidate=1 predicted_mu=0.801327
[35/60] evolution mutation=hidden_state fitness=0.808400 selected_candidate=0 predicted_mu=0.809068
[36/60] evolution mutation=operation fitness=0.795600 selected_candidate=2 predicted_mu=0.816927
[37/60] evolution mutation=operation fitness=0.815600 selected_candidate=2 predicted_mu=0.809339
[38/60] evolution mutation=operation fitness=0.798800 selected_candidate=0 predicted_mu=0.842181
[39/60] evolution mutation=hidden_state fitness=0.808200 selected_candidate=1 predicted_mu=0.812540
[40/60] evolution mutation=hidden_state fitness=0.800000 selected_candidate=0 predicted_mu=0.814370
[41/60] evolution mutation=hidden_state fitness=0.808600 selected_candidate=2 predicted_mu=0.796055
[42/60] evolution mutation=hidden_state fitness=0.810800 selected_candidate=4 predicted_mu=0.818534
[43/60] evolution mutation=hidden_state fitness=0.814400 selected_candidate=2 predicted_mu=0.824594
[44/60] evolution mutation=operation fitness=0.807200 selected_candidate=2 predicted_mu=0.809697
[45/60] evolution mutation=hidden_state fitness=0.796600 selected_candidate=2 predicted_mu=0.817252
[46/60] evolution mutation=hidden_state fitness=0.806200 selected_candidate=3 predicted_mu=0.824463
[47/60] evolution mutation=operation fitness=0.768800 selected_candidate=3 predicted_mu=0.837271
[48/60] evolution mutation=operation fitness=0.815400 selected_candidate=2 predicted_mu=0.845348
[49/60] evolution mutation=hidden_state fitness=0.817200 selected_candidate=1 predicted_mu=0.838418
[50/60] evolution mutation=operation fitness=0.764600 selected_candidate=0 predicted_mu=0.817298
[51/60] evolution mutation=operation fitness=0.823600 selected_candidate=2 predicted_mu=0.841234
[52/60] evolution mutation=hidden_state fitness=0.817800 selected_candidate=1 predicted_mu=0.839131
[53/60] evolution mutation=operation fitness=0.818600 selected_candidate=4 predicted_mu=0.847419
[54/60] evolution mutation=operation fitness=0.822800 selected_candidate=2 predicted_mu=0.827192
[55/60] evolution mutation=operation fitness=0.816000 selected_candidate=0 predicted_mu=0.810776
[56/60] evolution mutation=hidden_state fitness=0.807200 selected_candidate=2 predicted_mu=0.827943
[57/60] evolution mutation=operation fitness=0.812600 selected_candidate=2 predicted_mu=0.836112
[58/60] evolution mutation=operation fitness=0.816200 selected_candidate=1 predicted_mu=0.817200
[59/60] evolution mutation=hidden_state fitness=0.802200 selected_candidate=4 predicted_mu=0.824459
[60/60] evolution mutation=operation fitness=0.822200 selected_candidate=0 predicted_mu=0.821749
SA-RE completed real_training_runs=60 candidate_predictions=200 best_fitness=0.825800
output directory: experiments\formal\sa_re_1004
real evaluations: 60
final population: 20
candidate rows: 200
selected rows: 40
best fitness: 0.825800
evaluations CSV: experiments\formal\sa_re_1004\evaluations.csv
candidate predictions CSV: experiments\formal\sa_re_1004\candidate_predictions.csv
history JSON: experiments\formal\sa_re_1004\history.json
FORMAL END method=SA-RE search_seed=1004 exit_code=0 time=2026-09-01T21:04:06Z
