2026-08-31T11:02:32+00:00 START method=RE search_seed=1001 population_size=20 tournament_size=5 budget=60
2026-08-31T11:05:20+00:00 [1/60] initialization mutation=random_initialization fitness=0.727800 population=[1]
2026-08-31T11:07:39+00:00 [2/60] initialization mutation=random_initialization fitness=0.816400 population=[1, 2]
2026-08-31T11:10:22+00:00 [3/60] initialization mutation=random_initialization fitness=0.699200 population=[1, 2, 3]
2026-08-31T11:13:09+00:00 [4/60] initialization mutation=random_initialization fitness=0.767000 population=[1, 2, 3, 4]
2026-08-31T11:14:57+00:00 [5/60] initialization mutation=random_initialization fitness=0.767600 population=[1, 2, 3, 4, 5]
2026-08-31T11:17:19+00:00 [6/60] initialization mutation=random_initialization fitness=0.770400 population=[1, 2, 3, 4, 5, 6]
2026-08-31T11:19:31+00:00 [7/60] initialization mutation=random_initialization fitness=0.734600 population=[1, 2, 3, 4, 5, 6, 7]
2026-08-31T11:22:17+00:00 [8/60] initialization mutation=random_initialization fitness=0.730400 population=[1, 2, 3, 4, 5, 6, 7, 8]
2026-08-31T11:25:16+00:00 [9/60] initialization mutation=random_initialization fitness=0.758600 population=[1, 2, 3, 4, 5, 6, 7, 8, 9]
2026-08-31T11:28:11+00:00 [10/60] initialization mutation=random_initialization fitness=0.717600 population=[1, 2, 3, 4, 5, 6, 7, 8, 9, 10]
2026-08-31T11:30:28+00:00 [11/60] initialization mutation=random_initialization fitness=0.773200 population=[1, 2, 3, 4, 5, 6, 7, 8, 9, 10, 11]
2026-08-31T11:33:12+00:00 [12/60] initialization mutation=random_initialization fitness=0.767400 population=[1, 2, 3, 4, 5, 6, 7, 8, 9, 10, 11, 12]
2026-08-31T11:35:26+00:00 [13/60] initialization mutation=random_initialization fitness=0.804800 population=[1, 2, 3, 4, 5, 6, 7, 8, 9, 10, 11, 12, 13]
2026-08-31T11:37:42+00:00 [14/60] initialization mutation=random_initialization fitness=0.801800 population=[1, 2, 3, 4, 5, 6, 7, 8, 9, 10, 11, 12, 13, 14]
2026-08-31T11:39:39+00:00 [15/60] initialization mutation=random_initialization fitness=0.732600 population=[1, 2, 3, 4, 5, 6, 7, 8, 9, 10, 11, 12, 13, 14, 15]
2026-08-31T11:42:35+00:00 [16/60] initialization mutation=random_initialization fitness=0.714600 population=[1, 2, 3, 4, 5, 6, 7, 8, 9, 10, 11, 12, 13, 14, 15, 16]
2026-08-31T11:44:43+00:00 [17/60] initialization mutation=random_initialization fitness=0.734800 population=[1, 2, 3, 4, 5, 6, 7, 8, 9, 10, 11, 12, 13, 14, 15, 16, 17]
2026-08-31T11:47:24+00:00 [18/60] initialization mutation=random_initialization fitness=0.742000 population=[1, 2, 3, 4, 5, 6, 7, 8, 9, 10, 11, 12, 13, 14, 15, 16, 17, 18]
2026-08-31T11:50:29+00:00 [19/60] initialization mutation=random_initialization fitness=0.748800 population=[1, 2, 3, 4, 5, 6, 7, 8, 9, 10, 11, 12, 13, 14, 15, 16, 17, 18, 19]
2026-08-31T11:52:52+00:00 [20/60] initialization mutation=random_initialization fitness=0.748400 population=[1, 2, 3, 4, 5, 6, 7, 8, 9, 10, 11, 12, 13, 14, 15, 16, 17, 18, 19, 20]
2026-08-31T11:54:42+00:00 [21/60] evolution mutation=operation fitness=0.749600 population=[2, 3, 4, 5, 6, 7, 8, 9, 10, 11, 12, 13, 14, 15, 16, 17, 18, 19, 20, 21]
2026-08-31T11:56:52+00:00 [22/60] evolution mutation=operation fitness=0.797800 population=[3, 4, 5, 6, 7, 8, 9, 10, 11, 12, 13, 14, 15, 16, 17, 18, 19, 20, 21, 22]
2026-08-31T11:58:57+00:00 [23/60] evolution mutation=operation fitness=0.782200 population=[4, 5, 6, 7, 8, 9, 10, 11, 12, 13, 14, 15, 16, 17, 18, 19, 20, 21, 22, 23]
2026-08-31T12:01:03+00:00 [24/60] evolution mutation=operation fitness=0.797600 population=[5, 6, 7, 8, 9, 10, 11, 12, 13, 14, 15, 16, 17, 18, 19, 20, 21, 22, 23, 24]
2026-08-31T12:03:25+00:00 [25/60] evolution mutation=operation fitness=0.779200 population=[6, 7, 8, 9, 10, 11, 12, 13, 14, 15, 16, 17, 18, 19, 20, 21, 22, 23, 24, 25]
2026-08-31T12:05:39+00:00 [26/60] evolution mutation=hidden_state fitness=0.792200 population=[7, 8, 9, 10, 11, 12, 13, 14, 15, 16, 17, 18, 19, 20, 21, 22, 23, 24, 25, 26]
2026-08-31T12:07:44+00:00 [27/60] evolution mutation=operation fitness=0.809200 population=[8, 9, 10, 11, 12, 13, 14, 15, 16, 17, 18, 19, 20, 21, 22, 23, 24, 25, 26, 27]
2026-08-31T12:09:47+00:00 [28/60] evolution mutation=operation fitness=0.800800 population=[9, 10, 11, 12, 13, 14, 15, 16, 17, 18, 19, 20, 21, 22, 23, 24, 25, 26, 27, 28]
2026-08-31T12:11:50+00:00 [29/60] evolution mutation=hidden_state fitness=0.796000 population=[10, 11, 12, 13, 14, 15, 16, 17, 18, 19, 20, 21, 22, 23, 24, 25, 26, 27, 28, 29]
2026-08-31T12:13:54+00:00 [30/60] evolution mutation=hidden_state fitness=0.800400 population=[11, 12, 13, 14, 15, 16, 17, 18, 19, 20, 21, 22, 23, 24, 25, 26, 27, 28, 29, 30]
2026-08-31T12:15:59+00:00 [31/60] evolution mutation=operation fitness=0.796400 population=[12, 13, 14, 15, 16, 17, 18, 19, 20, 21, 22, 23, 24, 25, 26, 27, 28, 29, 30, 31]
2026-08-31T12:18:13+00:00 [32/60] evolution mutation=identity fitness=0.798000 population=[13, 14, 15, 16, 17, 18, 19, 20, 21, 22, 23, 24, 25, 26, 27, 28, 29, 30, 31, 32]
2026-08-31T12:20:26+00:00 [33/60] evolution mutation=operation fitness=0.776800 population=[14, 15, 16, 17, 18, 19, 20, 21, 22, 23, 24, 25, 26, 27, 28, 29, 30, 31, 32, 33]
2026-08-31T12:22:39+00:00 [34/60] evolution mutation=operation fitness=0.786000 population=[15, 16, 17, 18, 19, 20, 21, 22, 23, 24, 25, 26, 27, 28, 29, 30, 31, 32, 33, 34]
2026-08-31T12:24:50+00:00 [35/60] evolution mutation=operation fitness=0.759200 population=[16, 17, 18, 19, 20, 21, 22, 23, 24, 25, 26, 27, 28, 29, 30, 31, 32, 33, 34, 35]
2026-08-31T12:26:55+00:00 [36/60] evolution mutation=operation fitness=0.808400 population=[17, 18, 19, 20, 21, 22, 23, 24, 25, 26, 27, 28, 29, 30, 31, 32, 33, 34, 35, 36]
2026-08-31T12:29:06+00:00 [37/60] evolution mutation=hidden_state fitness=0.803400 population=[18, 19, 20, 21, 22, 23, 24, 25, 26, 27, 28, 29, 30, 31, 32, 33, 34, 35, 36, 37]
2026-08-31T12:31:11+00:00 [38/60] evolution mutation=identity fitness=0.811000 population=[19, 20, 21, 22, 23, 24, 25, 26, 27, 28, 29, 30, 31, 32, 33, 34, 35, 36, 37, 38]
2026-08-31T12:33:16+00:00 [39/60] evolution mutation=hidden_state fitness=0.816200 population=[20, 21, 22, 23, 24, 25, 26, 27, 28, 29, 30, 31, 32, 33, 34, 35, 36, 37, 38, 39]
2026-08-31T12:35:15+00:00 [40/60] evolution mutation=operation fitness=0.810000 population=[21, 22, 23, 24, 25, 26, 27, 28, 29, 30, 31, 32, 33, 34, 35, 36, 37, 38, 39, 40]
2026-08-31T12:37:17+00:00 [41/60] evolution mutation=operation fitness=0.795600 population=[22, 23, 24, 25, 26, 27, 28, 29, 30, 31, 32, 33, 34, 35, 36, 37, 38, 39, 40, 41]
2026-08-31T12:39:33+00:00 [42/60] evolution mutation=operation fitness=0.816000 population=[23, 24, 25, 26, 27, 28, 29, 30, 31, 32, 33, 34, 35, 36, 37, 38, 39, 40, 41, 42]
2026-08-31T12:41:38+00:00 [43/60] evolution mutation=identity fitness=0.794200 population=[24, 25, 26, 27, 28, 29, 30, 31, 32, 33, 34, 35, 36, 37, 38, 39, 40, 41, 42, 43]
2026-08-31T12:43:43+00:00 [44/60] evolution mutation=hidden_state fitness=0.811600 population=[25, 26, 27, 28, 29, 30, 31, 32, 33, 34, 35, 36, 37, 38, 39, 40, 41, 42, 43, 44]
2026-08-31T12:46:03+00:00 [45/60] evolution mutation=operation fitness=0.822600 population=[26, 27, 28, 29, 30, 31, 32, 33, 34, 35, 36, 37, 38, 39, 40, 41, 42, 43, 44, 45]
2026-08-31T12:48:07+00:00 [46/60] evolution mutation=hidden_state fitness=0.804200 population=[27, 28, 29, 30, 31, 32, 33, 34, 35, 36, 37, 38, 39, 40, 41, 42, 43, 44, 45, 46]
2026-08-31T12:50:09+00:00 [47/60] evolution mutation=hidden_state fitness=0.804600 population=[28, 29, 30, 31, 32, 33, 34, 35, 36, 37, 38, 39, 40, 41, 42, 43, 44, 45, 46, 47]
2026-08-31T12:52:06+00:00 [48/60] evolution mutation=hidden_state fitness=0.795600 population=[29, 30, 31, 32, 33, 34, 35, 36, 37, 38, 39, 40, 41, 42, 43, 44, 45, 46, 47, 48]
2026-08-31T12:54:10+00:00 [49/60] evolution mutation=hidden_state fitness=0.823600 population=[30, 31, 32, 33, 34, 35, 36, 37, 38, 39, 40, 41, 42, 43, 44, 45, 46, 47, 48, 49]
2026-08-31T12:56:29+00:00 [50/60] evolution mutation=hidden_state fitness=0.816600 population=[31, 32, 33, 34, 35, 36, 37, 38, 39, 40, 41, 42, 43, 44, 45, 46, 47, 48, 49, 50]
2026-08-31T12:58:42+00:00 [51/60] evolution mutation=operation fitness=0.810000 population=[32, 33, 34, 35, 36, 37, 38, 39, 40, 41, 42, 43, 44, 45, 46, 47, 48, 49, 50, 51]
2026-08-31T13:01:00+00:00 [52/60] evolution mutation=hidden_state fitness=0.812000 population=[33, 34, 35, 36, 37, 38, 39, 40, 41, 42, 43, 44, 45, 46, 47, 48, 49, 50, 51, 52]
2026-08-31T13:03:04+00:00 [53/60] evolution mutation=identity fitness=0.808200 population=[34, 35, 36, 37, 38, 39, 40, 41, 42, 43, 44, 45, 46, 47, 48, 49, 50, 51, 52, 53]
2026-08-31T13:04:52+00:00 [54/60] evolution mutation=operation fitness=0.807200 population=[35, 36, 37, 38, 39, 40, 41, 42, 43, 44, 45, 46, 47, 48, 49, 50, 51, 52, 53, 54]
2026-08-31T13:06:56+00:00 [55/60] evolution mutation=hidden_state fitness=0.813600 population=[36, 37, 38, 39, 40, 41, 42, 43, 44, 45, 46, 47, 48, 49, 50, 51, 52, 53, 54, 55]
2026-08-31T13:09:00+00:00 [56/60] evolution mutation=operation fitness=0.811800 population=[37, 38, 39, 40, 41, 42, 43, 44, 45, 46, 47, 48, 49, 50, 51, 52, 53, 54, 55, 56]
2026-08-31T13:11:20+00:00 [57/60] evolution mutation=operation fitness=0.812600 population=[38, 39, 40, 41, 42, 43, 44, 45, 46, 47, 48, 49, 50, 51, 52, 53, 54, 55, 56, 57]
2026-08-31T13:13:25+00:00 [58/60] evolution mutation=identity fitness=0.821200 population=[39, 40, 41, 42, 43, 44, 45, 46, 47, 48, 49, 50, 51, 52, 53, 54, 55, 56, 57, 58]
2026-08-31T13:15:38+00:00 [59/60] evolution mutation=hidden_state fitness=0.772600 population=[40, 41, 42, 43, 44, 45, 46, 47, 48, 49, 50, 51, 52, 53, 54, 55, 56, 57, 58, 59]
2026-08-31T13:17:45+00:00 [60/60] evolution mutation=operation fitness=0.819600 population=[41, 42, 43, 44, 45, 46, 47, 48, 49, 50, 51, 52, 53, 54, 55, 56, 57, 58, 59, 60]
2026-08-31T13:17:45+00:00 RE completed real_training_runs=60 best_fitness=0.823600
FORMAL START method=RE search_seed=1001 time=2026-08-31T11:02:31Z
START method=RE search_seed=1001 population_size=20 tournament_size=5 budget=60
[1/60] initialization mutation=random_initialization fitness=0.727800 population=[1]
[2/60] initialization mutation=random_initialization fitness=0.816400 population=[1, 2]
[3/60] initialization mutation=random_initialization fitness=0.699200 population=[1, 2, 3]
[4/60] initialization mutation=random_initialization fitness=0.767000 population=[1, 2, 3, 4]
[5/60] initialization mutation=random_initialization fitness=0.767600 population=[1, 2, 3, 4, 5]
[6/60] initialization mutation=random_initialization fitness=0.770400 population=[1, 2, 3, 4, 5, 6]
[7/60] initialization mutation=random_initialization fitness=0.734600 population=[1, 2, 3, 4, 5, 6, 7]
[8/60] initialization mutation=random_initialization fitness=0.730400 population=[1, 2, 3, 4, 5, 6, 7, 8]
[9/60] initialization mutation=random_initialization fitness=0.758600 population=[1, 2, 3, 4, 5, 6, 7, 8, 9]
[10/60] initialization mutation=random_initialization fitness=0.717600 population=[1, 2, 3, 4, 5, 6, 7, 8, 9, 10]
[11/60] initialization mutation=random_initialization fitness=0.773200 population=[1, 2, 3, 4, 5, 6, 7, 8, 9, 10, 11]
[12/60] initialization mutation=random_initialization fitness=0.767400 population=[1, 2, 3, 4, 5, 6, 7, 8, 9, 10, 11, 12]
[13/60] initialization mutation=random_initialization fitness=0.804800 population=[1, 2, 3, 4, 5, 6, 7, 8, 9, 10, 11, 12, 13]
[14/60] initialization mutation=random_initialization fitness=0.801800 population=[1, 2, 3, 4, 5, 6, 7, 8, 9, 10, 11, 12, 13, 14]
[15/60] initialization mutation=random_initialization fitness=0.732600 population=[1, 2, 3, 4, 5, 6, 7, 8, 9, 10, 11, 12, 13, 14, 15]
[16/60] initialization mutation=random_initialization fitness=0.714600 population=[1, 2, 3, 4, 5, 6, 7, 8, 9, 10, 11, 12, 13, 14, 15, 16]
[17/60] initialization mutation=random_initialization fitness=0.734800 population=[1, 2, 3, 4, 5, 6, 7, 8, 9, 10, 11, 12, 13, 14, 15, 16, 17]
[18/60] initialization mutation=random_initialization fitness=0.742000 population=[1, 2, 3, 4, 5, 6, 7, 8, 9, 10, 11, 12, 13, 14, 15, 16, 17, 18]
[19/60] initialization mutation=random_initialization fitness=0.748800 population=[1, 2, 3, 4, 5, 6, 7, 8, 9, 10, 11, 12, 13, 14, 15, 16, 17, 18, 19]
[20/60] initialization mutation=random_initialization fitness=0.748400 population=[1, 2, 3, 4, 5, 6, 7, 8, 9, 10, 11, 12, 13, 14, 15, 16, 17, 18, 19, 20]
[21/60] evolution mutation=operation fitness=0.749600 population=[2, 3, 4, 5, 6, 7, 8, 9, 10, 11, 12, 13, 14, 15, 16, 17, 18, 19, 20, 21]
[22/60] evolution mutation=operation fitness=0.797800 population=[3, 4, 5, 6, 7, 8, 9, 10, 11, 12, 13, 14, 15, 16, 17, 18, 19, 20, 21, 22]
[23/60] evolution mutation=operation fitness=0.782200 population=[4, 5, 6, 7, 8, 9, 10, 11, 12, 13, 14, 15, 16, 17, 18, 19, 20, 21, 22, 23]
[24/60] evolution mutation=operation fitness=0.797600 population=[5, 6, 7, 8, 9, 10, 11, 12, 13, 14, 15, 16, 17, 18, 19, 20, 21, 22, 23, 24]
[25/60] evolution mutation=operation fitness=0.779200 population=[6, 7, 8, 9, 10, 11, 12, 13, 14, 15, 16, 17, 18, 19, 20, 21, 22, 23, 24, 25]
[26/60] evolution mutation=hidden_state fitness=0.792200 population=[7, 8, 9, 10, 11, 12, 13, 14, 15, 16, 17, 18, 19, 20, 21, 22, 23, 24, 25, 26]
[27/60] evolution mutation=operation fitness=0.809200 population=[8, 9, 10, 11, 12, 13, 14, 15, 16, 17, 18, 19, 20, 21, 22, 23, 24, 25, 26, 27]
[28/60] evolution mutation=operation fitness=0.800800 population=[9, 10, 11, 12, 13, 14, 15, 16, 17, 18, 19, 20, 21, 22, 23, 24, 25, 26, 27, 28]
[29/60] evolution mutation=hidden_state fitness=0.796000 population=[10, 11, 12, 13, 14, 15, 16, 17, 18, 19, 20, 21, 22, 23, 24, 25, 26, 27, 28, 29]
[30/60] evolution mutation=hidden_state fitness=0.800400 population=[11, 12, 13, 14, 15, 16, 17, 18, 19, 20, 21, 22, 23, 24, 25, 26, 27, 28, 29, 30]
[31/60] evolution mutation=operation fitness=0.796400 population=[12, 13, 14, 15, 16, 17, 18, 19, 20, 21, 22, 23, 24, 25, 26, 27, 28, 29, 30, 31]
[32/60] evolution mutation=identity fitness=0.798000 population=[13, 14, 15, 16, 17, 18, 19, 20, 21, 22, 23, 24, 25, 26, 27, 28, 29, 30, 31, 32]
[33/60] evolution mutation=operation fitness=0.776800 population=[14, 15, 16, 17, 18, 19, 20, 21, 22, 23, 24, 25, 26, 27, 28, 29, 30, 31, 32, 33]
[34/60] evolution mutation=operation fitness=0.786000 population=[15, 16, 17, 18, 19, 20, 21, 22, 23, 24, 25, 26, 27, 28, 29, 30, 31, 32, 33, 34]
[35/60] evolution mutation=operation fitness=0.759200 population=[16, 17, 18, 19, 20, 21, 22, 23, 24, 25, 26, 27, 28, 29, 30, 31, 32, 33, 34, 35]
[36/60] evolution mutation=operation fitness=0.808400 population=[17, 18, 19, 20, 21, 22, 23, 24, 25, 26, 27, 28, 29, 30, 31, 32, 33, 34, 35, 36]
[37/60] evolution mutation=hidden_state fitness=0.803400 population=[18, 19, 20, 21, 22, 23, 24, 25, 26, 27, 28, 29, 30, 31, 32, 33, 34, 35, 36, 37]
[38/60] evolution mutation=identity fitness=0.811000 population=[19, 20, 21, 22, 23, 24, 25, 26, 27, 28, 29, 30, 31, 32, 33, 34, 35, 36, 37, 38]
[39/60] evolution mutation=hidden_state fitness=0.816200 population=[20, 21, 22, 23, 24, 25, 26, 27, 28, 29, 30, 31, 32, 33, 34, 35, 36, 37, 38, 39]
[40/60] evolution mutation=operation fitness=0.810000 population=[21, 22, 23, 24, 25, 26, 27, 28, 29, 30, 31, 32, 33, 34, 35, 36, 37, 38, 39, 40]
[41/60] evolution mutation=operation fitness=0.795600 population=[22, 23, 24, 25, 26, 27, 28, 29, 30, 31, 32, 33, 34, 35, 36, 37, 38, 39, 40, 41]
[42/60] evolution mutation=operation fitness=0.816000 population=[23, 24, 25, 26, 27, 28, 29, 30, 31, 32, 33, 34, 35, 36, 37, 38, 39, 40, 41, 42]
[43/60] evolution mutation=identity fitness=0.794200 population=[24, 25, 26, 27, 28, 29, 30, 31, 32, 33, 34, 35, 36, 37, 38, 39, 40, 41, 42, 43]
[44/60] evolution mutation=hidden_state fitness=0.811600 population=[25, 26, 27, 28, 29, 30, 31, 32, 33, 34, 35, 36, 37, 38, 39, 40, 41, 42, 43, 44]
[45/60] evolution mutation=operation fitness=0.822600 population=[26, 27, 28, 29, 30, 31, 32, 33, 34, 35, 36, 37, 38, 39, 40, 41, 42, 43, 44, 45]
[46/60] evolution mutation=hidden_state fitness=0.804200 population=[27, 28, 29, 30, 31, 32, 33, 34, 35, 36, 37, 38, 39, 40, 41, 42, 43, 44, 45, 46]
[47/60] evolution mutation=hidden_state fitness=0.804600 population=[28, 29, 30, 31, 32, 33, 34, 35, 36, 37, 38, 39, 40, 41, 42, 43, 44, 45, 46, 47]
[48/60] evolution mutation=hidden_state fitness=0.795600 population=[29, 30, 31, 32, 33, 34, 35, 36, 37, 38, 39, 40, 41, 42, 43, 44, 45, 46, 47, 48]
[49/60] evolution mutation=hidden_state fitness=0.823600 population=[30, 31, 32, 33, 34, 35, 36, 37, 38, 39, 40, 41, 42, 43, 44, 45, 46, 47, 48, 49]
[50/60] evolution mutation=hidden_state fitness=0.816600 population=[31, 32, 33, 34, 35, 36, 37, 38, 39, 40, 41, 42, 43, 44, 45, 46, 47, 48, 49, 50]
[51/60] evolution mutation=operation fitness=0.810000 population=[32, 33, 34, 35, 36, 37, 38, 39, 40, 41, 42, 43, 44, 45, 46, 47, 48, 49, 50, 51]
[52/60] evolution mutation=hidden_state fitness=0.812000 population=[33, 34, 35, 36, 37, 38, 39, 40, 41, 42, 43, 44, 45, 46, 47, 48, 49, 50, 51, 52]
[53/60] evolution mutation=identity fitness=0.808200 population=[34, 35, 36, 37, 38, 39, 40, 41, 42, 43, 44, 45, 46, 47, 48, 49, 50, 51, 52, 53]
[54/60] evolution mutation=operation fitness=0.807200 population=[35, 36, 37, 38, 39, 40, 41, 42, 43, 44, 45, 46, 47, 48, 49, 50, 51, 52, 53, 54]
[55/60] evolution mutation=hidden_state fitness=0.813600 population=[36, 37, 38, 39, 40, 41, 42, 43, 44, 45, 46, 47, 48, 49, 50, 51, 52, 53, 54, 55]
[56/60] evolution mutation=operation fitness=0.811800 population=[37, 38, 39, 40, 41, 42, 43, 44, 45, 46, 47, 48, 49, 50, 51, 52, 53, 54, 55, 56]
[57/60] evolution mutation=operation fitness=0.812600 population=[38, 39, 40, 41, 42, 43, 44, 45, 46, 47, 48, 49, 50, 51, 52, 53, 54, 55, 56, 57]
[58/60] evolution mutation=identity fitness=0.821200 population=[39, 40, 41, 42, 43, 44, 45, 46, 47, 48, 49, 50, 51, 52, 53, 54, 55, 56, 57, 58]
[59/60] evolution mutation=hidden_state fitness=0.772600 population=[40, 41, 42, 43, 44, 45, 46, 47, 48, 49, 50, 51, 52, 53, 54, 55, 56, 57, 58, 59]
[60/60] evolution mutation=operation fitness=0.819600 population=[41, 42, 43, 44, 45, 46, 47, 48, 49, 50, 51, 52, 53, 54, 55, 56, 57, 58, 59, 60]
RE completed real_training_runs=60 best_fitness=0.823600
output directory: experiments\formal\re_1001
evaluations: 60
best fitness: 0.823600
evaluations CSV: experiments\formal\re_1001\evaluations.csv
history JSON: experiments\formal\re_1001\history.json
FORMAL END method=RE search_seed=1001 exit_code=0 time=2026-08-31T13:17:46Z
